Archive member included to satisfy reference by file (symbol)

Generated_Source\PSoC6\pdl\middleware\ble\lib\cy_ble_stack_gcc_controller_ipc_cm0p.a(CyBleStackMgrIP_Interface.o)
                              .\CortexM0p\ARM_GCC_541\Debug\cy_ble.o (Cy_BLE_EnableDleFeature)
Generated_Source\PSoC6\pdl\middleware\ble\lib\cy_ble_stack_gcc_controller_ipc_cm0p.a(CyBleStackMgr_PSoCHal.o)
                              Generated_Source\PSoC6\pdl\middleware\ble\lib\cy_ble_stack_gcc_controller_ipc_cm0p.a(CyBleStackMgrIP_Interface.o) (bt_config)
Generated_Source\PSoC6\pdl\middleware\ble\lib\cy_ble_stack_gcc_controller_ipc_cm0p.a(CyBleStackMgr_BleSSDriver.o)
                              Generated_Source\PSoC6\pdl\middleware\ble\lib\cy_ble_stack_gcc_controller_ipc_cm0p.a(CyBleStackMgrIP_Interface.o) (CyBleStackMgr_BleSSInit)
Generated_Source\PSoC6\pdl\middleware\ble\lib\cy_ble_stack_gcc_controller_ipc_cm0p.a(CyBleStackMgr_StackTaskHandler.o)
                              Generated_Source\PSoC6\pdl\middleware\ble\lib\cy_ble_stack_gcc_controller_ipc_cm0p.a(CyBleStackMgrIP_Interface.o) (CyBle_CreateBleStackTask)
Generated_Source\PSoC6\pdl\middleware\ble\lib\cy_ble_stack_gcc_controller_ipc_cm0p.a(config_bin.o)
                              Generated_Source\PSoC6\pdl\middleware\ble\lib\cy_ble_stack_gcc_controller_ipc_cm0p.a(CyBleStackMgr_PSoCHal.o) (bt_cfg_pdata)
Generated_Source\PSoC6\pdl\middleware\ble\lib\cy_ble_stack_gcc_controller_ipc_cm0p.a(BT_timer.o)
                              Generated_Source\PSoC6\pdl\middleware\ble\lib\cy_ble_stack_gcc_controller_ipc_cm0p.a(CyBleStackMgr_StackTaskHandler.o) (BT_timer_process_signals)
Generated_Source\PSoC6\pdl\middleware\ble\lib\cy_ble_stack_gcc_controller_ipc_cm0p.a(bt_os_common.o)
                              Generated_Source\PSoC6\pdl\middleware\ble\lib\cy_ble_stack_gcc_controller_ipc_cm0p.a(CyBleStackMgr_StackTaskHandler.o) (BT_ISROSQPost)
Generated_Source\PSoC6\pdl\middleware\ble\lib\cy_ble_stack_gcc_controller_ipc_cm0p.a(CyBleStackMgrIP_Pilo.o)
                              Generated_Source\PSoC6\pdl\middleware\ble\lib\cy_ble_stack_gcc_controller_ipc_cm0p.a(CyBleStackMgrIP_Interface.o) (CyPilo_InitCalibration)
Generated_Source\PSoC6\pdl\middleware\ble\lib\cy_ble_stack_gcc_controller_ipc_cm0p.a(mint_os.o)
                              Generated_Source\PSoC6\pdl\middleware\ble\lib\cy_ble_stack_gcc_controller_ipc_cm0p.a(CyBleStackMgrIP_Interface.o) (OS_init)
Generated_Source\PSoC6\pdl\middleware\ble\lib\cy_ble_stack_gcc_controller_ipc_cm0p.a(mint_os_queue.o)
                              Generated_Source\PSoC6\pdl\middleware\ble\lib\cy_ble_stack_gcc_controller_ipc_cm0p.a(mint_os.o) (OS_TOTAL_QUEUES)
Generated_Source\PSoC6\pdl\middleware\ble\lib\cy_ble_stack_gcc_controller_ipc_cm0p.a(mint_os_task.o)
                              Generated_Source\PSoC6\pdl\middleware\ble\lib\cy_ble_stack_gcc_controller_ipc_cm0p.a(mint_os.o) (idle_func_handler)
Generated_Source\PSoC6\pdl\middleware\ble\lib\cy_ble_stack_gcc_controller_ipc_cm0p.a(mint_buf_mgmt.o)
                              Generated_Source\PSoC6\pdl\middleware\ble\lib\cy_ble_stack_gcc_controller_ipc_cm0p.a(CyBleStackMgrIP_Interface.o) (mint_buf_mgmt_init)
Generated_Source\PSoC6\pdl\middleware\ble\lib\cy_ble_stack_gcc_controller_ipc_cm0p.a(transport_ipc.o)
                              Generated_Source\PSoC6\pdl\middleware\ble\lib\cy_ble_stack_gcc_controller_ipc_cm0p.a(CyBleStackMgr_PSoCHal.o) (CyBleController_HciIpcInit)
Generated_Source\PSoC6\pdl\middleware\ble\lib\cy_ble_stack_gcc_controller_ipc_cm0p.a(CyBleStackMgr_PSoCIPCHal.o)
                              Generated_Source\PSoC6\pdl\middleware\ble\lib\cy_ble_stack_gcc_controller_ipc_cm0p.a(CyBleStackMgrIP_Interface.o) (CyBleController_IPC_HAL_InitWithStaticMem)
Generated_Source\PSoC6\pdl\middleware\ble\lib\cy_ble_stack_gcc_controller_ipc_cm0p.a(CyBleControllerIP_Interface.o)
                              Generated_Source\PSoC6\pdl\middleware\ble\lib\cy_ble_stack_gcc_controller_ipc_cm0p.a(CyBleStackMgrIP_Interface.o) (CyBle_ControllerEnableDleFeature)
Generated_Source\PSoC6\pdl\middleware\ble\lib\cy_ble_stack_gcc_controller_ipc_cm0p.a(ll.o)
                              Generated_Source\PSoC6\pdl\middleware\ble\lib\cy_ble_stack_gcc_controller_ipc_cm0p.a(CyBleControllerIP_Interface.o) (ll_self_device_data)
Generated_Source\PSoC6\pdl\middleware\ble\lib\cy_ble_stack_gcc_controller_ipc_cm0p.a(ll_advertiser.o)
                              Generated_Source\PSoC6\pdl\middleware\ble\lib\cy_ble_stack_gcc_controller_ipc_cm0p.a(ll.o) (ll_adv_is_configured_connection_adv)
Generated_Source\PSoC6\pdl\middleware\ble\lib\cy_ble_stack_gcc_controller_ipc_cm0p.a(ll_connection.o)
                              Generated_Source\PSoC6\pdl\middleware\ble\lib\cy_ble_stack_gcc_controller_ipc_cm0p.a(ll.o) (bleSlDsmFix)
Generated_Source\PSoC6\pdl\middleware\ble\lib\cy_ble_stack_gcc_controller_ipc_cm0p.a(llh_api.o)
[...]
Memory Configuration

Name             Origin             Length             Attributes
ram              0x08000000         0x00024000         xrw
flash            0x10000000         0x00080000         xr
em_eeprom        0x14000000         0x00008000         xr
sflash_user_data 0x16000800         0x00000800         xr
sflash_nar       0x16001a00         0x00000200         xr
sflash_public_key 0x16005a00         0x00000c00         xr
sflash_toc_2     0x16007c00         0x00000200         xr
sflash_rtoc_2    0x16007e00         0x00000200         xr
xip              0x18000000         0x08000000         xr
efuse            0x90700000         0x00100000         r
*default*        0x00000000         0xffffffff

Linker script and memory map

LOAD d:/psoc_jingyi/psoc creator/4.4/psoc creator/import/gnu/arm/5.4.1/bin/../lib/gcc/arm-none-eabi/5.4.1/armv6-m/crti.o
LOAD d:/psoc_jingyi/psoc creator/4.4/psoc creator/import/gnu/arm/5.4.1/bin/../lib/gcc/arm-none-eabi/5.4.1/armv6-m/crtbegin.o
LOAD d:/psoc_jingyi/psoc creator/4.4/psoc creator/import/gnu/arm/5.4.1/bin/../lib/gcc/arm-none-eabi/5.4.1/../../../../arm-none-eabi/lib/armv6-m/crt0.o
START GROUP
LOAD Generated_Source\PSoC6\pdl\middleware\ble\lib\cy_ble_stack_gcc_radio_max_cm0p.a
LOAD Generated_Source\PSoC6\pdl\middleware\ble\lib\cy_ble_stack_gcc_controller_ipc_cm0p.a
LOAD .\CortexM0p\ARM_GCC_541\Debug\startup_psoc6_01_cm0plus.o
LOAD .\CortexM0p\ARM_GCC_541\Debug\main_cm0p.o
LOAD .\CortexM0p\ARM_GCC_541\Debug\system_psoc6_cm0plus.o
LOAD .\CortexM0p\ARM_GCC_541\Debug\cyfitter_sysint_cfg.o
LOAD .\CortexM0p\ARM_GCC_541\Debug\cyfitter_cfg.o
LOAD .\CortexM0p\ARM_GCC_541\Debug\cymetadata.o
LOAD .\CortexM0p\ARM_GCC_541\Debug\cy_efuse.o
LOAD .\CortexM0p\ARM_GCC_541\Debug\cy_flash.o
LOAD .\CortexM0p\ARM_GCC_541\Debug\cy_gpio.o
LOAD .\CortexM0p\ARM_GCC_541\Debug\cy_ipc_drv.o
LOAD .\CortexM0p\ARM_GCC_541\Debug\cy_ipc_sema.o
LOAD .\CortexM0p\ARM_GCC_541\Debug\cy_ipc_pipe.o
LOAD .\CortexM0p\ARM_GCC_541\Debug\cy_lvd.o
LOAD .\CortexM0p\ARM_GCC_541\Debug\cy_profile.o
LOAD .\CortexM0p\ARM_GCC_541\Debug\cy_prot.o
LOAD .\CortexM0p\ARM_GCC_541\Debug\cy_sysanalog.o
LOAD .\CortexM0p\ARM_GCC_541\Debug\cy_sysclk.o
LOAD .\CortexM0p\ARM_GCC_541\Debug\cy_sysint.o
LOAD .\CortexM0p\ARM_GCC_541\Debug\cy_syslib.o
LOAD .\CortexM0p\ARM_GCC_541\Debug\cy_syslib_gcc.o
LOAD .\CortexM0p\ARM_GCC_541\Debug\cy_syspm.o
LOAD .\CortexM0p\ARM_GCC_541\Debug\cy_systick.o
LOAD .\CortexM0p\ARM_GCC_541\Debug\cy_trigmux.o
LOAD .\CortexM0p\ARM_GCC_541\Debug\cy_wdt.o
LOAD .\CortexM0p\ARM_GCC_541\Debug\cy_device.o
LOAD .\CortexM0p\ARM_GCC_541\Debug\cy_scb_common.o
LOAD .\CortexM0p\ARM_GCC_541\Debug\cy_scb_i2c.o
LOAD .\CortexM0p\ARM_GCC_541\Debug\cy_scb_ezi2c.o
LOAD .\CortexM0p\ARM_GCC_541\Debug\cy_scb_spi.o
LOAD .\CortexM0p\ARM_GCC_541\Debug\cy_scb_uart.o
LOAD .\CortexM0p\ARM_GCC_541\Debug\cy_tcpwm_counter.o
LOAD .\CortexM0p\ARM_GCC_541\Debug\cy_tcpwm_pwm.o
LOAD .\CortexM0p\ARM_GCC_541\Debug\cy_tcpwm_quaddec.o
LOAD .\CortexM0p\ARM_GCC_541\Debug\cy_ble_clk.o
LOAD .\CortexM0p\ARM_GCC_541\Debug\cy_ble.o
LOAD .\CortexM0p\ARM_GCC_541\Debug\cy_ble_hal_int.o
LOAD .\CortexM0p\ARM_GCC_541\Debug\cy_ble_hal_pvt.o
LOAD .\CortexM0p\ARM_GCC_541\Debug\cy_ble_gap.o
LOAD .\CortexM0p\ARM_GCC_541\Debug\cy_ble_gatt.o
LOAD .\CortexM0p\ARM_GCC_541\Debug\cy_ble_event_handler.o
LOAD .\CortexM0p\ARM_GCC_541\Debug\cy_ble_ancs.o
LOAD .\CortexM0p\ARM_GCC_541\Debug\cy_ble_ans.o
LOAD .\CortexM0p\ARM_GCC_541\Debug\cy_ble_aios.o
LOAD .\CortexM0p\ARM_GCC_541\Debug\cy_ble_bas.o
LOAD .\CortexM0p\ARM_GCC_541\Debug\cy_ble_bcs.o
LOAD .\CortexM0p\ARM_GCC_541\Debug\cy_ble_bls.o
LOAD .\CortexM0p\ARM_GCC_541\Debug\cy_ble_bms.o
LOAD .\CortexM0p\ARM_GCC_541\Debug\cy_ble_bts.o
LOAD .\CortexM0p\ARM_GCC_541\Debug\cy_ble_cgms.o
LOAD .\CortexM0p\ARM_GCC_541\Debug\cy_ble_cps.o
LOAD .\CortexM0p\ARM_GCC_541\Debug\cy_ble_cscs.o
LOAD .\CortexM0p\ARM_GCC_541\Debug\cy_ble_cts.o
LOAD .\CortexM0p\ARM_GCC_541\Debug\cy_ble_custom.o
LOAD .\CortexM0p\ARM_GCC_541\Debug\cy_ble_dis.o
LOAD .\CortexM0p\ARM_GCC_541\Debug\cy_ble_ess.o
LOAD .\CortexM0p\ARM_GCC_541\Debug\cy_ble_gls.o
LOAD .\CortexM0p\ARM_GCC_541\Debug\cy_ble_hids.o
LOAD .\CortexM0p\ARM_GCC_541\Debug\cy_ble_hps.o
LOAD .\CortexM0p\ARM_GCC_541\Debug\cy_ble_hrs.o
LOAD .\CortexM0p\ARM_GCC_541\Debug\cy_ble_hts.o
LOAD .\CortexM0p\ARM_GCC_541\Debug\cy_ble_ias.o
LOAD .\CortexM0p\ARM_GCC_541\Debug\cy_ble_ips.o
LOAD .\CortexM0p\ARM_GCC_541\Debug\cy_ble_lls.o
LOAD .\CortexM0p\ARM_GCC_541\Debug\cy_ble_lns.o
LOAD .\CortexM0p\ARM_GCC_541\Debug\cy_ble_ndcs.o
LOAD .\CortexM0p\ARM_GCC_541\Debug\cy_ble_plxs.o
LOAD .\CortexM0p\ARM_GCC_541\Debug\cy_ble_pass.o
LOAD .\CortexM0p\ARM_GCC_541\Debug\cy_ble_rscs.o
LOAD .\CortexM0p\ARM_GCC_541\Debug\cy_ble_rtus.o
LOAD .\CortexM0p\ARM_GCC_541\Debug\cy_ble_scps.o
LOAD .\CortexM0p\ARM_GCC_541\Debug\cy_ble_tps.o
LOAD .\CortexM0p\ARM_GCC_541\Debug\cy_ble_uds.o
LOAD .\CortexM0p\ARM_GCC_541\Debug\cy_ble_wpts.o
LOAD .\CortexM0p\ARM_GCC_541\Debug\cy_ble_wss.o
LOAD .\CortexM0p\ARM_GCC_541\Debug\Timer.o
LOAD .\CortexM0p\ARM_GCC_541\Debug\Uart_Printf.o
LOAD .\CortexM0p\ARM_GCC_541\Debug\I2C_BUS.o
LOAD .\CortexM0p\ARM_GCC_541\Debug\BLE.o
LOAD .\CortexM0p\ARM_GCC_541\Debug\BLE_config.o
LOAD .\CortexM0p\ARM_GCC_541\Debug\BLE_custom_config.o
LOAD .\CortexM0p\ARM_GCC_541\Debug\BLE_bas_config.o
LOAD .\CortexM0p\ARM_GCC_541\Debug\BLE_dis_config.o
LOAD .\CortexM0p\ARM_GCC_541\Debug\BLE_hrs_config.o
END GROUP
START GROUP
LOAD d:/psoc_jingyi/psoc creator/4.4/psoc creator/import/gnu/arm/5.4.1/bin/../lib/gcc/arm-none-eabi/5.4.1/armv6-m\libgcc.a
LOAD d:/psoc_jingyi/psoc creator/4.4/psoc creator/import/gnu/arm/5.4.1/bin/../lib/gcc/arm-none-eabi/5.4.1/../../../../arm-none-eabi/lib/armv6-m\libg_nano.a
LOAD d:/psoc_jingyi/psoc creator/4.4/psoc creator/import/gnu/arm/5.4.1/bin/../lib/gcc/arm-none-eabi/5.4.1/../../../../arm-none-eabi/lib/armv6-m\libc_nano.a
END GROUP
START GROUP
LOAD d:/psoc_jingyi/psoc creator/4.4/psoc creator/import/gnu/arm/5.4.1/bin/../lib/gcc/arm-none-eabi/5.4.1/armv6-m\libgcc.a
LOAD d:/psoc_jingyi/psoc creator/4.4/psoc creator/import/gnu/arm/5.4.1/bin/../lib/gcc/arm-none-eabi/5.4.1/../../../../arm-none-eabi/lib/armv6-m\libc_nano.a
END GROUP
LOAD d:/psoc_jingyi/psoc creator/4.4/psoc creator/import/gnu/arm/5.4.1/bin/../lib/gcc/arm-none-eabi/5.4.1/armv6-m/crtend.o
LOAD d:/psoc_jingyi/psoc creator/4.4/psoc creator/import/gnu/arm/5.4.1/bin/../lib/gcc/arm-none-eabi/5.4.1/armv6-m/crtn.o
START GROUP
LOAD d:/psoc_jingyi/psoc creator/4.4/psoc creator/import/gnu/arm/5.4.1/bin/../lib/gcc/arm-none-eabi/5.4.1/armv6-m\libgcc.a
LOAD d:/psoc_jingyi/psoc creator/4.4/psoc creator/import/gnu/arm/5.4.1/bin/../lib/gcc/arm-none-eabi/5.4.1/../../../../arm-none-eabi/lib/armv6-m\libc.a
LOAD d:/psoc_jingyi/psoc creator/4.4/psoc creator/import/gnu/arm/5.4.1/bin/../lib/gcc/arm-none-eabi/5.4.1/../../../../arm-none-eabi/lib/armv6-m\libnosys.a
END GROUP
START GROUP
LOAD d:/psoc_jingyi/psoc creator/4.4/psoc creator/import/gnu/arm/5.4.1/bin/../lib/gcc/arm-none-eabi/5.4.1/armv6-m\libgcc.a
LOAD d:/psoc_jingyi/psoc creator/4.4/psoc creator/import/gnu/arm/5.4.1/bin/../lib/gcc/arm-none-eabi/5.4.1/../../../../arm-none-eabi/lib/armv6-m\libc.a
LOAD d:/psoc_jingyi/psoc creator/4.4/psoc creator/import/gnu/arm/5.4.1/bin/../lib/gcc/arm-none-eabi/5.4.1/../../../../arm-none-eabi/lib/armv6-m\libm.a
LOAD d:/psoc_jingyi/psoc creator/4.4/psoc creator/import/gnu/arm/5.4.1/bin/../lib/gcc/arm-none-eabi/5.4.1/../../../../arm-none-eabi/lib/armv6-m\libnosys.a
END GROUP

.cy_app_header
 *(.cy_app_header)

.text           0x10000000     0x6220
                0x10000000                . = ALIGN (0x4)
                0x10000000                __Vectors = .
 *(.vectors)
 .vectors       0x10000000       0xc0 .\CortexM0p\ARM_GCC_541\Debug\startup_psoc6_01_cm0plus.o
                0x100000c0                . = ALIGN (0x4)
                0x100000c0                __Vectors_End = .
                0x000000c0                __Vectors_Size = (__Vectors_End - __Vectors)
                0x100000c0                __end__ = .
                0x100000c0                . = ALIGN (0x4)
 *(.text*)
 .text          0x100000c0       0x60 d:/psoc_jingyi/psoc creator/4.4/psoc creator/import/gnu/arm/5.4.1/bin/../lib/gcc/arm-none-eabi/5.4.1/armv6-m/crtbegin.o
 .text          0x10000120       0x80 .\CortexM0p\ARM_GCC_541\Debug\startup_psoc6_01_cm0plus.o
                0x10000120                Cy_OnResetUser
                0x10000122                Reset_Handler
                0x10000180                NvicMux10_IRQHandler
                0x10000180                NvicMux26_IRQHandler
                0x10000180                SysTick_Handler
                0x10000180                NvicMux21_IRQHandler
                0x10000180                NMI_Handler
                0x10000180                NvicMux19_IRQHandler
                0x10000180                NvicMux8_IRQHandler
                0x10000180                NvicMux27_IRQHandler
                0x10000180                PendSV_Handler
                0x10000180                NvicMux17_IRQHandler
                0x10000180                NvicMux0_IRQHandler
                0x10000180                NvicMux25_IRQHandler
                0x10000180                NvicMux13_IRQHandler
                0x10000180                NvicMux11_IRQHandler
                0x10000180                NvicMux9_IRQHandler
                0x10000180                NvicMux18_IRQHandler
                0x10000180                NvicMux6_IRQHandler
                0x10000180                NvicMux22_IRQHandler
                0x10000180                NvicMux7_IRQHandler
                0x10000180                NvicMux2_IRQHandler
                0x10000180                NvicMux4_IRQHandler
                0x10000180                Default_Handler
                0x10000180                NvicMux30_IRQHandler
                0x10000180                NvicMux12_IRQHandler
                0x10000180                NvicMux5_IRQHandler
                0x10000180                NvicMux14_IRQHandler
                0x10000180                NvicMux3_IRQHandler
                0x10000180                SVC_Handler
                0x10000180                NvicMux1_IRQHandler
                0x10000180                NvicMux16_IRQHandler
                0x10000180                NvicMux29_IRQHandler
                0x10000180                NvicMux31_IRQHandler
                0x10000180                NvicMux24_IRQHandler
                0x10000180                NvicMux20_IRQHandler
                0x10000180                NvicMux15_IRQHandler
                0x10000180                NvicMux28_IRQHandler
                0x10000180                NvicMux23_IRQHandler
                0x10000184                HardFault_Handler
 .text.main     0x100001a0       0x1c .\CortexM0p\ARM_GCC_541\Debug\main_cm0p.o
                0x100001a0                main
 .text.Cy_SysIpcPipeIsrCm0
                0x100001bc        0xc .\CortexM0p\ARM_GCC_541\Debug\system_psoc6_cm0plus.o
                0x100001bc                Cy_SysIpcPipeIsrCm0
 .text.SystemCoreClockUpdate
                0x100001c8      0x1b0 .\CortexM0p\ARM_GCC_541\Debug\system_psoc6_cm0plus.o
                0x100001c8                SystemCoreClockUpdate
 .text.SystemInit
                0x10000378       0xc8 .\CortexM0p\ARM_GCC_541\Debug\system_psoc6_cm0plus.o
                0x10000378                SystemInit
 .text.Cy_SysGetCM4Status
                0x10000440       0x10 .\CortexM0p\ARM_GCC_541\Debug\system_psoc6_cm0plus.o
                0x10000440                Cy_SysGetCM4Status
 .text.Cy_SysResetCM4
                0x10000450       0x34 .\CortexM0p\ARM_GCC_541\Debug\system_psoc6_cm0plus.o
                0x10000450                Cy_SysResetCM4
 .text.Cy_SysEnableCM4
                0x10000484       0x5c .\CortexM0p\ARM_GCC_541\Debug\system_psoc6_cm0plus.o
                0x10000484                Cy_SysEnableCM4
 .text.CyClockStartupError
                0x100004e0        0x4 .\CortexM0p\ARM_GCC_541\Debug\cyfitter_cfg.o
 .text.AnalogSetDefault
                0x100004e4       0x10 .\CortexM0p\ARM_GCC_541\Debug\cyfitter_cfg.o
 .text.ClockInit
                0x100004f4      0x2fc .\CortexM0p\ARM_GCC_541\Debug\cyfitter_cfg.o
 .text.Cy_SystemInit
                0x100007f0      0x12c .\CortexM0p\ARM_GCC_541\Debug\cyfitter_cfg.o
                0x100007f0                Cy_SystemInit
 .text.Cy_Flash_BoundsCheck
                0x1000091c        0xc .\CortexM0p\ARM_GCC_541\Debug\cy_flash.o
 .text.Cy_Flash_ProcessOpcode
                0x10000928       0xbc .\CortexM0p\ARM_GCC_541\Debug\cy_flash.o
 .text.Cy_Flash_OperationStatus
                0x100009e4       0x5c .\CortexM0p\ARM_GCC_541\Debug\cy_flash.o
 .text.Cy_Flash_InitExt
                0x10000a40       0x44 .\CortexM0p\ARM_GCC_541\Debug\cy_flash.o
                0x10000a40                Cy_Flash_InitExt
 .text.Cy_Flash_Init
                0x10000a84       0x10 .\CortexM0p\ARM_GCC_541\Debug\cy_flash.o
                0x10000a84                Cy_Flash_Init
 .text.Cy_Flash_WriteRow
                0x10000a94       0xa0 .\CortexM0p\ARM_GCC_541\Debug\cy_flash.o
                0x10000a94                Cy_Flash_WriteRow
 .text.Cy_Flash_IsOperationComplete
                0x10000b34        0x8 .\CortexM0p\ARM_GCC_541\Debug\cy_flash.o
                0x10000b34                Cy_Flash_IsOperationComplete
 .text.Cy_Flash_StartErase
                0x10000b3c       0xac .\CortexM0p\ARM_GCC_541\Debug\cy_flash.o
                0x10000b3c                Cy_Flash_StartErase
 .text.Cy_Flash_StartProgram
                0x10000be8       0xb4 .\CortexM0p\ARM_GCC_541\Debug\cy_flash.o
                0x10000be8                Cy_Flash_StartProgram
 .text.Cy_GPIO_Pin_Init
                0x10000c9c      0x334 .\CortexM0p\ARM_GCC_541\Debug\cy_gpio.o
                0x10000c9c                Cy_GPIO_Pin_Init
 .text.Cy_GPIO_Port_Init
                0x10000fd0       0xdc .\CortexM0p\ARM_GCC_541\Debug\cy_gpio.o
                0x10000fd0                Cy_GPIO_Port_Init
 .text.Cy_IPC_Drv_LockRelease
                0x100010ac       0x40 .\CortexM0p\ARM_GCC_541\Debug\cy_ipc_drv.o
                0x100010ac                Cy_IPC_Drv_LockRelease
 .text.Cy_IPC_Drv_SendMsgWord
                0x100010ec       0x40 .\CortexM0p\ARM_GCC_541\Debug\cy_ipc_drv.o
                0x100010ec                Cy_IPC_Drv_SendMsgWord
 .text.Cy_IPC_Drv_ReadMsgWord
                0x1000112c       0x38 .\CortexM0p\ARM_GCC_541\Debug\cy_ipc_drv.o
                0x1000112c                Cy_IPC_Drv_ReadMsgWord
 .text.Cy_IPC_Sema_InitExt
                0x10001164       0xac .\CortexM0p\ARM_GCC_541\Debug\cy_ipc_sema.o
                0x10001164                Cy_IPC_Sema_InitExt
 .text.Cy_IPC_Sema_Init
                0x10001210       0x68 .\CortexM0p\ARM_GCC_541\Debug\cy_ipc_sema.o
                0x10001210                Cy_IPC_Sema_Init
 .text.Cy_IPC_Sema_Set
                0x10001278       0x8c .\CortexM0p\ARM_GCC_541\Debug\cy_ipc_sema.o
                0x10001278                Cy_IPC_Sema_Set
 .text.Cy_IPC_Sema_Clear
                0x10001304       0x8c .\CortexM0p\ARM_GCC_541\Debug\cy_ipc_sema.o
                0x10001304                Cy_IPC_Sema_Clear
 .text.Cy_IPC_Sema_Status
                0x10001390       0x3c .\CortexM0p\ARM_GCC_541\Debug\cy_ipc_sema.o
                0x10001390                Cy_IPC_Sema_Status
 .text.Cy_IPC_Pipe_Config
                0x100013cc       0x14 .\CortexM0p\ARM_GCC_541\Debug\cy_ipc_pipe.o
                0x100013cc                Cy_IPC_Pipe_Config
 .text.Cy_IPC_Pipe_EndpointInit
                0x100013e0       0xd8 .\CortexM0p\ARM_GCC_541\Debug\cy_ipc_pipe.o
                0x100013e0                Cy_IPC_Pipe_EndpointInit
 .text.Cy_IPC_Pipe_Init
                0x100014b8       0xbc .\CortexM0p\ARM_GCC_541\Debug\cy_ipc_pipe.o
                0x100014b8                Cy_IPC_Pipe_Init
 .text.Cy_IPC_Pipe_SendMessage
                0x10001574       0xb8 .\CortexM0p\ARM_GCC_541\Debug\cy_ipc_pipe.o
                0x10001574                Cy_IPC_Pipe_SendMessage
 .text.Cy_IPC_Pipe_RegisterCallback
                0x1000162c       0x54 .\CortexM0p\ARM_GCC_541\Debug\cy_ipc_pipe.o
                0x1000162c                Cy_IPC_Pipe_RegisterCallback
 .text.Cy_IPC_Pipe_RegisterCallbackRel
                0x10001680       0x30 .\CortexM0p\ARM_GCC_541\Debug\cy_ipc_pipe.o
                0x10001680                Cy_IPC_Pipe_RegisterCallbackRel
 .text.Cy_IPC_Pipe_ExecCallback
                0x100016b0       0xd0 .\CortexM0p\ARM_GCC_541\Debug\cy_ipc_pipe.o
                0x100016b0                Cy_IPC_Pipe_ExecCallback
 .text.Cy_IPC_Pipe_ExecuteCallback
                0x10001780       0x30 .\CortexM0p\ARM_GCC_541\Debug\cy_ipc_pipe.o
                0x10001780                Cy_IPC_Pipe_ExecuteCallback
 .text.Cy_IPC_Pipe_EndpointPause
                0x100017b0       0x50 .\CortexM0p\ARM_GCC_541\Debug\cy_ipc_pipe.o
                0x100017b0                Cy_IPC_Pipe_EndpointPause
 .text.Cy_IPC_Pipe_EndpointResume
                0x10001800       0x48 .\CortexM0p\ARM_GCC_541\Debug\cy_ipc_pipe.o
                0x10001800                Cy_IPC_Pipe_EndpointResume
 .text.Cy_Prot_GetActivePC
                0x10001848       0x34 .\CortexM0p\ARM_GCC_541\Debug\cy_prot.o
                0x10001848                Cy_Prot_GetActivePC
 .text.Cy_SysClk_ClkPathSetSource
                0x1000187c       0x5c .\CortexM0p\ARM_GCC_541\Debug\cy_sysclk.o
                0x1000187c                Cy_SysClk_ClkPathSetSource
 .text.Cy_SysClk_ClkPathGetSource
                0x100018d8       0x4c .\CortexM0p\ARM_GCC_541\Debug\cy_sysclk.o
                0x100018d8                Cy_SysClk_ClkPathGetSource
 .text.Cy_SysClk_FllManualConfigure
                0x10001924      0x178 .\CortexM0p\ARM_GCC_541\Debug\cy_sysclk.o
                0x10001924                Cy_SysClk_FllManualConfigure
 .text.Cy_SysClk_FllEnable
                0x10001a9c       0xdc .\CortexM0p\ARM_GCC_541\Debug\cy_sysclk.o
                0x10001a9c                Cy_SysClk_FllEnable
 .text.Cy_SysClk_StartClkMeasurementCounters
                0x10001b78      0x19c .\CortexM0p\ARM_GCC_541\Debug\cy_sysclk.o
                0x10001b78                Cy_SysClk_StartClkMeasurementCounters
 .text.Cy_SysClk_ClkMeasurementCountersGetFreq
                0x10001d14       0xbc .\CortexM0p\ARM_GCC_541\Debug\cy_sysclk.o
                0x10001d14                Cy_SysClk_ClkMeasurementCountersGetFreq
 .text.Cy_SysInt_SetInterruptSource
                0x10001dd0       0x78 .\CortexM0p\ARM_GCC_541\Debug\cy_sysint.o
                0x10001dd0                Cy_SysInt_SetInterruptSource
 .text.Cy_SysInt_SetVector
                0x10001e48       0x44 .\CortexM0p\ARM_GCC_541\Debug\cy_sysint.o
                0x10001e48                Cy_SysInt_SetVector
 .text.Cy_SysInt_Init
                0x10001e8c       0xc4 .\CortexM0p\ARM_GCC_541\Debug\cy_sysint.o
                0x10001e8c                Cy_SysInt_Init
 .text.Cy_SysLib_DelayUs
                0x10001f50       0x14 .\CortexM0p\ARM_GCC_541\Debug\cy_syslib.o
                0x10001f50                Cy_SysLib_DelayUs
 .text.Cy_SysLib_Halt
                0x10001f64        0x4 .\CortexM0p\ARM_GCC_541\Debug\cy_syslib.o
                0x10001f64                Cy_SysLib_Halt
 .text.Cy_SysLib_AssertFailed
                0x10001f68       0x1c .\CortexM0p\ARM_GCC_541\Debug\cy_syslib.o
                0x10001f68                Cy_SysLib_AssertFailed
 .text.Cy_SysLib_ClearFlashCacheAndBuffer
                0x10001f84       0x10 .\CortexM0p\ARM_GCC_541\Debug\cy_syslib.o
                0x10001f84                Cy_SysLib_ClearFlashCacheAndBuffer
 .text.Cy_SysLib_ResetBackupDomain
                0x10001f94       0x20 .\CortexM0p\ARM_GCC_541\Debug\cy_syslib.o
                0x10001f94                Cy_SysLib_ResetBackupDomain
 .text.Cy_SysLib_GetResetReason
                0x10001fb4       0x1c .\CortexM0p\ARM_GCC_541\Debug\cy_syslib.o
                0x10001fb4                Cy_SysLib_GetResetReason
 .text.Cy_SysLib_ProcessingFault
                0x10001fd0        0x4 .\CortexM0p\ARM_GCC_541\Debug\cy_syslib.o
                0x10001fd0                Cy_SysLib_ProcessingFault
 .text.Cy_SysLib_FaultHandler
                0x10001fd4       0x30 .\CortexM0p\ARM_GCC_541\Debug\cy_syslib.o
                0x10001fd4                Cy_SysLib_FaultHandler
 .text.Cy_SysLib_SetWaitStates
                0x10002004       0xe0 .\CortexM0p\ARM_GCC_541\Debug\cy_syslib.o
                0x10002004                Cy_SysLib_SetWaitStates
 *fill*         0x100020e4        0x4 
 .text          0x100020e8       0x20 .\CortexM0p\ARM_GCC_541\Debug\cy_syslib_gcc.o
                0x100020e8                Cy_SysLib_DelayCycles
                0x100020fa                Cy_SysLib_EnterCriticalSection
                0x10002102                Cy_SysLib_ExitCriticalSection
 .text.SetReadMarginTrimUlp
                0x10002108       0x98 .\CortexM0p\ARM_GCC_541\Debug\cy_syspm.o
 .text.SetReadMarginTrimLp
                0x100021a0       0x90 .\CortexM0p\ARM_GCC_541\Debug\cy_syspm.o
 .text.SetWriteAssistTrimUlp
                0x10002230       0x74 .\CortexM0p\ARM_GCC_541\Debug\cy_syspm.o
 .text.SetWriteAssistTrimLp
                0x100022a4       0x84 .\CortexM0p\ARM_GCC_541\Debug\cy_syspm.o
 .text.IsVoltageChangePossible
                0x10002328       0x58 .\CortexM0p\ARM_GCC_541\Debug\cy_syspm.o
 .text.Cy_SysPm_BuckIsOutputEnabled
                0x10002380       0x5c .\CortexM0p\ARM_GCC_541\Debug\cy_syspm.o
                0x10002380                Cy_SysPm_BuckIsOutputEnabled
 .text.Cy_SysPm_BuckSetVoltage2
                0x100023dc       0x6c .\CortexM0p\ARM_GCC_541\Debug\cy_syspm.o
                0x100023dc                Cy_SysPm_BuckSetVoltage2
 .text.Cy_SysPm_ExecuteCallback
                0x10002448       0xd4 .\CortexM0p\ARM_GCC_541\Debug\cy_syspm.o
                0x10002448                Cy_SysPm_ExecuteCallback
 .text.Cy_SysPm_CpuEnterSleep
                0x1000251c       0x8c .\CortexM0p\ARM_GCC_541\Debug\cy_syspm.o
                0x1000251c                Cy_SysPm_CpuEnterSleep
 .text.Cy_SysPm_IoUnfreeze
                0x100025a8       0x2c .\CortexM0p\ARM_GCC_541\Debug\cy_syspm.o
                0x100025a8                Cy_SysPm_IoUnfreeze
 .text.Cy_SysPm_WriteVoltageBitForFlash
                0x100025d4      0x12c .\CortexM0p\ARM_GCC_541\Debug\cy_syspm.o
                0x100025d4                Cy_SysPm_WriteVoltageBitForFlash
 .text.Cy_SysPm_BuckSetVoltage1
                0x10002700       0xa0 .\CortexM0p\ARM_GCC_541\Debug\cy_syspm.o
                0x10002700                Cy_SysPm_BuckSetVoltage1
 .text.Cy_SysPm_LdoSetVoltage
                0x100027a0       0xd0 .\CortexM0p\ARM_GCC_541\Debug\cy_syspm.o
                0x100027a0                Cy_SysPm_LdoSetVoltage
 .text.Cy_SysTick_SetClockSource
                0x10002870       0x3c .\CortexM0p\ARM_GCC_541\Debug\cy_systick.o
                0x10002870                Cy_SysTick_SetClockSource
 .text.Cy_WDT_Unlock
                0x100028ac       0x24 .\CortexM0p\ARM_GCC_541\Debug\cy_wdt.o
                0x100028ac                Cy_WDT_Unlock
 .text.Cy_PDL_Init
                0x100028d0        0xc .\CortexM0p\ARM_GCC_541\Debug\cy_device.o
                0x100028d0                Cy_PDL_Init
 .text.Cy_BLE_HAL_RcbRegRead
                0x100028dc       0x50 .\CortexM0p\ARM_GCC_541\Debug\cy_ble_clk.o
 .text.Cy_BLE_HAL_RcbRegWrite
                0x1000292c       0x4c .\CortexM0p\ARM_GCC_541\Debug\cy_ble_clk.o
 .text.Cy_BLE_HAL_MxdRadioEnableClocks
                0x10002978      0x21c .\CortexM0p\ARM_GCC_541\Debug\cy_ble_clk.o
 .text.Cy_BLE_HAL_EcoSetTrim
                0x10002b94       0x38 .\CortexM0p\ARM_GCC_541\Debug\cy_ble_clk.o
 .text.Cy_BLE_EcoStop
                0x10002bcc       0x18 .\CortexM0p\ARM_GCC_541\Debug\cy_ble_clk.o
                0x10002bcc                Cy_BLE_EcoStop
 .text.Cy_BLE_HAL_Init
                0x10002be4       0x68 .\CortexM0p\ARM_GCC_541\Debug\cy_ble_clk.o
                0x10002be4                Cy_BLE_HAL_Init
 .text.Cy_BLE_EcoStart
                0x10002c4c      0x254 .\CortexM0p\ARM_GCC_541\Debug\cy_ble_clk.o
                0x10002c4c                Cy_BLE_EcoStart
 .text.Cy_BLE_HAL_EcoGetFrequency
                0x10002ea0        0xc .\CortexM0p\ARM_GCC_541\Debug\cy_ble_clk.o
                0x10002ea0                Cy_BLE_HAL_EcoGetFrequency
 .text.Cy_BLE_HAL_IsEcoCpuClockSrc
                0x10002eac       0x20 .\CortexM0p\ARM_GCC_541\Debug\cy_ble_clk.o
                0x10002eac                Cy_BLE_HAL_IsEcoCpuClockSrc
 .text.Cy_BLE_HAL_IsWcoLfclkSrc
                0x10002ecc       0x24 .\CortexM0p\ARM_GCC_541\Debug\cy_ble_clk.o
                0x10002ecc                Cy_BLE_HAL_IsWcoLfclkSrc
 .text.Cy_BLE_Init
                0x10002ef0       0x18 .\CortexM0p\ARM_GCC_541\Debug\cy_ble.o
                0x10002ef0                Cy_BLE_Init
 .text.Cy_BLE_Enable
                0x10002f08       0x78 .\CortexM0p\ARM_GCC_541\Debug\cy_ble.o
                0x10002f08                Cy_BLE_Enable
 .text.Cy_BLE_ConfigureExtPA
                0x10002f80       0x10 .\CortexM0p\ARM_GCC_541\Debug\cy_ble.o
                0x10002f80                Cy_BLE_ConfigureExtPA
 .text.Cy_BLE_BlessInterrupt
                0x10002f90        0x8 .\CortexM0p\ARM_GCC_541\Debug\cy_ble_hal_int.o
                0x10002f90                Cy_BLE_BlessInterrupt
 .text.Cy_BLE_IPC_CtrlMsgFlushRecvCallBack
                0x10002f98       0x10 .\CortexM0p\ARM_GCC_541\Debug\cy_ble_hal_pvt.o
 .text.Cy_BLE_HAL_RadioCalibrationRead
                0x10002fa8       0x2c .\CortexM0p\ARM_GCC_541\Debug\cy_ble_hal_pvt.o
                0x10002fa8                Cy_BLE_HAL_RadioCalibrationRead
 .text.Cy_BLE_HAL_NvramWrite
                0x10002fd4      0x324 .\CortexM0p\ARM_GCC_541\Debug\cy_ble_hal_pvt.o
                0x10002fd4                Cy_BLE_HAL_NvramWrite
 .text.Cy_BLE_HAL_RadioCalibrationWrite
                0x100032f8       0x2c .\CortexM0p\ARM_GCC_541\Debug\cy_ble_hal_pvt.o
                0x100032f8                Cy_BLE_HAL_RadioCalibrationWrite
 .text.Cy_BLE_HAL_GetIcPackageType
                0x10003324        0x4 .\CortexM0p\ARM_GCC_541\Debug\cy_ble_hal_pvt.o
                0x10003324                Cy_BLE_HAL_GetIcPackageType
 .text.Cy_BLE_HAL_RadioGetAbsVbat
                0x10003328       0x20 .\CortexM0p\ARM_GCC_541\Debug\cy_ble_hal_pvt.o
                0x10003328                Cy_BLE_HAL_RadioGetAbsVbat
 .text.Cy_BLE_HAL_RadioGetAbsTemp
                0x10003348       0x24 .\CortexM0p\ARM_GCC_541\Debug\cy_ble_hal_pvt.o
                0x10003348                Cy_BLE_HAL_RadioGetAbsTemp
 .text.Cy_BLE_HAL_IsDefinedTx5dbm
                0x1000336c        0x4 .\CortexM0p\ARM_GCC_541\Debug\cy_ble_hal_pvt.o
                0x1000336c                Cy_BLE_HAL_IsDefinedTx5dbm
 .text.Cy_BLE_HAL_DelayUs
                0x10003370        0x8 .\CortexM0p\ARM_GCC_541\Debug\cy_ble_hal_pvt.o
                0x10003370                Cy_BLE_HAL_DelayUs
 .text.Cy_BLE_HAL_EnableBlessInterrupt
                0x10003378       0x24 .\CortexM0p\ARM_GCC_541\Debug\cy_ble_hal_pvt.o
                0x10003378                Cy_BLE_HAL_EnableBlessInterrupt
 .text.Cy_BLE_HAL_DisableBlessInterrupt
                0x1000339c       0x30 .\CortexM0p\ARM_GCC_541\Debug\cy_ble_hal_pvt.o
                0x1000339c                Cy_BLE_HAL_DisableBlessInterrupt
 .text.Cy_BLE_HAL_LfClkGetSource
                0x100033cc       0x14 .\CortexM0p\ARM_GCC_541\Debug\cy_ble_hal_pvt.o
                0x100033cc                Cy_BLE_HAL_LfClkGetSource
 .text.Cy_BLE_HAL_ClkMeasurementCountersDone
                0x100033e0       0x14 .\CortexM0p\ARM_GCC_541\Debug\cy_ble_hal_pvt.o
                0x100033e0                Cy_BLE_HAL_ClkMeasurementCountersDone
 .text.Cy_BLE_HAL_ClkMeasurementCountersGetFreq
                0x100033f4        0x8 .\CortexM0p\ARM_GCC_541\Debug\cy_ble_hal_pvt.o
                0x100033f4                Cy_BLE_HAL_ClkMeasurementCountersGetFreq
 .text.Cy_BLE_HAL_StartClkMeasurementCounters
                0x100033fc       0x2c .\CortexM0p\ARM_GCC_541\Debug\cy_ble_hal_pvt.o
                0x100033fc                Cy_BLE_HAL_StartClkMeasurementCounters
 .text.Cy_BLE_HAL_TryPiloTrim
                0x10003428       0x78 .\CortexM0p\ARM_GCC_541\Debug\cy_ble_hal_pvt.o
                0x10003428                Cy_BLE_HAL_TryPiloTrim
 .text.Cy_BLE_HAL_PiloTrim
                0x100034a0       0x14 .\CortexM0p\ARM_GCC_541\Debug\cy_ble_hal_pvt.o
                0x100034a0                Cy_BLE_HAL_PiloTrim
 .text.Cy_BLE_HAL_BlessStart
                0x100034b4       0x40 .\CortexM0p\ARM_GCC_541\Debug\cy_ble_hal_pvt.o
                0x100034b4                Cy_BLE_HAL_BlessStart
 .text.Cy_BLE_HAL_GetIpBlockVersion
                0x100034f4        0x4 .\CortexM0p\ARM_GCC_541\Debug\cy_ble_hal_pvt.o
                0x100034f4                Cy_BLE_HAL_GetIpBlockVersion
 .text.Cy_BLE_HAL_EnterCriticalSection
                0x100034f8        0x8 .\CortexM0p\ARM_GCC_541\Debug\cy_ble_hal_pvt.o
                0x100034f8                Cy_BLE_HAL_EnterCriticalSection
 .text.Cy_BLE_HAL_ExitCriticalSection
                0x10003500        0x8 .\CortexM0p\ARM_GCC_541\Debug\cy_ble_hal_pvt.o
                0x10003500                Cy_BLE_HAL_ExitCriticalSection
 .text.Cy_BLE_HAL_SysPmSleep
                0x10003508        0x8 .\CortexM0p\ARM_GCC_541\Debug\cy_ble_hal_pvt.o
                0x10003508                Cy_BLE_HAL_SysPmSleep
 .text.Cy_BLE_HAL_SimoBuckSetVoltage2
                0x10003510        0xc .\CortexM0p\ARM_GCC_541\Debug\cy_ble_hal_pvt.o
                0x10003510                Cy_BLE_HAL_SimoBuckSetVoltage2
 .text.Cy_BLE_HAL_EnableControllerIpcPipeInterrupt
                0x1000351c        0xc .\CortexM0p\ARM_GCC_541\Debug\cy_ble_hal_pvt.o
                0x1000351c                Cy_BLE_HAL_EnableControllerIpcPipeInterrupt
 .text.Cy_BLE_HAL_DisableControllerIpcPipeInterrupt
                0x10003528        0xc .\CortexM0p\ARM_GCC_541\Debug\cy_ble_hal_pvt.o
                0x10003528                Cy_BLE_HAL_DisableControllerIpcPipeInterrupt
 .text.Cy_BLE_IPC_ControllerRegisterClientCallbacks
                0x10003534       0x28 .\CortexM0p\ARM_GCC_541\Debug\cy_ble_hal_pvt.o
                0x10003534                Cy_BLE_IPC_ControllerRegisterClientCallbacks
 .text.Cy_BLE_IPC_SendMessageToHost
                0x1000355c       0x20 .\CortexM0p\ARM_GCC_541\Debug\cy_ble_hal_pvt.o
                0x1000355c                Cy_BLE_IPC_SendMessageToHost
 .text.Cy_BLE_Start
                0x1000357c       0x2c .\CortexM0p\ARM_GCC_541\Debug\BLE.o
                0x1000357c                Cy_BLE_Start
 .text          0x100035a8      0x114 d:/psoc_jingyi/psoc creator/4.4/psoc creator/import/gnu/arm/5.4.1/bin/../lib/gcc/arm-none-eabi/5.4.1/armv6-m\libgcc.a(_udivsi3.o)
                0x100035a8                __aeabi_uidiv
                0x100035a8                __udivsi3
                0x100036b4                __aeabi_uidivmod
 .text          0x100036bc      0x1d4 d:/psoc_jingyi/psoc creator/4.4/psoc creator/import/gnu/arm/5.4.1/bin/../lib/gcc/arm-none-eabi/5.4.1/armv6-m\libgcc.a(_divsi3.o)
                0x100036bc                __divsi3
                0x100036bc                __aeabi_idiv
                0x10003888                __aeabi_idivmod
 .text          0x10003890        0x4 d:/psoc_jingyi/psoc creator/4.4/psoc creator/import/gnu/arm/5.4.1/bin/../lib/gcc/arm-none-eabi/5.4.1/armv6-m\libgcc.a(_dvmd_tls.o)
                0x10003890                __aeabi_idiv0
                0x10003890                __aeabi_ldiv0
 .text          0x10003894       0x40 d:/psoc_jingyi/psoc creator/4.4/psoc creator/import/gnu/arm/5.4.1/bin/../lib/gcc/arm-none-eabi/5.4.1/armv6-m\libgcc.a(_aeabi_uldivmod.o)
                0x10003894                __aeabi_uldivmod
 .text          0x100038d4       0x58 d:/psoc_jingyi/psoc creator/4.4/psoc creator/import/gnu/arm/5.4.1/bin/../lib/gcc/arm-none-eabi/5.4.1/armv6-m\libgcc.a(_muldi3.o)
                0x100038d4                __muldi3
                0x100038d4                __aeabi_lmul
 .text          0x1000392c       0x3c d:/psoc_jingyi/psoc creator/4.4/psoc creator/import/gnu/arm/5.4.1/bin/../lib/gcc/arm-none-eabi/5.4.1/armv6-m\libgcc.a(_fixunsdfsi.o)
                0x1000392c                __aeabi_d2uiz
                0x1000392c                __fixunsdfsi
 .text          0x10003968      0x180 d:/psoc_jingyi/psoc creator/4.4/psoc creator/import/gnu/arm/5.4.1/bin/../lib/gcc/arm-none-eabi/5.4.1/armv6-m\libgcc.a(_udivmoddi4.o)
                0x10003968                __udivmoddi4
 .text          0x10003ae8      0x62c d:/psoc_jingyi/psoc creator/4.4/psoc creator/import/gnu/arm/5.4.1/bin/../lib/gcc/arm-none-eabi/5.4.1/armv6-m\libgcc.a(divdf3.o)
                0x10003ae8                __aeabi_ddiv
 .text          0x10004114      0x4f4 d:/psoc_jingyi/psoc creator/4.4/psoc creator/import/gnu/arm/5.4.1/bin/../lib/gcc/arm-none-eabi/5.4.1/armv6-m\libgcc.a(muldf3.o)
                0x10004114                __aeabi_dmul
 .text          0x10004608      0x6a8 d:/psoc_jingyi/psoc creator/4.4/psoc creator/import/gnu/arm/5.4.1/bin/../lib/gcc/arm-none-eabi/5.4.1/armv6-m\libgcc.a(subdf3.o)
                0x10004608                __aeabi_dsub
 .text          0x10004cb0       0x6c d:/psoc_jingyi/psoc creator/4.4/psoc creator/import/gnu/arm/5.4.1/bin/../lib/gcc/arm-none-eabi/5.4.1/armv6-m\libgcc.a(fixdfsi.o)
                0x10004cb0                __aeabi_d2iz
 .text          0x10004d1c       0x70 d:/psoc_jingyi/psoc creator/4.4/psoc creator/import/gnu/arm/5.4.1/bin/../lib/gcc/arm-none-eabi/5.4.1/armv6-m\libgcc.a(floatunsidf.o)
                0x10004d1c                __aeabi_ui2d
 .text          0x10004d8c       0x7c d:/psoc_jingyi/psoc creator/4.4/psoc creator/import/gnu/arm/5.4.1/bin/../lib/gcc/arm-none-eabi/5.4.1/armv6-m\libgcc.a(_arm_cmpdf2.o)
                0x10004d8c                __aeabi_cdrcmple
                0x10004d9c                __aeabi_cdcmple
                0x10004d9c                __aeabi_cdcmpeq
                0x10004dac                __aeabi_dcmpeq
                0x10004db8                __aeabi_dcmplt
                0x10004dcc                __aeabi_dcmple
                0x10004de0                __aeabi_dcmpgt
                0x10004df4                __aeabi_dcmpge
 .text          0x10004e08       0x3c d:/psoc_jingyi/psoc creator/4.4/psoc creator/import/gnu/arm/5.4.1/bin/../lib/gcc/arm-none-eabi/5.4.1/armv6-m\libgcc.a(_clzsi2.o)
                0x10004e08                __clzsi2
 .text          0x10004e44       0x18 d:/psoc_jingyi/psoc creator/4.4/psoc creator/import/gnu/arm/5.4.1/bin/../lib/gcc/arm-none-eabi/5.4.1/armv6-m\libgcc.a(_clzdi2.o)
                0x10004e44                __clzdi2
 .text          0x10004e5c       0x80 d:/psoc_jingyi/psoc creator/4.4/psoc creator/import/gnu/arm/5.4.1/bin/../lib/gcc/arm-none-eabi/5.4.1/armv6-m\libgcc.a(eqdf2.o)
                0x10004e5c                __nedf2
                0x10004e5c                __eqdf2
 .text          0x10004edc       0xc8 d:/psoc_jingyi/psoc creator/4.4/psoc creator/import/gnu/arm/5.4.1/bin/../lib/gcc/arm-none-eabi/5.4.1/armv6-m\libgcc.a(gedf2.o)
                0x10004edc                __gedf2
                0x10004edc                __gtdf2
 .text          0x10004fa4       0xd4 d:/psoc_jingyi/psoc creator/4.4/psoc creator/import/gnu/arm/5.4.1/bin/../lib/gcc/arm-none-eabi/5.4.1/armv6-m\libgcc.a(ledf2.o)
                0x10004fa4                __ledf2
                0x10004fa4                __ltdf2
 .text.memcmp   0x10005078       0x1e d:/psoc_jingyi/psoc creator/4.4/psoc creator/import/gnu/arm/5.4.1/bin/../lib/gcc/arm-none-eabi/5.4.1/../../../../arm-none-eabi/lib/armv6-m\libg_nano.a(lib_a-memcmp.o)
                0x10005078                memcmp
 .text.memcpy   0x10005096       0x12 d:/psoc_jingyi/psoc creator/4.4/psoc creator/import/gnu/arm/5.4.1/bin/../lib/gcc/arm-none-eabi/5.4.1/../../../../arm-none-eabi/lib/armv6-m\libg_nano.a(lib_a-memcpy-stub.o)
                0x10005096                memcpy
 .text.memset   0x100050a8       0x10 d:/psoc_jingyi/psoc creator/4.4/psoc creator/import/gnu/arm/5.4.1/bin/../lib/gcc/arm-none-eabi/5.4.1/../../../../arm-none-eabi/lib/armv6-m\libg_nano.a(lib_a-memset.o)
                0x100050a8                memset
 .text.strncpy  0x100050b8       0x26 d:/psoc_jingyi/psoc creator/4.4/psoc creator/import/gnu/arm/5.4.1/bin/../lib/gcc/arm-none-eabi/5.4.1/../../../../arm-none-eabi/lib/armv6-m\libg_nano.a(lib_a-strncpy.o)
                0x100050b8                strncpy
 *(.init)
 *fill*         0x100050de        0x2 
 .init          0x100050e0        0x4 d:/psoc_jingyi/psoc creator/4.4/psoc creator/import/gnu/arm/5.4.1/bin/../lib/gcc/arm-none-eabi/5.4.1/armv6-m/crti.o
                0x100050e0                _init
 .init          0x100050e4        0x8 d:/psoc_jingyi/psoc creator/4.4/psoc creator/import/gnu/arm/5.4.1/bin/../lib/gcc/arm-none-eabi/5.4.1/armv6-m/crtn.o
 *(.fini)
 .fini          0x100050ec        0x4 d:/psoc_jingyi/psoc creator/4.4/psoc creator/import/gnu/arm/5.4.1/bin/../lib/gcc/arm-none-eabi/5.4.1/armv6-m/crti.o
                0x100050ec                _fini
 .fini          0x100050f0        0x8 d:/psoc_jingyi/psoc creator/4.4/psoc creator/import/gnu/arm/5.4.1/bin/../lib/gcc/arm-none-eabi/5.4.1/armv6-m/crtn.o
 .fini.__stub   0x100050f8       0x10 linker stubs
 *crtbegin.o(.ctors)
 *crtbegin?.o(.ctors)
 *(EXCLUDE_FILE(*crtend.o *crtend?.o) .ctors)
 *(SORT(.ctors.*))
 *(.ctors)
 *crtbegin.o(.dtors)
 *crtbegin?.o(.dtors)
 *(EXCLUDE_FILE(*crtend.o *crtend?.o) .dtors)
 *(SORT(.dtors.*))
 *(.dtors)
 *(.rodata .rodata.* .constdata .constdata.* .conststring .conststring.*)
 .rodata        0x10005108       0x34 .\CortexM0p\ARM_GCC_541\Debug\system_psoc6_cm0plus.o
 .rodata.str1.4
                0x1000513c       0x17 .\CortexM0p\ARM_GCC_541\Debug\system_psoc6_cm0plus.o
 *fill*         0x10005153        0x1 
 .rodata        0x10005154        0x8 .\CortexM0p\ARM_GCC_541\Debug\cyfitter_sysint_cfg.o
                0x10005154                BLE_bless_isr_cfg
 .rodata        0x1000515c       0x5c .\CortexM0p\ARM_GCC_541\Debug\cyfitter_cfg.o
 .rodata.str1.4
                0x100051b8       0x3f .\CortexM0p\ARM_GCC_541\Debug\cy_flash.o
 *fill*         0x100051f7        0x1 
 .rodata.str1.4
                0x100051f8       0x7d .\CortexM0p\ARM_GCC_541\Debug\cy_gpio.o
 *fill*         0x10005275        0x3 
 .rodata.str1.4
                0x10005278       0x7f .\CortexM0p\ARM_GCC_541\Debug\cy_ipc_drv.o
 .rodata.str1.4
                0x100052f7       0x3f .\CortexM0p\ARM_GCC_541\Debug\cy_ipc_sema.o
 *fill*         0x100052f7        0x1 
 .rodata.str1.4
                0x100052f8       0x40 .\CortexM0p\ARM_GCC_541\Debug\cy_ipc_pipe.o
                                 0x7f (size before relaxing)
 .rodata.str1.4
                0x10005338       0x3d .\CortexM0p\ARM_GCC_541\Debug\cy_prot.o
 *fill*         0x10005375        0x3 
 .rodata.str1.4
                0x10005378       0x85 .\CortexM0p\ARM_GCC_541\Debug\cy_sysclk.o
 *fill*         0x100053fd        0x3 
 .rodata.str1.4
                0x10005400       0x41 .\CortexM0p\ARM_GCC_541\Debug\cy_sysint.o
 *fill*         0x10005441        0x3 
 .rodata.str1.4
                0x10005444       0x3f .\CortexM0p\ARM_GCC_541\Debug\cy_syspm.o
                                 0x7f (size before relaxing)
 *fill*         0x10005483        0x1 
 .rodata        0x10005484      0x170 .\CortexM0p\ARM_GCC_541\Debug\cy_device.o
                0x10005484                cy_deviceIpBlockCfgPSoC6_02
                0x1000553c                cy_deviceIpBlockCfgPSoC6_01
 .rodata        0x100055f4       0x6c .\CortexM0p\ARM_GCC_541\Debug\cy_ble_clk.o
 .rodata.str1.4
                0x10005660       0x3c .\CortexM0p\ARM_GCC_541\Debug\cy_ble_hal_pvt.o
                                 0x3b (size before relaxing)
 .constdata     0x1000569c       0x4c Generated_Source\PSoC6\pdl\middleware\ble\lib\cy_ble_stack_gcc_controller_ipc_cm0p.a(config_bin.o)
                0x1000569c                bt_cfg_pdata
 .constdata     0x100056e8       0x10 Generated_Source\PSoC6\pdl\middleware\ble\lib\cy_ble_stack_gcc_controller_ipc_cm0p.a(ll_connection.o)
                0x100056e8                g_slave_clock_accuracy
 .constdata     0x100056f8      0x102 Generated_Source\PSoC6\pdl\middleware\ble\lib\cy_ble_stack_gcc_controller_ipc_cm0p.a(ll_pdu.o)
                0x100056f8                enc_valid_pdu_list
                0x10005700                fp_ll_pdu_handlers
                0x10005764                fp_ll_pdu_ack_handlers
                0x100057c8                ll_pdu_valid_length
 *fill*         0x100057fa        0x2 
 .constdata     0x100057fc       0x88 Generated_Source\PSoC6\pdl\middleware\ble\lib\cy_ble_stack_gcc_controller_ipc_cm0p.a(ll_privacy.o)
 .constdata     0x10005884       0x40 Generated_Source\PSoC6\pdl\middleware\ble\lib\cy_ble_stack_gcc_controller_ipc_cm0p.a(ll_dle.o)
 .constdata     0x100058c4       0x58 Generated_Source\PSoC6\pdl\middleware\ble\lib\cy_ble_stack_gcc_controller_ipc_cm0p.a(ll_phy_update.o)
 .constdata     0x1000591c       0x84 Generated_Source\PSoC6\pdl\middleware\ble\lib\cy_ble_stack_gcc_controller_ipc_cm0p.a(lec_hci_le_commands.o)
 .constdata     0x100059a0      0x3f6 Generated_Source\PSoC6\pdl\middleware\ble\lib\cy_ble_stack_gcc_controller_ipc_cm0p.a(lec_hci_le_commands.o)
 *fill*         0x10005d96        0x2 
 .constdata     0x10005d98       0x84 Generated_Source\PSoC6\pdl\middleware\ble\lib\cy_ble_stack_gcc_controller_ipc_cm0p.a(lec_hci_le_commands.o)
 .constdata     0x10005e1c       0x84 Generated_Source\PSoC6\pdl\middleware\ble\lib\cy_ble_stack_gcc_controller_ipc_cm0p.a(lec_hci_le_commands.o)
 .constdata     0x10005ea0       0x21 Generated_Source\PSoC6\pdl\middleware\ble\lib\cy_ble_stack_gcc_controller_ipc_cm0p.a(lec_hci_le_commands.o)
 .constdata     0x10005ec1       0x40 Generated_Source\PSoC6\pdl\middleware\ble\lib\cy_ble_stack_gcc_controller_ipc_cm0p.a(lec_hci_le_common_commands.o)
                0x10005ec1                Cu8_hci_le_supported_commands_array
 *fill*         0x10005f01        0x3 
 .constdata     0x10005f04       0xcc Generated_Source\PSoC6\pdl\middleware\ble\lib\cy_ble_stack_gcc_controller_ipc_cm0p.a(lec_hci_le_privacy.o)
 .constdata     0x10005fd0        0xc Generated_Source\PSoC6\pdl\middleware\ble\lib\cy_ble_stack_gcc_controller_ipc_cm0p.a(lec_hci_le_privacy.o)
 .constdata     0x10005fdc       0x60 Generated_Source\PSoC6\pdl\middleware\ble\lib\cy_ble_stack_gcc_controller_ipc_cm0p.a(lec_hci_le_dle.o)
 .constdata     0x1000603c       0x78 Generated_Source\PSoC6\pdl\middleware\ble\lib\cy_ble_stack_gcc_controller_ipc_cm0p.a(lec_hci_le_phy_update.o)
 .conststring   0x100060b4       0x87 Generated_Source\PSoC6\pdl\middleware\ble\lib\cy_ble_stack_gcc_controller_ipc_cm0p.a(drbg.o)
 *fill*         0x1000613b        0x1 
 .constdata     0x1000613c       0x60 Generated_Source\PSoC6\pdl\middleware\ble\lib\cy_ble_stack_gcc_radio_max_cm0p.a(CyBlessVer3.o)
                0x1000613c                rssiMap
 .rodata        0x1000619c       0x40 d:/psoc_jingyi/psoc creator/4.4/psoc creator/import/gnu/arm/5.4.1/bin/../lib/gcc/arm-none-eabi/5.4.1/armv6-m\libgcc.a(divdf3.o)
 .rodata        0x100061dc       0x40 d:/psoc_jingyi/psoc creator/4.4/psoc creator/import/gnu/arm/5.4.1/bin/../lib/gcc/arm-none-eabi/5.4.1/armv6-m\libgcc.a(muldf3.o)
 *(.eh_frame*)
 .eh_frame      0x1000621c        0x0 d:/psoc_jingyi/psoc creator/4.4/psoc creator/import/gnu/arm/5.4.1/bin/../lib/gcc/arm-none-eabi/5.4.1/armv6-m/crtbegin.o
 .eh_frame      0x1000621c        0x4 d:/psoc_jingyi/psoc creator/4.4/psoc creator/import/gnu/arm/5.4.1/bin/../lib/gcc/arm-none-eabi/5.4.1/armv6-m/crtend.o

.glue_7         0x10006220        0x0
 .glue_7        0x10006220        0x0 linker stubs

.glue_7t        0x10006220        0x0
 .glue_7t       0x10006220        0x0 linker stubs

.vfp11_veneer   0x10006220        0x0
 .vfp11_veneer  0x10006220        0x0 linker stubs

.v4_bx          0x10006220        0x0
 .v4_bx         0x10006220        0x0 linker stubs

.iplt           0x10006220        0x0
 .iplt          0x10006220        0x0 d:/psoc_jingyi/psoc creator/4.4/psoc creator/import/gnu/arm/5.4.1/bin/../lib/gcc/arm-none-eabi/5.4.1/armv6-m/crtbegin.o

i.CyBleStackMgr_Init
                0x10006220       0xf8
 i.CyBleStackMgr_Init
                0x10006220       0xf8 Generated_Source\PSoC6\pdl\middleware\ble\lib\cy_ble_stack_gcc_controller_ipc_cm0p.a(CyBleStackMgrIP_Interface.o)
                0x10006220                CyBleStackMgr_Init

i.CyBleStackMgr_ProcessBleEvents
                0x10006318       0x2c
 i.CyBleStackMgr_ProcessBleEvents
                0x10006318       0x2c Generated_Source\PSoC6\pdl\middleware\ble\lib\cy_ble_stack_gcc_controller_ipc_cm0p.a(CyBleStackMgrIP_Interface.o)
                0x10006318                CyBleStackMgr_ProcessBleEvents

i.CyBleStackMgr_Shutdown
                0x10006344       0x28
 i.CyBleStackMgr_Shutdown
                0x10006344       0x28 Generated_Source\PSoC6\pdl\middleware\ble\lib\cy_ble_stack_gcc_controller_ipc_cm0p.a(CyBleStackMgrIP_Interface.o)
                0x10006344                CyBleStackMgr_Shutdown

i.CyBle_GetHeapConfig
                0x1000636c        0x8
 i.CyBle_GetHeapConfig
                0x1000636c        0x8 Generated_Source\PSoC6\pdl\middleware\ble\lib\cy_ble_stack_gcc_controller_ipc_cm0p.a(CyBleStackMgrIP_Interface.o)
                0x1000636c                CyBle_GetHeapConfig

i.CyBle_GetHeapMemory
                0x10006374       0x3c
 i.CyBle_GetHeapMemory
                0x10006374       0x3c Generated_Source\PSoC6\pdl\middleware\ble\lib\cy_ble_stack_gcc_controller_ipc_cm0p.a(CyBleStackMgrIP_Interface.o)
                0x10006374                CyBle_GetHeapMemory

i.CyBle_StackGetConfigPtr
                0x100063b0        0x8
 i.CyBle_StackGetConfigPtr
                0x100063b0        0x8 Generated_Source\PSoC6\pdl\middleware\ble\lib\cy_ble_stack_gcc_controller_ipc_cm0p.a(CyBleStackMgrIP_Interface.o)
                0x100063b0                CyBle_StackGetConfigPtr

i.Cy_BLE_EnableDleFeature
                0x100063b8        0x8
 i.Cy_BLE_EnableDleFeature
                0x100063b8        0x8 Generated_Source\PSoC6\pdl\middleware\ble\lib\cy_ble_stack_gcc_controller_ipc_cm0p.a(CyBleStackMgrIP_Interface.o)
                0x100063b8                Cy_BLE_EnableDleFeature

i.Cy_BLE_EnablePhyUpdateFeature
                0x100063c0        0x8
 i.Cy_BLE_EnablePhyUpdateFeature
                0x100063c0        0x8 Generated_Source\PSoC6\pdl\middleware\ble\lib\cy_ble_stack_gcc_controller_ipc_cm0p.a(CyBleStackMgrIP_Interface.o)
                0x100063c0                Cy_BLE_EnablePhyUpdateFeature

i.Cy_BLE_GetStackLibraryVersion
                0x100063c8       0x24
 i.Cy_BLE_GetStackLibraryVersion
                0x100063c8       0x24 Generated_Source\PSoC6\pdl\middleware\ble\lib\cy_ble_stack_gcc_controller_ipc_cm0p.a(CyBleStackMgrIP_Interface.o)
                0x100063c8                Cy_BLE_GetStackLibraryVersion

i.Cy_BLE_ProcessEvents
                0x100063ec        0x8
 i.Cy_BLE_ProcessEvents
                0x100063ec        0x8 Generated_Source\PSoC6\pdl\middleware\ble\lib\cy_ble_stack_gcc_controller_ipc_cm0p.a(CyBleStackMgrIP_Interface.o)
                0x100063ec                Cy_BLE_ProcessEvents

i.Cy_BLE_StackInit
                0x100063f4       0x58
 i.Cy_BLE_StackInit
                0x100063f4       0x58 Generated_Source\PSoC6\pdl\middleware\ble\lib\cy_ble_stack_gcc_controller_ipc_cm0p.a(CyBleStackMgrIP_Interface.o)
                0x100063f4                Cy_BLE_StackInit

i.Cy_BLE_StackSetFeatureConfig
                0x1000644c       0x54
 i.Cy_BLE_StackSetFeatureConfig
                0x1000644c       0x54 Generated_Source\PSoC6\pdl\middleware\ble\lib\cy_ble_stack_gcc_controller_ipc_cm0p.a(CyBleStackMgrIP_Interface.o)
                0x1000644c                Cy_BLE_StackSetFeatureConfig

i.ble_stack_idle_task_callback
                0x100064a0        0x2
 i.ble_stack_idle_task_callback
                0x100064a0        0x2 Generated_Source\PSoC6\pdl\middleware\ble\lib\cy_ble_stack_gcc_controller_ipc_cm0p.a(CyBleStackMgrIP_Interface.o)
                0x100064a0                ble_stack_idle_task_callback

i.CyBleStackMgr_GetTime
                0x100064a4       0x28
 i.CyBleStackMgr_GetTime
                0x100064a4       0x28 Generated_Source\PSoC6\pdl\middleware\ble\lib\cy_ble_stack_gcc_controller_ipc_cm0p.a(CyBleStackMgr_PSoCHal.o)
                0x100064a4                CyBleStackMgr_GetTime

i.CyBleStackMgr_HalInit
                0x100064cc       0x1c
 i.CyBleStackMgr_HalInit
                0x100064cc       0x1c Generated_Source\PSoC6\pdl\middleware\ble\lib\cy_ble_stack_gcc_controller_ipc_cm0p.a(CyBleStackMgr_PSoCHal.o)
                0x100064cc                CyBleStackMgr_HalInit

i.CyBleStackMgr_HalIntrEnable
                0x100064e8        0xc
 i.CyBleStackMgr_HalIntrEnable
                0x100064e8        0xc Generated_Source\PSoC6\pdl\middleware\ble\lib\cy_ble_stack_gcc_controller_ipc_cm0p.a(CyBleStackMgr_PSoCHal.o)
                0x100064e8                CyBleStackMgr_HalIntrEnable

i.CyBleStackMgr_HciPortInit
                0x100064f4       0x18
 i.CyBleStackMgr_HciPortInit
                0x100064f4       0x18 Generated_Source\PSoC6\pdl\middleware\ble\lib\cy_ble_stack_gcc_controller_ipc_cm0p.a(CyBleStackMgr_PSoCHal.o)
                0x100064f4                CyBleStackMgr_HciPortInit

i.CyBleStackMgr_HciPortReset
                0x1000650c        0x8
 i.CyBleStackMgr_HciPortReset
                0x1000650c        0x8 Generated_Source\PSoC6\pdl\middleware\ble\lib\cy_ble_stack_gcc_controller_ipc_cm0p.a(CyBleStackMgr_PSoCHal.o)
                0x1000650c                CyBleStackMgr_HciPortReset

i.CyBleStackMgr_HciPortWrite
                0x10006514        0x8
 i.CyBleStackMgr_HciPortWrite
                0x10006514        0x8 Generated_Source\PSoC6\pdl\middleware\ble\lib\cy_ble_stack_gcc_controller_ipc_cm0p.a(CyBleStackMgr_PSoCHal.o)
                0x10006514                CyBleStackMgr_HciPortWrite

i.CyBleStackMgr_TimerStart
                0x1000651c       0x20
 i.CyBleStackMgr_TimerStart
                0x1000651c       0x20 Generated_Source\PSoC6\pdl\middleware\ble\lib\cy_ble_stack_gcc_controller_ipc_cm0p.a(CyBleStackMgr_PSoCHal.o)
                0x1000651c                CyBleStackMgr_TimerStart

i.CyBleStackMgr_TimerStop
                0x1000653c       0x18
 i.CyBleStackMgr_TimerStop
                0x1000653c       0x18 Generated_Source\PSoC6\pdl\middleware\ble\lib\cy_ble_stack_gcc_controller_ipc_cm0p.a(CyBleStackMgr_PSoCHal.o)
                0x1000653c                CyBleStackMgr_TimerStop

i.CyBleStackMgr_BleSSFifoRead
                0x10006554       0x3c
 i.CyBleStackMgr_BleSSFifoRead
                0x10006554       0x3c Generated_Source\PSoC6\pdl\middleware\ble\lib\cy_ble_stack_gcc_controller_ipc_cm0p.a(CyBleStackMgr_BleSSDriver.o)
                0x10006554                CyBleStackMgr_BleSSFifoRead

i.CyBleStackMgr_BleSSFifoWrite
                0x10006590       0x30
 i.CyBleStackMgr_BleSSFifoWrite
                0x10006590       0x30 Generated_Source\PSoC6\pdl\middleware\ble\lib\cy_ble_stack_gcc_controller_ipc_cm0p.a(CyBleStackMgr_BleSSDriver.o)
                0x10006590                CyBleStackMgr_BleSSFifoWrite

i.CyBleStackMgr_BleSSInit
                0x100065c0       0xac
 i.CyBleStackMgr_BleSSInit
                0x100065c0       0xac Generated_Source\PSoC6\pdl\middleware\ble\lib\cy_ble_stack_gcc_controller_ipc_cm0p.a(CyBleStackMgr_BleSSDriver.o)
                0x100065c0                CyBleStackMgr_BleSSInit

i.CyBleStackMgr_BleSSMemRead
                0x1000666c       0x30
 i.CyBleStackMgr_BleSSMemRead
                0x1000666c       0x30 Generated_Source\PSoC6\pdl\middleware\ble\lib\cy_ble_stack_gcc_controller_ipc_cm0p.a(CyBleStackMgr_BleSSDriver.o)
                0x1000666c                CyBleStackMgr_BleSSMemRead

i.CyBleStackMgr_BleSSMemWrite
                0x1000669c       0x34
 i.CyBleStackMgr_BleSSMemWrite
                0x1000669c       0x34 Generated_Source\PSoC6\pdl\middleware\ble\lib\cy_ble_stack_gcc_controller_ipc_cm0p.a(CyBleStackMgr_BleSSDriver.o)
                0x1000669c                CyBleStackMgr_BleSSMemWrite

i.CyBleStackMgr_BleSSMemWriteFields
                0x100066d0       0x70
 i.CyBleStackMgr_BleSSMemWriteFields
                0x100066d0       0x70 Generated_Source\PSoC6\pdl\middleware\ble\lib\cy_ble_stack_gcc_controller_ipc_cm0p.a(CyBleStackMgr_BleSSDriver.o)
                0x100066d0                CyBleStackMgr_BleSSMemWriteFields

i.CyBleStackMgr_BleSSReset
                0x10006740       0x34
 i.CyBleStackMgr_BleSSReset
                0x10006740       0x34 Generated_Source\PSoC6\pdl\middleware\ble\lib\cy_ble_stack_gcc_controller_ipc_cm0p.a(CyBleStackMgr_BleSSDriver.o)
                0x10006740                CyBleStackMgr_BleSSReset

i.CyBleStackMgr_BleSSShutdown
                0x10006774       0x34
 i.CyBleStackMgr_BleSSShutdown
                0x10006774       0x34 Generated_Source\PSoC6\pdl\middleware\ble\lib\cy_ble_stack_gcc_controller_ipc_cm0p.a(CyBleStackMgr_BleSSDriver.o)
                0x10006774                CyBleStackMgr_BleSSShutdown

i.CyBleStackMgr_GenericIface
                0x100067a8       0x58
 i.CyBleStackMgr_GenericIface
                0x100067a8       0x58 Generated_Source\PSoC6\pdl\middleware\ble\lib\cy_ble_stack_gcc_controller_ipc_cm0p.a(CyBleStackMgr_BleSSDriver.o)
                0x100067a8                CyBleStackMgr_GenericIface

i.CyBleStackMgr_HandleBleSSIntr
                0x10006800       0x70
 i.CyBleStackMgr_HandleBleSSIntr
                0x10006800       0x70 Generated_Source\PSoC6\pdl\middleware\ble\lib\cy_ble_stack_gcc_controller_ipc_cm0p.a(CyBleStackMgr_BleSSDriver.o)
                0x10006800                CyBleStackMgr_HandleBleSSIntr

i.CyBle_ControllerGetBleClockCfgParam
                0x10006870       0x20
 i.CyBle_ControllerGetBleClockCfgParam
                0x10006870       0x20 Generated_Source\PSoC6\pdl\middleware\ble\lib\cy_ble_stack_gcc_controller_ipc_cm0p.a(CyBleStackMgr_BleSSDriver.o)
                0x10006870                CyBle_ControllerGetBleClockCfgParam

i.CyBle_ControllerGetTxPowerLevel
                0x10006890       0x3c
 i.CyBle_ControllerGetTxPowerLevel
                0x10006890       0x3c Generated_Source\PSoC6\pdl\middleware\ble\lib\cy_ble_stack_gcc_controller_ipc_cm0p.a(CyBleStackMgr_BleSSDriver.o)
                0x10006890                CyBle_ControllerGetTxPowerLevel

i.CyBle_ControllerSetBleClockCfgParam
                0x100068cc       0x30
 i.CyBle_ControllerSetBleClockCfgParam
                0x100068cc       0x30 Generated_Source\PSoC6\pdl\middleware\ble\lib\cy_ble_stack_gcc_controller_ipc_cm0p.a(CyBleStackMgr_BleSSDriver.o)
                0x100068cc                CyBle_ControllerSetBleClockCfgParam

i.CyBle_ControllerSetDcxoLdoTrim
                0x100068fc       0x1c
 i.CyBle_ControllerSetDcxoLdoTrim
                0x100068fc       0x1c Generated_Source\PSoC6\pdl\middleware\ble\lib\cy_ble_stack_gcc_controller_ipc_cm0p.a(CyBleStackMgr_BleSSDriver.o)
                0x100068fc                CyBle_ControllerSetDcxoLdoTrim

i.CyBle_ControllerSetTxPowerLevel
                0x10006918       0x2c
 i.CyBle_ControllerSetTxPowerLevel
                0x10006918       0x2c Generated_Source\PSoC6\pdl\middleware\ble\lib\cy_ble_stack_gcc_controller_ipc_cm0p.a(CyBleStackMgr_BleSSDriver.o)
                0x10006918                CyBle_ControllerSetTxPowerLevel

i.CyBle_ExitDsmMode
                0x10006944       0x34
 i.CyBle_ExitDsmMode
                0x10006944       0x34 Generated_Source\PSoC6\pdl\middleware\ble\lib\cy_ble_stack_gcc_controller_ipc_cm0p.a(CyBleStackMgr_BleSSDriver.o)
                0x10006944                CyBle_ExitDsmMode

i.CyBle_GetBleSsOperationalMode
                0x10006978        0xc
 i.CyBle_GetBleSsOperationalMode
                0x10006978        0xc Generated_Source\PSoC6\pdl\middleware\ble\lib\cy_ble_stack_gcc_controller_ipc_cm0p.a(CyBleStackMgr_BleSSDriver.o)
                0x10006978                CyBle_GetBleSsOperationalMode

i.CyBle_GetLpMode
                0x10006984       0x1c
 i.CyBle_GetLpMode
                0x10006984       0x1c Generated_Source\PSoC6\pdl\middleware\ble\lib\cy_ble_stack_gcc_controller_ipc_cm0p.a(CyBleStackMgr_BleSSDriver.o)
                0x10006984                CyBle_GetLpMode

i.CyBle_GetTxGainMode
                0x100069a0        0xe
 i.CyBle_GetTxGainMode
                0x100069a0        0xe Generated_Source\PSoC6\pdl\middleware\ble\lib\cy_ble_stack_gcc_controller_ipc_cm0p.a(CyBleStackMgr_BleSSDriver.o)
                0x100069a0                CyBle_GetTxGainMode

i.CyBle_SetBleSsOperationalMode
                0x100069b0       0x34
 i.CyBle_SetBleSsOperationalMode
                0x100069b0       0x34 Generated_Source\PSoC6\pdl\middleware\ble\lib\cy_ble_stack_gcc_controller_ipc_cm0p.a(CyBleStackMgr_BleSSDriver.o)
                0x100069b0                CyBle_SetBleSsOperationalMode

i.CyBle_SetEventCloseState
                0x100069e4        0xc
 i.CyBle_SetEventCloseState
                0x100069e4        0xc Generated_Source\PSoC6\pdl\middleware\ble\lib\cy_ble_stack_gcc_controller_ipc_cm0p.a(CyBleStackMgr_BleSSDriver.o)
                0x100069e4                CyBle_SetEventCloseState

i.CyBle_CheckBleStackTaskStatus
                0x100069f0        0x4
 i.CyBle_CheckBleStackTaskStatus
                0x100069f0        0x4 Generated_Source\PSoC6\pdl\middleware\ble\lib\cy_ble_stack_gcc_controller_ipc_cm0p.a(CyBleStackMgr_StackTaskHandler.o)
                0x100069f0                CyBle_CheckBleStackTaskStatus

i.CyBle_CreateBleStackTask
                0x100069f4       0x30
 i.CyBle_CreateBleStackTask
                0x100069f4       0x30 Generated_Source\PSoC6\pdl\middleware\ble\lib\cy_ble_stack_gcc_controller_ipc_cm0p.a(CyBleStackMgr_StackTaskHandler.o)
                0x100069f4                CyBle_CreateBleStackTask

i.CyBle_SignalBleStackTask
                0x10006a24       0x44
 i.CyBle_SignalBleStackTask
                0x10006a24       0x44 Generated_Source\PSoC6\pdl\middleware\ble\lib\cy_ble_stack_gcc_controller_ipc_cm0p.a(CyBleStackMgr_StackTaskHandler.o)
                0x10006a24                CyBle_SignalBleStackTask

i.CyBle_StackTaskHandler
                0x10006a68       0x26
 i.CyBle_StackTaskHandler
                0x10006a68       0x26 Generated_Source\PSoC6\pdl\middleware\ble\lib\cy_ble_stack_gcc_controller_ipc_cm0p.a(CyBleStackMgr_StackTaskHandler.o)
                0x10006a68                CyBle_StackTaskHandler

i.BT_start_timer
                0x10006a90      0x110
 i.BT_start_timer
                0x10006a90      0x110 Generated_Source\PSoC6\pdl\middleware\ble\lib\cy_ble_stack_gcc_controller_ipc_cm0p.a(BT_timer.o)
                0x10006a90                BT_start_timer

i.BT_start_timer_controller
                0x10006ba0       0x28
 i.BT_start_timer_controller
                0x10006ba0       0x28 Generated_Source\PSoC6\pdl\middleware\ble\lib\cy_ble_stack_gcc_controller_ipc_cm0p.a(BT_timer.o)
                0x10006ba0                BT_start_timer_controller

i.BT_start_timer_pilo
                0x10006bc8       0x28
 i.BT_start_timer_pilo
                0x10006bc8       0x28 Generated_Source\PSoC6\pdl\middleware\ble\lib\cy_ble_stack_gcc_controller_ipc_cm0p.a(BT_timer.o)
                0x10006bc8                BT_start_timer_pilo

i.BT_stop_timer
                0x10006bf0       0xc8
 i.BT_stop_timer
                0x10006bf0       0xc8 Generated_Source\PSoC6\pdl\middleware\ble\lib\cy_ble_stack_gcc_controller_ipc_cm0p.a(BT_timer.o)
                0x10006bf0                BT_stop_timer

i.BT_stop_timer_controller
                0x10006cb8       0x28
 i.BT_stop_timer_controller
                0x10006cb8       0x28 Generated_Source\PSoC6\pdl\middleware\ble\lib\cy_ble_stack_gcc_controller_ipc_cm0p.a(BT_timer.o)
                0x10006cb8                BT_stop_timer_controller

i.BT_stop_timer_pilo
                0x10006ce0       0x28
 i.BT_stop_timer_pilo
                0x10006ce0       0x28 Generated_Source\PSoC6\pdl\middleware\ble\lib\cy_ble_stack_gcc_controller_ipc_cm0p.a(BT_timer.o)
                0x10006ce0                BT_stop_timer_pilo

i.BT_timer_process_signals
                0x10006d08       0xf8
 i.BT_timer_process_signals
                0x10006d08       0xf8 Generated_Source\PSoC6\pdl\middleware\ble\lib\cy_ble_stack_gcc_controller_ipc_cm0p.a(BT_timer.o)
                0x10006d08                BT_timer_process_signals

i.timer_allocated_entity
                0x10006e00       0x34
 i.timer_allocated_entity
                0x10006e00       0x34 Generated_Source\PSoC6\pdl\middleware\ble\lib\cy_ble_stack_gcc_controller_ipc_cm0p.a(BT_timer.o)
                0x10006e00                timer_allocated_entity

i.timer_init    0x10006e34       0x30
 i.timer_init   0x10006e34       0x30 Generated_Source\PSoC6\pdl\middleware\ble\lib\cy_ble_stack_gcc_controller_ipc_cm0p.a(BT_timer.o)
                0x10006e34                timer_init

i.timer_update_offsets
                0x10006e64       0x34
 i.timer_update_offsets
                0x10006e64       0x34 Generated_Source\PSoC6\pdl\middleware\ble\lib\cy_ble_stack_gcc_controller_ipc_cm0p.a(BT_timer.o)

i.BT_ISROSQPost
                0x10006e98        0xa
 i.BT_ISROSQPost
                0x10006e98        0xa Generated_Source\PSoC6\pdl\middleware\ble\lib\cy_ble_stack_gcc_controller_ipc_cm0p.a(bt_os_common.o)
                0x10006e98                BT_ISROSQPost

i.BT_OSQPost    0x10006ea2        0xa
 i.BT_OSQPost   0x10006ea2        0xa Generated_Source\PSoC6\pdl\middleware\ble\lib\cy_ble_stack_gcc_controller_ipc_cm0p.a(bt_os_common.o)
                0x10006ea2                BT_OSQPost

i.BT_thread_create
                0x10006eac       0x30
 i.BT_thread_create
                0x10006eac       0x30 Generated_Source\PSoC6\pdl\middleware\ble\lib\cy_ble_stack_gcc_controller_ipc_cm0p.a(bt_os_common.o)
                0x10006eac                BT_thread_create

i.pf_timer_handle_tick
                0x10006edc       0x20
 i.pf_timer_handle_tick
                0x10006edc       0x20 Generated_Source\PSoC6\pdl\middleware\ble\lib\cy_ble_stack_gcc_controller_ipc_cm0p.a(bt_os_common.o)
                0x10006edc                pf_timer_handle_tick

i.CyPilo_ApplyTrim
                0x10006efc       0x88
 i.CyPilo_ApplyTrim
                0x10006efc       0x88 Generated_Source\PSoC6\pdl\middleware\ble\lib\cy_ble_stack_gcc_controller_ipc_cm0p.a(CyBleStackMgrIP_Pilo.o)

i.CyPilo_DSMExitCalibration
                0x10006f84       0x14
 i.CyPilo_DSMExitCalibration
                0x10006f84       0x14 Generated_Source\PSoC6\pdl\middleware\ble\lib\cy_ble_stack_gcc_controller_ipc_cm0p.a(CyBleStackMgrIP_Pilo.o)
                0x10006f84                CyPilo_DSMExitCalibration

i.CyPilo_InitCalibration
                0x10006f98       0x18
 i.CyPilo_InitCalibration
                0x10006f98       0x18 Generated_Source\PSoC6\pdl\middleware\ble\lib\cy_ble_stack_gcc_controller_ipc_cm0p.a(CyBleStackMgrIP_Pilo.o)
                0x10006f98                CyPilo_InitCalibration

i.CyPilo_PeriodicCalibTimeout
                0x10006fb0       0x24
 i.CyPilo_PeriodicCalibTimeout
                0x10006fb0       0x24 Generated_Source\PSoC6\pdl\middleware\ble\lib\cy_ble_stack_gcc_controller_ipc_cm0p.a(CyBleStackMgrIP_Pilo.o)

i.CyPilo_RetryCalibration
                0x10006fd4       0x20
 i.CyPilo_RetryCalibration
                0x10006fd4       0x20 Generated_Source\PSoC6\pdl\middleware\ble\lib\cy_ble_stack_gcc_controller_ipc_cm0p.a(CyBleStackMgrIP_Pilo.o)

i.CyPilo_SetCalibInterval
                0x10006ff4        0xc
 i.CyPilo_SetCalibInterval
                0x10006ff4        0xc Generated_Source\PSoC6\pdl\middleware\ble\lib\cy_ble_stack_gcc_controller_ipc_cm0p.a(CyBleStackMgrIP_Pilo.o)
                0x10006ff4                CyPilo_SetCalibInterval

i.CyPilo_SetState
                0x10007000        0xc
 i.CyPilo_SetState
                0x10007000        0xc Generated_Source\PSoC6\pdl\middleware\ble\lib\cy_ble_stack_gcc_controller_ipc_cm0p.a(CyBleStackMgrIP_Pilo.o)
                0x10007000                CyPilo_SetState

i.CyPilo_ShutdownCalibration
                0x1000700c       0x1c
 i.CyPilo_ShutdownCalibration
                0x1000700c       0x1c Generated_Source\PSoC6\pdl\middleware\ble\lib\cy_ble_stack_gcc_controller_ipc_cm0p.a(CyBleStackMgrIP_Pilo.o)
                0x1000700c                CyPilo_ShutdownCalibration

i.CyPilo_StopPeriodicTimer
                0x10007028       0x10
 i.CyPilo_StopPeriodicTimer
                0x10007028       0x10 Generated_Source\PSoC6\pdl\middleware\ble\lib\cy_ble_stack_gcc_controller_ipc_cm0p.a(CyBleStackMgrIP_Pilo.o)
                0x10007028                CyPilo_StopPeriodicTimer

i.CyPilo_TriggerCalibration
                0x10007038       0x54
 i.CyPilo_TriggerCalibration
                0x10007038       0x54 Generated_Source\PSoC6\pdl\middleware\ble\lib\cy_ble_stack_gcc_controller_ipc_cm0p.a(CyBleStackMgrIP_Pilo.o)
                0x10007038                CyPilo_TriggerCalibration

i.CyPilo_UpdateCalibInterval
                0x1000708c       0x34
 i.CyPilo_UpdateCalibInterval
                0x1000708c       0x34 Generated_Source\PSoC6\pdl\middleware\ble\lib\cy_ble_stack_gcc_controller_ipc_cm0p.a(CyBleStackMgrIP_Pilo.o)
                0x1000708c                CyPilo_UpdateCalibInterval

i.OS_init       0x100070c0       0x64
 i.OS_init      0x100070c0       0x64 Generated_Source\PSoC6\pdl\middleware\ble\lib\cy_ble_stack_gcc_controller_ipc_cm0p.a(mint_os.o)
                0x100070c0                OS_init

i.OS_shutdown   0x10007124        0x4
 i.OS_shutdown  0x10007124        0x4 Generated_Source\PSoC6\pdl\middleware\ble\lib\cy_ble_stack_gcc_controller_ipc_cm0p.a(mint_os.o)
                0x10007124                OS_shutdown

i.mintos_malloc
                0x10007128       0x34
 i.mintos_malloc
                0x10007128       0x34 Generated_Source\PSoC6\pdl\middleware\ble\lib\cy_ble_stack_gcc_controller_ipc_cm0p.a(mint_os.o)
                0x10007128                mintos_malloc

i.OS_create_queue
                0x1000715c       0x64
 i.OS_create_queue
                0x1000715c       0x64 Generated_Source\PSoC6\pdl\middleware\ble\lib\cy_ble_stack_gcc_controller_ipc_cm0p.a(mint_os_queue.o)
                0x1000715c                OS_create_queue

i.OS_enqueue_item
                0x100071c0       0xa4
 i.OS_enqueue_item
                0x100071c0       0xa4 Generated_Source\PSoC6\pdl\middleware\ble\lib\cy_ble_stack_gcc_controller_ipc_cm0p.a(mint_os_queue.o)
                0x100071c0                OS_enqueue_item

i.OS_queue_get_num_of_items
                0x10007264       0x28
 i.OS_queue_get_num_of_items
                0x10007264       0x28 Generated_Source\PSoC6\pdl\middleware\ble\lib\cy_ble_stack_gcc_controller_ipc_cm0p.a(mint_os_queue.o)
                0x10007264                OS_queue_get_num_of_items

i.OS_queue_mgmt_init
                0x1000728c       0x40
 i.OS_queue_mgmt_init
                0x1000728c       0x40 Generated_Source\PSoC6\pdl\middleware\ble\lib\cy_ble_stack_gcc_controller_ipc_cm0p.a(mint_os_queue.o)
                0x1000728c                OS_queue_mgmt_init

i.OS_remove_item
                0x100072cc       0xb8
 i.OS_remove_item
                0x100072cc       0xb8 Generated_Source\PSoC6\pdl\middleware\ble\lib\cy_ble_stack_gcc_controller_ipc_cm0p.a(mint_os_queue.o)
                0x100072cc                OS_remove_item

i.OS_create_task
                0x10007384       0x88
 i.OS_create_task
                0x10007384       0x88 Generated_Source\PSoC6\pdl\middleware\ble\lib\cy_ble_stack_gcc_controller_ipc_cm0p.a(mint_os_task.o)
                0x10007384                OS_create_task

i.OS_isr_send_signal_to_task
                0x1000740c        0xc
 i.OS_isr_send_signal_to_task
                0x1000740c        0xc Generated_Source\PSoC6\pdl\middleware\ble\lib\cy_ble_stack_gcc_controller_ipc_cm0p.a(mint_os_task.o)
                0x1000740c                OS_isr_send_signal_to_task

i.OS_scheduler  0x10007418       0x78
 i.OS_scheduler
                0x10007418       0x78 Generated_Source\PSoC6\pdl\middleware\ble\lib\cy_ble_stack_gcc_controller_ipc_cm0p.a(mint_os_task.o)
                0x10007418                OS_scheduler

i.OS_send_signal_to_task
                0x10007490        0xc
 i.OS_send_signal_to_task
                0x10007490        0xc Generated_Source\PSoC6\pdl\middleware\ble\lib\cy_ble_stack_gcc_controller_ipc_cm0p.a(mint_os_task.o)
                0x10007490                OS_send_signal_to_task

i.OS_send_signal_to_task_context
                0x1000749c       0x3c
 i.OS_send_signal_to_task_context
                0x1000749c       0x3c Generated_Source\PSoC6\pdl\middleware\ble\lib\cy_ble_stack_gcc_controller_ipc_cm0p.a(mint_os_task.o)

i.OS_task_mgmt_init
                0x100074d8       0x50
 i.OS_task_mgmt_init
                0x100074d8       0x50 Generated_Source\PSoC6\pdl\middleware\ble\lib\cy_ble_stack_gcc_controller_ipc_cm0p.a(mint_os_task.o)
                0x100074d8                OS_task_mgmt_init

i.mint_buf_mgmt_allocate_buffer
                0x10007528       0x60
 i.mint_buf_mgmt_allocate_buffer
                0x10007528       0x60 Generated_Source\PSoC6\pdl\middleware\ble\lib\cy_ble_stack_gcc_controller_ipc_cm0p.a(mint_buf_mgmt.o)
                0x10007528                mint_buf_mgmt_allocate_buffer

i.mint_buf_mgmt_create_pool
                0x10007588       0xd4
 i.mint_buf_mgmt_create_pool
                0x10007588       0xd4 Generated_Source\PSoC6\pdl\middleware\ble\lib\cy_ble_stack_gcc_controller_ipc_cm0p.a(mint_buf_mgmt.o)
                0x10007588                mint_buf_mgmt_create_pool

i.mint_buf_mgmt_free_buffer
                0x1000765c       0xb8
 i.mint_buf_mgmt_free_buffer
                0x1000765c       0xb8 Generated_Source\PSoC6\pdl\middleware\ble\lib\cy_ble_stack_gcc_controller_ipc_cm0p.a(mint_buf_mgmt.o)
                0x1000765c                mint_buf_mgmt_free_buffer

i.mint_buf_mgmt_init
                0x10007714       0x44
 i.mint_buf_mgmt_init
                0x10007714       0x44 Generated_Source\PSoC6\pdl\middleware\ble\lib\cy_ble_stack_gcc_controller_ipc_cm0p.a(mint_buf_mgmt.o)
                0x10007714                mint_buf_mgmt_init

i.mint_buf_mgmt_malloc
                0x10007758       0x28
 i.mint_buf_mgmt_malloc
                0x10007758       0x28 Generated_Source\PSoC6\pdl\middleware\ble\lib\cy_ble_stack_gcc_controller_ipc_cm0p.a(mint_buf_mgmt.o)
                0x10007758                mint_buf_mgmt_malloc

i.mint_buf_mgmt_pl_init
                0x10007780       0x4c
 i.mint_buf_mgmt_pl_init
                0x10007780       0x4c Generated_Source\PSoC6\pdl\middleware\ble\lib\cy_ble_stack_gcc_controller_ipc_cm0p.a(mint_buf_mgmt.o)
                0x10007780                mint_buf_mgmt_pl_init

i.mint_buf_mgmt_reset_pool
                0x100077cc       0x70
 i.mint_buf_mgmt_reset_pool
                0x100077cc       0x70 Generated_Source\PSoC6\pdl\middleware\ble\lib\cy_ble_stack_gcc_controller_ipc_cm0p.a(mint_buf_mgmt.o)
                0x100077cc                mint_buf_mgmt_reset_pool

i.mint_buf_mgmt_stack_init
                0x1000783c       0x24
 i.mint_buf_mgmt_stack_init
                0x1000783c       0x24 Generated_Source\PSoC6\pdl\middleware\ble\lib\cy_ble_stack_gcc_controller_ipc_cm0p.a(mint_buf_mgmt.o)
                0x1000783c                mint_buf_mgmt_stack_init

i.mint_buf_mgmt_stack_pop
                0x10007860       0x4a
 i.mint_buf_mgmt_stack_pop
                0x10007860       0x4a Generated_Source\PSoC6\pdl\middleware\ble\lib\cy_ble_stack_gcc_controller_ipc_cm0p.a(mint_buf_mgmt.o)
                0x10007860                mint_buf_mgmt_stack_pop

i.mint_buf_mgmt_stack_push
                0x100078aa       0x4a
 i.mint_buf_mgmt_stack_push
                0x100078aa       0x4a Generated_Source\PSoC6\pdl\middleware\ble\lib\cy_ble_stack_gcc_controller_ipc_cm0p.a(mint_buf_mgmt.o)
                0x100078aa                mint_buf_mgmt_stack_push

i.mint_buf_mgmt_stack_reset
                0x100078f4       0x1e
 i.mint_buf_mgmt_stack_reset
                0x100078f4       0x1e Generated_Source\PSoC6\pdl\middleware\ble\lib\cy_ble_stack_gcc_controller_ipc_cm0p.a(mint_buf_mgmt.o)
                0x100078f4                mint_buf_mgmt_stack_reset

i.mint_buf_mgmt_stack_search_item
                0x10007912       0x30
 i.mint_buf_mgmt_stack_search_item
                0x10007912       0x30 Generated_Source\PSoC6\pdl\middleware\ble\lib\cy_ble_stack_gcc_controller_ipc_cm0p.a(mint_buf_mgmt.o)
                0x10007912                mint_buf_mgmt_stack_search_item

i.CyBleController_HciIpcExtractPacket
                0x10007944       0xe8
 i.CyBleController_HciIpcExtractPacket
                0x10007944       0xe8 Generated_Source\PSoC6\pdl\middleware\ble\lib\cy_ble_stack_gcc_controller_ipc_cm0p.a(transport_ipc.o)
                0x10007944                CyBleController_HciIpcExtractPacket

i.CyBleController_HciIpcInit
                0x10007a2c       0x10
 i.CyBleController_HciIpcInit
                0x10007a2c       0x10 Generated_Source\PSoC6\pdl\middleware\ble\lib\cy_ble_stack_gcc_controller_ipc_cm0p.a(transport_ipc.o)
                0x10007a2c                CyBleController_HciIpcInit

i.CyBleController_HciIpcMsgCompleteReceive
                0x10007a3c       0x20
 i.CyBleController_HciIpcMsgCompleteReceive
                0x10007a3c       0x20 Generated_Source\PSoC6\pdl\middleware\ble\lib\cy_ble_stack_gcc_controller_ipc_cm0p.a(transport_ipc.o)
                0x10007a3c                CyBleController_HciIpcMsgCompleteReceive

i.CyBleController_HciIpcMsgReceive
                0x10007a5c       0x34
 i.CyBleController_HciIpcMsgReceive
                0x10007a5c       0x34 Generated_Source\PSoC6\pdl\middleware\ble\lib\cy_ble_stack_gcc_controller_ipc_cm0p.a(transport_ipc.o)
                0x10007a5c                CyBleController_HciIpcMsgReceive

i.CyBleController_HciIpcSend
                0x10007a90       0x16
 i.CyBleController_HciIpcSend
                0x10007a90       0x16 Generated_Source\PSoC6\pdl\middleware\ble\lib\cy_ble_stack_gcc_controller_ipc_cm0p.a(transport_ipc.o)
                0x10007a90                CyBleController_HciIpcSend

i.CyBleController_IpcSendStackInitHWError
                0x10007aa6        0x8
 i.CyBleController_IpcSendStackInitHWError
                0x10007aa6        0x8 Generated_Source\PSoC6\pdl\middleware\ble\lib\cy_ble_stack_gcc_controller_ipc_cm0p.a(transport_ipc.o)
                0x10007aa6                CyBleController_IpcSendStackInitHWError

i.CyBleController_IPC_HAL_Init
                0x10007ab0       0x40
 i.CyBleController_IPC_HAL_Init
                0x10007ab0       0x40 Generated_Source\PSoC6\pdl\middleware\ble\lib\cy_ble_stack_gcc_controller_ipc_cm0p.a(CyBleStackMgr_PSoCIPCHal.o)
                0x10007ab0                CyBleController_IPC_HAL_Init

i.CyBleController_IPC_HAL_InitWithStaticMem
                0x10007af0       0x10
 i.CyBleController_IPC_HAL_InitWithStaticMem
                0x10007af0       0x10 Generated_Source\PSoC6\pdl\middleware\ble\lib\cy_ble_stack_gcc_controller_ipc_cm0p.a(CyBleStackMgr_PSoCIPCHal.o)
                0x10007af0                CyBleController_IPC_HAL_InitWithStaticMem

i.CyBleController_IPC_HAL_PipeReleaseCallback
                0x10007b00       0x1c
 i.CyBleController_IPC_HAL_PipeReleaseCallback
                0x10007b00       0x1c Generated_Source\PSoC6\pdl\middleware\ble\lib\cy_ble_stack_gcc_controller_ipc_cm0p.a(CyBleStackMgr_PSoCIPCHal.o)

i.CyBleController_IPC_HAL_ProcessMsgQ
                0x10007b1c       0x40
 i.CyBleController_IPC_HAL_ProcessMsgQ
                0x10007b1c       0x40 Generated_Source\PSoC6\pdl\middleware\ble\lib\cy_ble_stack_gcc_controller_ipc_cm0p.a(CyBleStackMgr_PSoCIPCHal.o)
                0x10007b1c                CyBleController_IPC_HAL_ProcessMsgQ

i.CyBleController_IPC_HAL_PushMessage
                0x10007b5c       0x4c
 i.CyBleController_IPC_HAL_PushMessage
                0x10007b5c       0x4c Generated_Source\PSoC6\pdl\middleware\ble\lib\cy_ble_stack_gcc_controller_ipc_cm0p.a(CyBleStackMgr_PSoCIPCHal.o)

i.CyBleController_IPC_HAL_Reset
                0x10007ba8       0x2c
 i.CyBleController_IPC_HAL_Reset
                0x10007ba8       0x2c Generated_Source\PSoC6\pdl\middleware\ble\lib\cy_ble_stack_gcc_controller_ipc_cm0p.a(CyBleStackMgr_PSoCIPCHal.o)
                0x10007ba8                CyBleController_IPC_HAL_Reset

i.CyBleController_IPC_HAL_SendEnqueue
                0x10007bd4       0x10
 i.CyBleController_IPC_HAL_SendEnqueue
                0x10007bd4       0x10 Generated_Source\PSoC6\pdl\middleware\ble\lib\cy_ble_stack_gcc_controller_ipc_cm0p.a(CyBleStackMgr_PSoCIPCHal.o)
                0x10007bd4                CyBleController_IPC_HAL_SendEnqueue

i.CyBle_ControllerAesCcmDecrypt
                0x10007be4       0x50
 i.CyBle_ControllerAesCcmDecrypt
                0x10007be4       0x50 Generated_Source\PSoC6\pdl\middleware\ble\lib\cy_ble_stack_gcc_controller_ipc_cm0p.a(CyBleControllerIP_Interface.o)
                0x10007be4                CyBle_ControllerAesCcmDecrypt

i.CyBle_ControllerAesCcmEncrypt
                0x10007c34       0x44
 i.CyBle_ControllerAesCcmEncrypt
                0x10007c34       0x44 Generated_Source\PSoC6\pdl\middleware\ble\lib\cy_ble_stack_gcc_controller_ipc_cm0p.a(CyBleControllerIP_Interface.o)
                0x10007c34                CyBle_ControllerAesCcmEncrypt

i.CyBle_ControllerAesEncrypt
                0x10007c78       0x60
 i.CyBle_ControllerAesEncrypt
                0x10007c78       0x60 Generated_Source\PSoC6\pdl\middleware\ble\lib\cy_ble_stack_gcc_controller_ipc_cm0p.a(CyBleControllerIP_Interface.o)
                0x10007c78                CyBle_ControllerAesEncrypt

i.CyBle_ControllerDisableDleFeature
                0x10007cd8       0x10
 i.CyBle_ControllerDisableDleFeature
                0x10007cd8       0x10 Generated_Source\PSoC6\pdl\middleware\ble\lib\cy_ble_stack_gcc_controller_ipc_cm0p.a(CyBleControllerIP_Interface.o)
                0x10007cd8                CyBle_ControllerDisableDleFeature

i.CyBle_ControllerDisablePhyUpdateFeature
                0x10007ce8        0xc
 i.CyBle_ControllerDisablePhyUpdateFeature
                0x10007ce8        0xc Generated_Source\PSoC6\pdl\middleware\ble\lib\cy_ble_stack_gcc_controller_ipc_cm0p.a(CyBleControllerIP_Interface.o)
                0x10007ce8                CyBle_ControllerDisablePhyUpdateFeature

i.CyBle_ControllerDisablePrivacyFeature
                0x10007cf4        0xc
 i.CyBle_ControllerDisablePrivacyFeature
                0x10007cf4        0xc Generated_Source\PSoC6\pdl\middleware\ble\lib\cy_ble_stack_gcc_controller_ipc_cm0p.a(CyBleControllerIP_Interface.o)
                0x10007cf4                CyBle_ControllerDisablePrivacyFeature

i.CyBle_ControllerEnableDleFeature
                0x10007d00       0x14
 i.CyBle_ControllerEnableDleFeature
                0x10007d00       0x14 Generated_Source\PSoC6\pdl\middleware\ble\lib\cy_ble_stack_gcc_controller_ipc_cm0p.a(CyBleControllerIP_Interface.o)
                0x10007d00                CyBle_ControllerEnableDleFeature

i.CyBle_ControllerEnablePhyUpdateFeature
                0x10007d14       0x10
 i.CyBle_ControllerEnablePhyUpdateFeature
                0x10007d14       0x10 Generated_Source\PSoC6\pdl\middleware\ble\lib\cy_ble_stack_gcc_controller_ipc_cm0p.a(CyBleControllerIP_Interface.o)
                0x10007d14                CyBle_ControllerEnablePhyUpdateFeature

i.CyBle_ControllerExitLPM
                0x10007d24       0x10
 i.CyBle_ControllerExitLPM
                0x10007d24       0x10 Generated_Source\PSoC6\pdl\middleware\ble\lib\cy_ble_stack_gcc_controller_ipc_cm0p.a(CyBleControllerIP_Interface.o)
                0x10007d24                CyBle_ControllerExitLPM

i.CyBle_ControllerGetFeatureHeapReq
                0x10007d34       0x58
 i.CyBle_ControllerGetFeatureHeapReq
                0x10007d34       0x58 Generated_Source\PSoC6\pdl\middleware\ble\lib\cy_ble_stack_gcc_controller_ipc_cm0p.a(CyBleControllerIP_Interface.o)
                0x10007d34                CyBle_ControllerGetFeatureHeapReq

i.CyBle_ControllerGetFirmwareProgrammedDSM
                0x10007d8c        0xc
 i.CyBle_ControllerGetFirmwareProgrammedDSM
                0x10007d8c        0xc Generated_Source\PSoC6\pdl\middleware\ble\lib\cy_ble_stack_gcc_controller_ipc_cm0p.a(CyBleControllerIP_Interface.o)
                0x10007d8c                CyBle_ControllerGetFirmwareProgrammedDSM

i.CyBle_ControllerGetHeapMemory
                0x10007d98       0x18
 i.CyBle_ControllerGetHeapMemory
                0x10007d98       0x18 Generated_Source\PSoC6\pdl\middleware\ble\lib\cy_ble_stack_gcc_controller_ipc_cm0p.a(CyBleControllerIP_Interface.o)
                0x10007d98                CyBle_ControllerGetHeapMemory

i.CyBle_ControllerGetInternalHeapReq
                0x10007db0       0x40
 i.CyBle_ControllerGetInternalHeapReq
                0x10007db0       0x40 Generated_Source\PSoC6\pdl\middleware\ble\lib\cy_ble_stack_gcc_controller_ipc_cm0p.a(CyBleControllerIP_Interface.o)
                0x10007db0                CyBle_ControllerGetInternalHeapReq

i.CyBle_ControllerHCIReInit
                0x10007df0       0x60
 i.CyBle_ControllerHCIReInit
                0x10007df0       0x60 Generated_Source\PSoC6\pdl\middleware\ble\lib\cy_ble_stack_gcc_controller_ipc_cm0p.a(CyBleControllerIP_Interface.o)
                0x10007df0                CyBle_ControllerHCIReInit

i.CyBle_ControllerInit
                0x10007e50       0x68
 i.CyBle_ControllerInit
                0x10007e50       0x68 Generated_Source\PSoC6\pdl\middleware\ble\lib\cy_ble_stack_gcc_controller_ipc_cm0p.a(CyBleControllerIP_Interface.o)
                0x10007e50                CyBle_ControllerInit

i.CyBle_ControllerReset
                0x10007eb8       0x20
 i.CyBle_ControllerReset
                0x10007eb8       0x20 Generated_Source\PSoC6\pdl\middleware\ble\lib\cy_ble_stack_gcc_controller_ipc_cm0p.a(CyBleControllerIP_Interface.o)
                0x10007eb8                CyBle_ControllerReset

i.CyBle_ControllerSaveLastConnTxPower
                0x10007ed8       0x10
 i.CyBle_ControllerSaveLastConnTxPower
                0x10007ed8       0x10 Generated_Source\PSoC6\pdl\middleware\ble\lib\cy_ble_stack_gcc_controller_ipc_cm0p.a(CyBleControllerIP_Interface.o)
                0x10007ed8                CyBle_ControllerSaveLastConnTxPower

i.CyBle_ControllerSetFeatureConfig
                0x10007ee8       0x68
 i.CyBle_ControllerSetFeatureConfig
                0x10007ee8       0x68 Generated_Source\PSoC6\pdl\middleware\ble\lib\cy_ble_stack_gcc_controller_ipc_cm0p.a(CyBleControllerIP_Interface.o)
                0x10007ee8                CyBle_ControllerSetFeatureConfig

i.CyBle_ControllerSetFirmwareProgrammedDSM
                0x10007f50        0xc
 i.CyBle_ControllerSetFirmwareProgrammedDSM
                0x10007f50        0xc Generated_Source\PSoC6\pdl\middleware\ble\lib\cy_ble_stack_gcc_controller_ipc_cm0p.a(CyBleControllerIP_Interface.o)
                0x10007f50                CyBle_ControllerSetFirmwareProgrammedDSM

i.CyBle_ControllerValidateInputParams
                0x10007f5c       0x24
 i.CyBle_ControllerValidateInputParams
                0x10007f5c       0x24 Generated_Source\PSoC6\pdl\middleware\ble\lib\cy_ble_stack_gcc_controller_ipc_cm0p.a(CyBleControllerIP_Interface.o)
                0x10007f5c                CyBle_ControllerValidateInputParams

i.ll_check_and_mark_packet_ready_for_transmission
                0x10007f80       0x5c
 i.ll_check_and_mark_packet_ready_for_transmission
                0x10007f80       0x5c Generated_Source\PSoC6\pdl\middleware\ble\lib\cy_ble_stack_gcc_controller_ipc_cm0p.a(ll.o)
                0x10007f80                ll_check_and_mark_packet_ready_for_transmission

i.ll_cleanup_pending_data_pdu
                0x10007fdc       0x3c
 i.ll_cleanup_pending_data_pdu
                0x10007fdc       0x3c Generated_Source\PSoC6\pdl\middleware\ble\lib\cy_ble_stack_gcc_controller_ipc_cm0p.a(ll.o)
                0x10007fdc                ll_cleanup_pending_data_pdu

i.ll_dequeue_data_in_pdu_q_mgr
                0x10008018      0x1b8
 i.ll_dequeue_data_in_pdu_q_mgr
                0x10008018      0x1b8 Generated_Source\PSoC6\pdl\middleware\ble\lib\cy_ble_stack_gcc_controller_ipc_cm0p.a(ll.o)
                0x10008018                ll_dequeue_data_in_pdu_q_mgr

i.ll_derive_window_offset
                0x100081d0       0x20
 i.ll_derive_window_offset
                0x100081d0       0x20 Generated_Source\PSoC6\pdl\middleware\ble\lib\cy_ble_stack_gcc_controller_ipc_cm0p.a(ll.o)
                0x100081d0                ll_derive_window_offset

i.ll_derive_window_size
                0x100081f0        0xc
 i.ll_derive_window_size
                0x100081f0        0xc Generated_Source\PSoC6\pdl\middleware\ble\lib\cy_ble_stack_gcc_controller_ipc_cm0p.a(ll.o)
                0x100081f0                ll_derive_window_size

i.ll_enqueue_data_in_pdu_q_mgr
                0x100081fc       0x9c
 i.ll_enqueue_data_in_pdu_q_mgr
                0x100081fc       0x9c Generated_Source\PSoC6\pdl\middleware\ble\lib\cy_ble_stack_gcc_controller_ipc_cm0p.a(ll.o)
                0x100081fc                ll_enqueue_data_in_pdu_q_mgr

i.ll_exit_low_power_mode
                0x10008298       0x6c
 i.ll_exit_low_power_mode
                0x10008298       0x6c Generated_Source\PSoC6\pdl\middleware\ble\lib\cy_ble_stack_gcc_controller_ipc_cm0p.a(ll.o)
                0x10008298                ll_exit_low_power_mode

i.ll_get_ack_status
                0x10008304       0x44
 i.ll_get_ack_status
                0x10008304       0x44 Generated_Source\PSoC6\pdl\middleware\ble\lib\cy_ble_stack_gcc_controller_ipc_cm0p.a(ll.o)
                0x10008304                ll_get_ack_status

i.ll_get_adv_ch_tx_power
                0x10008348       0x16
 i.ll_get_adv_ch_tx_power
                0x10008348       0x16 Generated_Source\PSoC6\pdl\middleware\ble\lib\cy_ble_stack_gcc_controller_ipc_cm0p.a(ll.o)
                0x10008348                ll_get_adv_ch_tx_power

i.ll_get_data_channel_map
                0x1000835e       0x28
 i.ll_get_data_channel_map
                0x1000835e       0x28 Generated_Source\PSoC6\pdl\middleware\ble\lib\cy_ble_stack_gcc_controller_ipc_cm0p.a(ll.o)
                0x1000835e                ll_get_data_channel_map

i.ll_get_max_white_list_size
                0x10008388        0xc
 i.ll_get_max_white_list_size
                0x10008388        0xc Generated_Source\PSoC6\pdl\middleware\ble\lib\cy_ble_stack_gcc_controller_ipc_cm0p.a(ll.o)
                0x10008388                ll_get_max_white_list_size

i.ll_get_my_role
                0x10008394        0xc
 i.ll_get_my_role
                0x10008394        0xc Generated_Source\PSoC6\pdl\middleware\ble\lib\cy_ble_stack_gcc_controller_ipc_cm0p.a(ll.o)
                0x10008394                ll_get_my_role

i.ll_get_next_available_fifo_for_data_pdu
                0x100083a0        0x8
 i.ll_get_next_available_fifo_for_data_pdu
                0x100083a0        0x8 Generated_Source\PSoC6\pdl\middleware\ble\lib\cy_ble_stack_gcc_controller_ipc_cm0p.a(ll.o)
                0x100083a0                ll_get_next_available_fifo_for_data_pdu

i.ll_get_next_available_fifo_for_ll_pdu
                0x100083a8       0x30
 i.ll_get_next_available_fifo_for_ll_pdu
                0x100083a8       0x30 Generated_Source\PSoC6\pdl\middleware\ble\lib\cy_ble_stack_gcc_controller_ipc_cm0p.a(ll.o)
                0x100083a8                ll_get_next_available_fifo_for_ll_pdu

i.ll_get_rssi_value
                0x100083d8       0x28
 i.ll_get_rssi_value
                0x100083d8       0x28 Generated_Source\PSoC6\pdl\middleware\ble\lib\cy_ble_stack_gcc_controller_ipc_cm0p.a(ll.o)
                0x100083d8                ll_get_rssi_value

i.ll_get_transmit_power_level
                0x10008400       0x20
 i.ll_get_transmit_power_level
                0x10008400       0x20 Generated_Source\PSoC6\pdl\middleware\ble\lib\cy_ble_stack_gcc_controller_ipc_cm0p.a(ll.o)
                0x10008400                ll_get_transmit_power_level

i.ll_handle_ack_received
                0x10008420       0x6c
 i.ll_handle_ack_received
                0x10008420       0x6c Generated_Source\PSoC6\pdl\middleware\ble\lib\cy_ble_stack_gcc_controller_ipc_cm0p.a(ll.o)
                0x10008420                ll_handle_ack_received

i.ll_handle_add_device_in_whitelist
                0x1000848c       0xbc
 i.ll_handle_add_device_in_whitelist
                0x1000848c       0xbc Generated_Source\PSoC6\pdl\middleware\ble\lib\cy_ble_stack_gcc_controller_ipc_cm0p.a(ll.o)
                0x1000848c                ll_handle_add_device_in_whitelist

i.ll_handle_clear_whitelist
                0x10008548       0x2c
 i.ll_handle_clear_whitelist
                0x10008548       0x2c Generated_Source\PSoC6\pdl\middleware\ble\lib\cy_ble_stack_gcc_controller_ipc_cm0p.a(ll.o)
                0x10008548                ll_handle_clear_whitelist

i.ll_handle_encrypt_host_data
                0x10008574       0x36
 i.ll_handle_encrypt_host_data
                0x10008574       0x36 Generated_Source\PSoC6\pdl\middleware\ble\lib\cy_ble_stack_gcc_controller_ipc_cm0p.a(ll.o)
                0x10008574                ll_handle_encrypt_host_data

i.ll_handle_host_data_packet
                0x100085ac       0xc4
 i.ll_handle_host_data_packet
                0x100085ac       0xc4 Generated_Source\PSoC6\pdl\middleware\ble\lib\cy_ble_stack_gcc_controller_ipc_cm0p.a(ll.o)
                0x100085ac                ll_handle_host_data_packet

i.ll_handle_read_host_channel_map
                0x10008670        0x4
 i.ll_handle_read_host_channel_map
                0x10008670        0x4 Generated_Source\PSoC6\pdl\middleware\ble\lib\cy_ble_stack_gcc_controller_ipc_cm0p.a(ll.o)
                0x10008670                ll_handle_read_host_channel_map

i.ll_handle_remove_device_in_whitelist
                0x10008674      0x118
 i.ll_handle_remove_device_in_whitelist
                0x10008674      0x118 Generated_Source\PSoC6\pdl\middleware\ble\lib\cy_ble_stack_gcc_controller_ipc_cm0p.a(ll.o)
                0x10008674                ll_handle_remove_device_in_whitelist

i.ll_handle_reset
                0x1000878c        0xe
 i.ll_handle_reset
                0x1000878c        0xe Generated_Source\PSoC6\pdl\middleware\ble\lib\cy_ble_stack_gcc_controller_ipc_cm0p.a(ll.o)
                0x1000878c                ll_handle_reset

i.ll_handle_set_host_channel_map
                0x1000879c       0x34
 i.ll_handle_set_host_channel_map
                0x1000879c       0x34 Generated_Source\PSoC6\pdl\middleware\ble\lib\cy_ble_stack_gcc_controller_ipc_cm0p.a(ll.o)
                0x1000879c                ll_handle_set_host_channel_map

i.ll_handle_set_random_address
                0x100087d0       0x40
 i.ll_handle_set_random_address
                0x100087d0       0x40 Generated_Source\PSoC6\pdl\middleware\ble\lib\cy_ble_stack_gcc_controller_ipc_cm0p.a(ll.o)
                0x100087d0                ll_handle_set_random_address

i.ll_handle_start_receiver_test
                0x10008810       0x18
 i.ll_handle_start_receiver_test
                0x10008810       0x18 Generated_Source\PSoC6\pdl\middleware\ble\lib\cy_ble_stack_gcc_controller_ipc_cm0p.a(ll.o)
                0x10008810                ll_handle_start_receiver_test

i.ll_handle_start_transmitter_test
                0x10008828       0x1c
 i.ll_handle_start_transmitter_test
                0x10008828       0x1c Generated_Source\PSoC6\pdl\middleware\ble\lib\cy_ble_stack_gcc_controller_ipc_cm0p.a(ll.o)
                0x10008828                ll_handle_start_transmitter_test

i.ll_handle_test_test_end
                0x10008844       0x28
 i.ll_handle_test_test_end
                0x10008844       0x28 Generated_Source\PSoC6\pdl\middleware\ble\lib\cy_ble_stack_gcc_controller_ipc_cm0p.a(ll.o)
                0x10008844                ll_handle_test_test_end

i.ll_handle_vendor_read_retention_list_address
                0x1000886c       0x10
 i.ll_handle_vendor_read_retention_list_address