Archive member included to satisfy reference by file (symbol)

Generated_Source\PSoC6\pdl\middleware\ble\lib\cy_ble_stack_gcc_host_ipc_cm4.a(CyBleStackMgrIP_Interface.o)
                              .\CortexM4\ARM_GCC_541\Debug\cy_ble.o (Cy_BLE_EnableDleFeature)
Generated_Source\PSoC6\pdl\middleware\ble\lib\cy_ble_stack_gcc_host_ipc_cm4.a(BT_os.o)
                              Generated_Source\PSoC6\pdl\middleware\ble\lib\cy_ble_stack_gcc_host_ipc_cm4.a(CyBleStackMgrIP_Interface.o) (cyBleStackMemoryConfig)
Generated_Source\PSoC6\pdl\middleware\ble\lib\cy_ble_stack_gcc_host_ipc_cm4.a(CyBleStackMgr_StackTaskHandler.o)
                              Generated_Source\PSoC6\pdl\middleware\ble\lib\cy_ble_stack_gcc_host_ipc_cm4.a(CyBleStackMgrIP_Interface.o) (CyBle_CreateBleStackTask)
Generated_Source\PSoC6\pdl\middleware\ble\lib\cy_ble_stack_gcc_host_ipc_cm4.a(storage_pl.o)
                              Generated_Source\PSoC6\pdl\middleware\ble\lib\cy_ble_stack_gcc_host_ipc_cm4.a(CyBleStackMgrIP_Interface.o) (storage_manager_init)
Generated_Source\PSoC6\pdl\middleware\ble\lib\cy_ble_stack_gcc_host_ipc_cm4.a(mint_os.o)
                              Generated_Source\PSoC6\pdl\middleware\ble\lib\cy_ble_stack_gcc_host_ipc_cm4.a(CyBleStackMgrIP_Interface.o) (OS_init)
Generated_Source\PSoC6\pdl\middleware\ble\lib\cy_ble_stack_gcc_host_ipc_cm4.a(mint_os_queue.o)
                              Generated_Source\PSoC6\pdl\middleware\ble\lib\cy_ble_stack_gcc_host_ipc_cm4.a(mint_os.o) (OS_TOTAL_QUEUES)
Generated_Source\PSoC6\pdl\middleware\ble\lib\cy_ble_stack_gcc_host_ipc_cm4.a(mint_os_task.o)
                              Generated_Source\PSoC6\pdl\middleware\ble\lib\cy_ble_stack_gcc_host_ipc_cm4.a(mint_os.o) (idle_func_handler)
Generated_Source\PSoC6\pdl\middleware\ble\lib\cy_ble_stack_gcc_host_ipc_cm4.a(mint_buf_mgmt.o)
                              Generated_Source\PSoC6\pdl\middleware\ble\lib\cy_ble_stack_gcc_host_ipc_cm4.a(BT_os.o) (mint_buf_mgmt_allocate_buffer)
Generated_Source\PSoC6\pdl\middleware\ble\lib\cy_ble_stack_gcc_host_ipc_cm4.a(transport_ipc.o)
                              Generated_Source\PSoC6\pdl\middleware\ble\lib\cy_ble_stack_gcc_host_ipc_cm4.a(CyBleStackMgr_StackTaskHandler.o) (CyBleHost_HciIpcFreePktBuffer)
Generated_Source\PSoC6\pdl\middleware\ble\lib\cy_ble_stack_gcc_host_ipc_cm4.a(CyBleStackMgr_PSoCIPCHal.o)
                              Generated_Source\PSoC6\pdl\middleware\ble\lib\cy_ble_stack_gcc_host_ipc_cm4.a(transport_ipc.o) (CyBleHost_IPC_HAL_InitWithStaticMem)
Generated_Source\PSoC6\pdl\middleware\ble\lib\cy_ble_stack_gcc_host_ipc_cm4.a(host_main.o)
                              Generated_Source\PSoC6\pdl\middleware\ble\lib\cy_ble_stack_gcc_host_ipc_cm4.a(CyBleStackMgrIP_Interface.o) (CyBle_HostInit)
Generated_Source\PSoC6\pdl\middleware\ble\lib\cy_ble_stack_gcc_host_ipc_cm4.a(att_api.o)
                              Generated_Source\PSoC6\pdl\middleware\ble\lib\cy_ble_stack_gcc_host_ipc_cm4.a(host_main.o) (BT_att_register)
Generated_Source\PSoC6\pdl\middleware\ble\lib\cy_ble_stack_gcc_host_ipc_cm4.a(att_init.o)
                              Generated_Source\PSoC6\pdl\middleware\ble\lib\cy_ble_stack_gcc_host_ipc_cm4.a(att_api.o) (att_connections)
Generated_Source\PSoC6\pdl\middleware\ble\lib\cy_ble_stack_gcc_host_ipc_cm4.a(att_internal.o)
                              Generated_Source\PSoC6\pdl\middleware\ble\lib\cy_ble_stack_gcc_host_ipc_cm4.a(att_api.o) (att_get_fsm_event)
Generated_Source\PSoC6\pdl\middleware\ble\lib\cy_ble_stack_gcc_host_ipc_cm4.a(BT_common.o)
                              Generated_Source\PSoC6\pdl\middleware\ble\lib\cy_ble_stack_gcc_host_ipc_cm4.a(host_main.o) (BT_bluetooth_off)
Generated_Source\PSoC6\pdl\middleware\ble\lib\cy_ble_stack_gcc_host_ipc_cm4.a(device_queue.o)
                              Generated_Source\PSoC6\pdl\middleware\ble\lib\cy_ble_stack_gcc_host_ipc_cm4.a(host_main.o) (CyBle_DeviceQueueHeapDeInit)
Generated_Source\PSoC6\pdl\middleware\ble\lib\cy_ble_stack_gcc_host_ipc_cm4.a(l2cap.o)
                              Generated_Source\PSoC6\pdl\middleware\ble\lib\cy_ble_stack_gcc_host_ipc_cm4.a(host_main.o) (CyBle_L2capCB)
Generated_Source\PSoC6\pdl\middleware\ble\lib\cy_ble_stack_gcc_host_ipc_cm4.a(l2cap_disconnect.o)
                              Generated_Source\PSoC6\pdl\middleware\ble\lib\cy_ble_stack_gcc_host_ipc_cm4.a(l2cap.o) (l2ca_disconnect_req)
Generated_Source\PSoC6\pdl\middleware\ble\lib\cy_ble_stack_gcc_host_ipc_cm4.a(l2cap_init.o)
                              Generated_Source\PSoC6\pdl\middleware\ble\lib\cy_ble_stack_gcc_host_ipc_cm4.a(l2cap_disconnect.o) (l2cap_fixed_channel)
Generated_Source\PSoC6\pdl\middleware\ble\lib\cy_ble_stack_gcc_host_ipc_cm4.a(l2cap_utils.o)
                              Generated_Source\PSoC6\pdl\middleware\ble\lib\cy_ble_stack_gcc_host_ipc_cm4.a(l2cap_disconnect.o) (l2cap_buffer_dequeue)
[...]
Memory Configuration

Name             Origin             Length             Attributes
ram              0x08024000         0x00023800         xrw
flash            0x10080000         0x00080000         xr
em_eeprom        0x14000000         0x00008000         xr
sflash_user_data 0x16000800         0x00000800         xr
sflash_nar       0x16001a00         0x00000200         xr
sflash_public_key 0x16005a00         0x00000c00         xr
sflash_toc_2     0x16007c00         0x00000200         xr
sflash_rtoc_2    0x16007e00         0x00000200         xr
xip              0x18000000         0x08000000         xr
efuse            0x90700000         0x00100000         r
*default*        0x00000000         0xffffffff

Linker script and memory map

LOAD d:/psoc_jingyi/psoc creator/4.4/psoc creator/import/gnu/arm/5.4.1/bin/../lib/gcc/arm-none-eabi/5.4.1/armv7e-m/softfp/crti.o
LOAD d:/psoc_jingyi/psoc creator/4.4/psoc creator/import/gnu/arm/5.4.1/bin/../lib/gcc/arm-none-eabi/5.4.1/armv7e-m/softfp/crtbegin.o
LOAD d:/psoc_jingyi/psoc creator/4.4/psoc creator/import/gnu/arm/5.4.1/bin/../lib/gcc/arm-none-eabi/5.4.1/../../../../arm-none-eabi/lib/armv7e-m/softfp/crt0.o
START GROUP
LOAD Generated_Source\PSoC6\pdl\middleware\ble\lib\cy_ble_stack_gcc_host_ipc_cm4.a
LOAD .\CortexM4\ARM_GCC_541\Debug\startup_psoc6_01_cm4.o
LOAD .\CortexM4\ARM_GCC_541\Debug\MAX30105.o
LOAD .\CortexM4\ARM_GCC_541\Debug\milliseconds.o
LOAD .\CortexM4\ARM_GCC_541\Debug\heartRate.o
LOAD .\CortexM4\ARM_GCC_541\Debug\spo2_algorithm.o
LOAD .\CortexM4\ARM_GCC_541\Debug\AD5273.o
LOAD .\CortexM4\ARM_GCC_541\Debug\utils.o
LOAD .\CortexM4\ARM_GCC_541\Debug\main_cm4.o
LOAD .\CortexM4\ARM_GCC_541\Debug\system_psoc6_cm4.o
LOAD .\CortexM4\ARM_GCC_541\Debug\cyfitter_sysint_cfg.o
LOAD .\CortexM4\ARM_GCC_541\Debug\cymetadata.o
LOAD .\CortexM4\ARM_GCC_541\Debug\cy_efuse.o
LOAD .\CortexM4\ARM_GCC_541\Debug\cy_flash.o
LOAD .\CortexM4\ARM_GCC_541\Debug\cy_gpio.o
LOAD .\CortexM4\ARM_GCC_541\Debug\cy_ipc_drv.o
LOAD .\CortexM4\ARM_GCC_541\Debug\cy_ipc_sema.o
LOAD .\CortexM4\ARM_GCC_541\Debug\cy_ipc_pipe.o
LOAD .\CortexM4\ARM_GCC_541\Debug\cy_lvd.o
LOAD .\CortexM4\ARM_GCC_541\Debug\cy_profile.o
LOAD .\CortexM4\ARM_GCC_541\Debug\cy_prot.o
LOAD .\CortexM4\ARM_GCC_541\Debug\cy_sysanalog.o
LOAD .\CortexM4\ARM_GCC_541\Debug\cy_sysclk.o
LOAD .\CortexM4\ARM_GCC_541\Debug\cy_sysint.o
LOAD .\CortexM4\ARM_GCC_541\Debug\cy_syslib.o
LOAD .\CortexM4\ARM_GCC_541\Debug\cy_syslib_gcc.o
LOAD .\CortexM4\ARM_GCC_541\Debug\cy_syspm.o
LOAD .\CortexM4\ARM_GCC_541\Debug\cy_systick.o
LOAD .\CortexM4\ARM_GCC_541\Debug\cy_trigmux.o
LOAD .\CortexM4\ARM_GCC_541\Debug\cy_wdt.o
LOAD .\CortexM4\ARM_GCC_541\Debug\cy_device.o
LOAD .\CortexM4\ARM_GCC_541\Debug\cy_scb_common.o
LOAD .\CortexM4\ARM_GCC_541\Debug\cy_scb_i2c.o
LOAD .\CortexM4\ARM_GCC_541\Debug\cy_scb_ezi2c.o
LOAD .\CortexM4\ARM_GCC_541\Debug\cy_scb_spi.o
LOAD .\CortexM4\ARM_GCC_541\Debug\cy_scb_uart.o
LOAD .\CortexM4\ARM_GCC_541\Debug\cy_tcpwm_counter.o
LOAD .\CortexM4\ARM_GCC_541\Debug\cy_tcpwm_pwm.o
LOAD .\CortexM4\ARM_GCC_541\Debug\cy_tcpwm_quaddec.o
LOAD .\CortexM4\ARM_GCC_541\Debug\cy_ble_clk.o
LOAD .\CortexM4\ARM_GCC_541\Debug\cy_ble.o
LOAD .\CortexM4\ARM_GCC_541\Debug\cy_ble_hal_int.o
LOAD .\CortexM4\ARM_GCC_541\Debug\cy_ble_hal_pvt.o
LOAD .\CortexM4\ARM_GCC_541\Debug\cy_ble_gap.o
LOAD .\CortexM4\ARM_GCC_541\Debug\cy_ble_gatt.o
LOAD .\CortexM4\ARM_GCC_541\Debug\cy_ble_event_handler.o
LOAD .\CortexM4\ARM_GCC_541\Debug\cy_ble_ancs.o
LOAD .\CortexM4\ARM_GCC_541\Debug\cy_ble_ans.o
LOAD .\CortexM4\ARM_GCC_541\Debug\cy_ble_aios.o
LOAD .\CortexM4\ARM_GCC_541\Debug\cy_ble_bas.o
LOAD .\CortexM4\ARM_GCC_541\Debug\cy_ble_bcs.o
LOAD .\CortexM4\ARM_GCC_541\Debug\cy_ble_bls.o
LOAD .\CortexM4\ARM_GCC_541\Debug\cy_ble_bms.o
LOAD .\CortexM4\ARM_GCC_541\Debug\cy_ble_bts.o
LOAD .\CortexM4\ARM_GCC_541\Debug\cy_ble_cgms.o
LOAD .\CortexM4\ARM_GCC_541\Debug\cy_ble_cps.o
LOAD .\CortexM4\ARM_GCC_541\Debug\cy_ble_cscs.o
LOAD .\CortexM4\ARM_GCC_541\Debug\cy_ble_cts.o
LOAD .\CortexM4\ARM_GCC_541\Debug\cy_ble_custom.o
LOAD .\CortexM4\ARM_GCC_541\Debug\cy_ble_dis.o
LOAD .\CortexM4\ARM_GCC_541\Debug\cy_ble_ess.o
LOAD .\CortexM4\ARM_GCC_541\Debug\cy_ble_gls.o
LOAD .\CortexM4\ARM_GCC_541\Debug\cy_ble_hids.o
LOAD .\CortexM4\ARM_GCC_541\Debug\cy_ble_hps.o
LOAD .\CortexM4\ARM_GCC_541\Debug\cy_ble_hrs.o
LOAD .\CortexM4\ARM_GCC_541\Debug\cy_ble_hts.o
LOAD .\CortexM4\ARM_GCC_541\Debug\cy_ble_ias.o
LOAD .\CortexM4\ARM_GCC_541\Debug\cy_ble_ips.o
LOAD .\CortexM4\ARM_GCC_541\Debug\cy_ble_lls.o
LOAD .\CortexM4\ARM_GCC_541\Debug\cy_ble_lns.o
LOAD .\CortexM4\ARM_GCC_541\Debug\cy_ble_ndcs.o
LOAD .\CortexM4\ARM_GCC_541\Debug\cy_ble_plxs.o
LOAD .\CortexM4\ARM_GCC_541\Debug\cy_ble_pass.o
LOAD .\CortexM4\ARM_GCC_541\Debug\cy_ble_rscs.o
LOAD .\CortexM4\ARM_GCC_541\Debug\cy_ble_rtus.o
LOAD .\CortexM4\ARM_GCC_541\Debug\cy_ble_scps.o
LOAD .\CortexM4\ARM_GCC_541\Debug\cy_ble_tps.o
LOAD .\CortexM4\ARM_GCC_541\Debug\cy_ble_uds.o
LOAD .\CortexM4\ARM_GCC_541\Debug\cy_ble_wpts.o
LOAD .\CortexM4\ARM_GCC_541\Debug\cy_ble_wss.o
LOAD .\CortexM4\ARM_GCC_541\Debug\Timer.o
LOAD .\CortexM4\ARM_GCC_541\Debug\Uart_Printf.o
LOAD .\CortexM4\ARM_GCC_541\Debug\I2C_BUS.o
LOAD .\CortexM4\ARM_GCC_541\Debug\BLE.o
LOAD .\CortexM4\ARM_GCC_541\Debug\BLE_config.o
LOAD .\CortexM4\ARM_GCC_541\Debug\BLE_custom_config.o
LOAD .\CortexM4\ARM_GCC_541\Debug\BLE_bas_config.o
LOAD .\CortexM4\ARM_GCC_541\Debug\BLE_dis_config.o
LOAD .\CortexM4\ARM_GCC_541\Debug\BLE_hrs_config.o
END GROUP
START GROUP
LOAD d:/psoc_jingyi/psoc creator/4.4/psoc creator/import/gnu/arm/5.4.1/bin/../lib/gcc/arm-none-eabi/5.4.1/armv7e-m/softfp\libgcc.a
LOAD d:/psoc_jingyi/psoc creator/4.4/psoc creator/import/gnu/arm/5.4.1/bin/../lib/gcc/arm-none-eabi/5.4.1/../../../../arm-none-eabi/lib/armv7e-m/softfp\libg_nano.a
LOAD d:/psoc_jingyi/psoc creator/4.4/psoc creator/import/gnu/arm/5.4.1/bin/../lib/gcc/arm-none-eabi/5.4.1/../../../../arm-none-eabi/lib/armv7e-m/softfp\libc_nano.a
END GROUP
START GROUP
LOAD d:/psoc_jingyi/psoc creator/4.4/psoc creator/import/gnu/arm/5.4.1/bin/../lib/gcc/arm-none-eabi/5.4.1/armv7e-m/softfp\libgcc.a
LOAD d:/psoc_jingyi/psoc creator/4.4/psoc creator/import/gnu/arm/5.4.1/bin/../lib/gcc/arm-none-eabi/5.4.1/../../../../arm-none-eabi/lib/armv7e-m/softfp\libc_nano.a
END GROUP
LOAD d:/psoc_jingyi/psoc creator/4.4/psoc creator/import/gnu/arm/5.4.1/bin/../lib/gcc/arm-none-eabi/5.4.1/armv7e-m/softfp/crtend.o
LOAD d:/psoc_jingyi/psoc creator/4.4/psoc creator/import/gnu/arm/5.4.1/bin/../lib/gcc/arm-none-eabi/5.4.1/armv7e-m/softfp/crtn.o
START GROUP
LOAD d:/psoc_jingyi/psoc creator/4.4/psoc creator/import/gnu/arm/5.4.1/bin/../lib/gcc/arm-none-eabi/5.4.1/armv7e-m/softfp\libgcc.a
LOAD d:/psoc_jingyi/psoc creator/4.4/psoc creator/import/gnu/arm/5.4.1/bin/../lib/gcc/arm-none-eabi/5.4.1/../../../../arm-none-eabi/lib/armv7e-m/softfp\libc.a
LOAD d:/psoc_jingyi/psoc creator/4.4/psoc creator/import/gnu/arm/5.4.1/bin/../lib/gcc/arm-none-eabi/5.4.1/../../../../arm-none-eabi/lib/armv7e-m/softfp\libnosys.a
END GROUP
START GROUP
LOAD d:/psoc_jingyi/psoc creator/4.4/psoc creator/import/gnu/arm/5.4.1/bin/../lib/gcc/arm-none-eabi/5.4.1/armv7e-m/softfp\libgcc.a
LOAD d:/psoc_jingyi/psoc creator/4.4/psoc creator/import/gnu/arm/5.4.1/bin/../lib/gcc/arm-none-eabi/5.4.1/../../../../arm-none-eabi/lib/armv7e-m/softfp\libc.a
LOAD d:/psoc_jingyi/psoc creator/4.4/psoc creator/import/gnu/arm/5.4.1/bin/../lib/gcc/arm-none-eabi/5.4.1/../../../../arm-none-eabi/lib/armv7e-m/softfp\libm.a
LOAD d:/psoc_jingyi/psoc creator/4.4/psoc creator/import/gnu/arm/5.4.1/bin/../lib/gcc/arm-none-eabi/5.4.1/../../../../arm-none-eabi/lib/armv7e-m/softfp\libnosys.a
END GROUP

.text           0x10080000     0x9254
                0x10080000                . = ALIGN (0x4)
                0x10080000                __Vectors = .
 *(.vectors)
 .vectors       0x10080000      0x28c .\CortexM4\ARM_GCC_541\Debug\startup_psoc6_01_cm4.o
                0x1008028c                . = ALIGN (0x4)
                0x1008028c                __Vectors_End = .
                0x0000028c                __Vectors_Size = (__Vectors_End - __Vectors)
                0x1008028c                __end__ = .
                0x1008028c                . = ALIGN (0x4)
 *(.text*)
 .text          0x1008028c       0x5c d:/psoc_jingyi/psoc creator/4.4/psoc creator/import/gnu/arm/5.4.1/bin/../lib/gcc/arm-none-eabi/5.4.1/armv7e-m/softfp/crtbegin.o
 .text          0x100802e8       0x84 .\CortexM4\ARM_GCC_541\Debug\startup_psoc6_01_cm4.o
                0x100802e8                Cy_OnResetUser
                0x100802ea                Reset_Handler
                0x1008034c                cpuss_interrupts_ipc_6_IRQHandler
                0x1008034c                DebugMon_Handler
                0x1008034c                tcpwm_1_interrupts_11_IRQHandler
                0x1008034c                cpuss_interrupts_ipc_0_IRQHandler
                0x1008034c                tcpwm_1_interrupts_15_IRQHandler
                0x1008034c                ioss_interrupts_gpio_13_IRQHandler
                0x1008034c                tcpwm_1_interrupts_13_IRQHandler
                0x1008034c                cpuss_interrupts_dw1_8_IRQHandler
                0x1008034c                tcpwm_0_interrupts_0_IRQHandler
                0x1008034c                SysTick_Handler
                0x1008034c                cpuss_interrupt_fm_IRQHandler
                0x1008034c                cpuss_interrupts_ipc_7_IRQHandler
                0x1008034c                tcpwm_1_interrupts_14_IRQHandler
                0x1008034c                cpuss_interrupts_dw0_5_IRQHandler
                0x1008034c                tcpwm_1_interrupts_9_IRQHandler
                0x1008034c                cpuss_interrupts_cm0_cti_1_IRQHandler
                0x1008034c                tcpwm_1_interrupts_22_IRQHandler
                0x1008034c                cpuss_interrupts_dw0_4_IRQHandler
                0x1008034c                PendSV_Handler
                0x1008034c                NMI_Handler
                0x1008034c                cpuss_interrupts_dw1_12_IRQHandler
                0x1008034c                tcpwm_1_interrupts_12_IRQHandler
                0x1008034c                smif_interrupt_IRQHandler
                0x1008034c                tcpwm_1_interrupts_2_IRQHandler
                0x1008034c                cpuss_interrupts_ipc_13_IRQHandler
                0x1008034c                udb_interrupts_11_IRQHandler
                0x1008034c                tcpwm_1_interrupts_18_IRQHandler
                0x1008034c                cpuss_interrupts_dw0_11_IRQHandler
                0x1008034c                tcpwm_0_interrupts_2_IRQHandler
                0x1008034c                cpuss_interrupts_dw0_13_IRQHandler
                0x1008034c                udb_interrupts_2_IRQHandler
                0x1008034c                cpuss_interrupts_dw1_7_IRQHandler
                0x1008034c                ioss_interrupts_gpio_1_IRQHandler
                0x1008034c                ioss_interrupts_gpio_7_IRQHandler
                0x1008034c                scb_5_interrupt_IRQHandler
                0x1008034c                udb_interrupts_6_IRQHandler
                0x1008034c                cpuss_interrupts_fault_1_IRQHandler
                0x1008034c                cpuss_interrupts_ipc_4_IRQHandler
                0x1008034c                cpuss_interrupts_ipc_5_IRQHandler
                0x1008034c                cpuss_interrupts_dw1_10_IRQHandler
                0x1008034c                udb_interrupts_0_IRQHandler
                0x1008034c                tcpwm_1_interrupts_6_IRQHandler
                0x1008034c                scb_4_interrupt_IRQHandler
                0x1008034c                pass_interrupt_dacs_IRQHandler
                0x1008034c                ioss_interrupts_gpio_2_IRQHandler
                0x1008034c                cpuss_interrupts_dw1_9_IRQHandler
                0x1008034c                cpuss_interrupts_dw1_13_IRQHandler
                0x1008034c                scb_2_interrupt_IRQHandler
                0x1008034c                cpuss_interrupts_cm0_cti_0_IRQHandler
                0x1008034c                udb_interrupts_5_IRQHandler
                0x1008034c                srss_interrupt_IRQHandler
                0x1008034c                udb_interrupts_12_IRQHandler
                0x1008034c                scb_0_interrupt_IRQHandler
                0x1008034c                csd_interrupt_IRQHandler
                0x1008034c                udb_interrupts_1_IRQHandler
                0x1008034c                profile_interrupt_IRQHandler
                0x1008034c                tcpwm_1_interrupts_1_IRQHandler
                0x1008034c                cpuss_interrupts_ipc_12_IRQHandler
                0x1008034c                tcpwm_1_interrupts_3_IRQHandler
                0x1008034c                tcpwm_0_interrupts_7_IRQHandler
                0x1008034c                cpuss_interrupts_dw1_1_IRQHandler
                0x1008034c                cpuss_interrupts_dw1_0_IRQHandler
                0x1008034c                cpuss_interrupts_dw0_9_IRQHandler
                0x1008034c                lpcomp_interrupt_IRQHandler
                0x1008034c                tcpwm_1_interrupts_23_IRQHandler
                0x1008034c                udb_interrupts_4_IRQHandler
                0x1008034c                tcpwm_1_interrupts_20_IRQHandler
                0x1008034c                ioss_interrupt_gpio_IRQHandler
                0x1008034c                tcpwm_0_interrupts_1_IRQHandler
                0x1008034c                ioss_interrupts_gpio_8_IRQHandler
                0x1008034c                tcpwm_0_interrupts_6_IRQHandler
                0x1008034c                scb_7_interrupt_IRQHandler
                0x1008034c                tcpwm_1_interrupts_7_IRQHandler
                0x1008034c                cpuss_interrupts_ipc_11_IRQHandler
                0x1008034c                udb_interrupts_13_IRQHandler
                0x1008034c                cpuss_interrupts_dw0_15_IRQHandler
                0x1008034c                udb_interrupts_7_IRQHandler
                0x1008034c                cpuss_interrupts_dw1_6_IRQHandler
                0x1008034c                cpuss_interrupt_crypto_IRQHandler
                0x1008034c                scb_1_interrupt_IRQHandler
                0x1008034c                Default_Handler
                0x1008034c                usb_interrupt_hi_IRQHandler
                0x1008034c                tcpwm_1_interrupts_0_IRQHandler
                0x1008034c                udb_interrupts_9_IRQHandler
                0x1008034c                audioss_interrupt_pdm_IRQHandler
                0x1008034c                srss_interrupt_mcwdt_0_IRQHandler
                0x1008034c                scb_3_interrupt_IRQHandler
                0x1008034c                pass_interrupt_ctbs_IRQHandler
                0x1008034c                udb_interrupts_8_IRQHandler
                0x1008034c                ioss_interrupts_gpio_3_IRQHandler
                0x1008034c                scb_6_interrupt_IRQHandler
                0x1008034c                cpuss_interrupts_cm4_cti_0_IRQHandler
                0x1008034c                cpuss_interrupts_dw1_3_IRQHandler
                0x1008034c                pass_interrupt_sar_IRQHandler
                0x1008034c                ioss_interrupts_gpio_0_IRQHandler
                0x1008034c                ioss_interrupts_gpio_14_IRQHandler
                0x1008034c                tcpwm_0_interrupts_4_IRQHandler
                0x1008034c                udb_interrupts_3_IRQHandler
                0x1008034c                tcpwm_0_interrupts_5_IRQHandler
                0x1008034c                cpuss_interrupts_ipc_15_IRQHandler
                0x1008034c                cpuss_interrupts_cm4_cti_1_IRQHandler
                0x1008034c                scb_8_interrupt_IRQHandler
                0x1008034c                srss_interrupt_mcwdt_1_IRQHandler
                0x1008034c                cpuss_interrupts_dw1_2_IRQHandler
                0x1008034c                SVC_Handler
                0x1008034c                cpuss_interrupts_dw1_5_IRQHandler
                0x1008034c                cpuss_interrupts_ipc_1_IRQHandler
                0x1008034c                cpuss_interrupts_dw0_0_IRQHandler
                0x1008034c                ioss_interrupts_gpio_12_IRQHandler
                0x1008034c                cpuss_interrupts_ipc_3_IRQHandler
                0x1008034c                tcpwm_1_interrupts_17_IRQHandler
                0x1008034c                srss_interrupt_backup_IRQHandler
                0x1008034c                bless_interrupt_IRQHandler
                0x1008034c                cpuss_interrupts_ipc_10_IRQHandler
                0x1008034c                cpuss_interrupts_ipc_9_IRQHandler
                0x1008034c                cpuss_interrupts_dw0_14_IRQHandler
                0x1008034c                tcpwm_1_interrupts_4_IRQHandler
                0x1008034c                tcpwm_0_interrupts_3_IRQHandler
                0x1008034c                cpuss_interrupts_dw1_15_IRQHandler
                0x1008034c                ioss_interrupts_gpio_10_IRQHandler
                0x1008034c                udb_interrupts_10_IRQHandler
                0x1008034c                cpuss_interrupts_dw0_8_IRQHandler
                0x1008034c                ioss_interrupts_gpio_11_IRQHandler
                0x1008034c                cpuss_interrupts_ipc_14_IRQHandler
                0x1008034c                ioss_interrupts_gpio_5_IRQHandler
                0x1008034c                ioss_interrupts_gpio_4_IRQHandler
                0x1008034c                tcpwm_1_interrupts_8_IRQHandler
                0x1008034c                cpuss_interrupts_dw1_14_IRQHandler
                0x1008034c                usb_interrupt_med_IRQHandler
                0x1008034c                cpuss_interrupts_dw0_2_IRQHandler
                0x1008034c                tcpwm_1_interrupts_10_IRQHandler
                0x1008034c                cpuss_interrupts_fault_0_IRQHandler
                0x1008034c                cpuss_interrupts_dw0_12_IRQHandler
                0x1008034c                ioss_interrupts_gpio_6_IRQHandler
                0x1008034c                tcpwm_1_interrupts_21_IRQHandler
                0x1008034c                tcpwm_1_interrupts_16_IRQHandler
                0x1008034c                cpuss_interrupts_dw1_4_IRQHandler
                0x1008034c                udb_interrupts_15_IRQHandler
                0x1008034c                cpuss_interrupts_dw1_11_IRQHandler
                0x1008034c                cpuss_interrupts_dw0_6_IRQHandler
                0x1008034c                ioss_interrupt_vdd_IRQHandler
                0x1008034c                cpuss_interrupts_dw0_7_IRQHandler
                0x1008034c                audioss_interrupt_i2s_IRQHandler
                0x1008034c                tcpwm_1_interrupts_5_IRQHandler
                0x1008034c                cpuss_interrupts_ipc_2_IRQHandler
                0x1008034c                cpuss_interrupts_dw0_10_IRQHandler
                0x1008034c                tcpwm_1_interrupts_19_IRQHandler
                0x1008034c                cpuss_interrupts_dw0_1_IRQHandler
                0x1008034c                ioss_interrupts_gpio_9_IRQHandler
                0x1008034c                usb_interrupt_lo_IRQHandler
                0x1008034c                cpuss_interrupts_ipc_8_IRQHandler
                0x1008034c                udb_interrupts_14_IRQHandler
                0x1008034c                cpuss_interrupts_dw0_3_IRQHandler
                0x10080350                UsageFault_Handler
                0x10080350                HardFault_Handler
                0x10080350                MemManage_Handler
                0x10080350                BusFault_Handler
 .text.Cy_SCB_I2C_Enable
                0x1008036c       0x20 .\CortexM4\ARM_GCC_541\Debug\MAX30105.o
 .text.I2C_BUS_Init
                0x1008038c       0x24 .\CortexM4\ARM_GCC_541\Debug\MAX30105.o
 .text.I2C_BUS_SetDataRate
                0x100803b0       0x24 .\CortexM4\ARM_GCC_541\Debug\MAX30105.o
 .text.I2C_BUS_MasterSendStart
                0x100803d4       0x30 .\CortexM4\ARM_GCC_541\Debug\MAX30105.o
 .text.I2C_BUS_MasterSendReStart
                0x10080404       0x30 .\CortexM4\ARM_GCC_541\Debug\MAX30105.o
 .text.I2C_BUS_MasterSendStop
                0x10080434       0x24 .\CortexM4\ARM_GCC_541\Debug\MAX30105.o
 .text.I2C_BUS_MasterReadByte
                0x10080458       0x30 .\CortexM4\ARM_GCC_541\Debug\MAX30105.o
 .text.I2C_BUS_MasterWriteByte
                0x10080488       0x2c .\CortexM4\ARM_GCC_541\Debug\MAX30105.o
 .text.MAX30105_Setup
                0x100804b4      0x2b4 .\CortexM4\ARM_GCC_541\Debug\MAX30105.o
                0x100804b4                MAX30105_Setup
 .text.MAX30105_ReadRegister8
                0x10080768       0xa0 .\CortexM4\ARM_GCC_541\Debug\MAX30105.o
                0x10080768                MAX30105_ReadRegister8
 .text.MAX30105_WriteRegister8
                0x10080808       0x90 .\CortexM4\ARM_GCC_541\Debug\MAX30105.o
                0x10080808                MAX30105_WriteRegister8
 .text.MAX30105_WriteWithBitMask
                0x10080898       0x68 .\CortexM4\ARM_GCC_541\Debug\MAX30105.o
                0x10080898                MAX30105_WriteWithBitMask
 .text.MAX30105_SoftReset
                0x10080900       0x58 .\CortexM4\ARM_GCC_541\Debug\MAX30105.o
                0x10080900                MAX30105_SoftReset
 .text.MAX30105_SetFIFOAverage
                0x10080958       0x20 .\CortexM4\ARM_GCC_541\Debug\MAX30105.o
                0x10080958                MAX30105_SetFIFOAverage
 .text.MAX30105_EnableFIFORollover
                0x10080978       0x14 .\CortexM4\ARM_GCC_541\Debug\MAX30105.o
                0x10080978                MAX30105_EnableFIFORollover
 .text.MAX30105_SetLEDMode
                0x1008098c       0x20 .\CortexM4\ARM_GCC_541\Debug\MAX30105.o
                0x1008098c                MAX30105_SetLEDMode
 .text.MAX30105_SetADCRange
                0x100809ac       0x20 .\CortexM4\ARM_GCC_541\Debug\MAX30105.o
                0x100809ac                MAX30105_SetADCRange
 .text.MAX30105_SetSampleRate
                0x100809cc       0x20 .\CortexM4\ARM_GCC_541\Debug\MAX30105.o
                0x100809cc                MAX30105_SetSampleRate
 .text.MAX30105_SetPulseWidth
                0x100809ec       0x20 .\CortexM4\ARM_GCC_541\Debug\MAX30105.o
                0x100809ec                MAX30105_SetPulseWidth
 .text.MAX30105_SetPulseAmplitudeRed
                0x10080a0c       0x20 .\CortexM4\ARM_GCC_541\Debug\MAX30105.o
                0x10080a0c                MAX30105_SetPulseAmplitudeRed
 .text.MAX30105_SetPulseAmplitudeIR
                0x10080a2c       0x20 .\CortexM4\ARM_GCC_541\Debug\MAX30105.o
                0x10080a2c                MAX30105_SetPulseAmplitudeIR
 .text.MAX30105_SetPulseAmplitudeGreen
                0x10080a4c       0x20 .\CortexM4\ARM_GCC_541\Debug\MAX30105.o
                0x10080a4c                MAX30105_SetPulseAmplitudeGreen
 .text.MAX30105_SetPulseAmplitudeProximity
                0x10080a6c       0x20 .\CortexM4\ARM_GCC_541\Debug\MAX30105.o
                0x10080a6c                MAX30105_SetPulseAmplitudeProximity
 .text.MAX30105_EnableSlot
                0x10080a8c       0x7c .\CortexM4\ARM_GCC_541\Debug\MAX30105.o
                0x10080a8c                MAX30105_EnableSlot
 .text.MAX30105_ClearFIFO
                0x10080b08       0x28 .\CortexM4\ARM_GCC_541\Debug\MAX30105.o
                0x10080b08                MAX30105_ClearFIFO
 .text.MAX30105_GetWritePointer
                0x10080b30       0x20 .\CortexM4\ARM_GCC_541\Debug\MAX30105.o
                0x10080b30                MAX30105_GetWritePointer
 .text.MAX30105_GetReadPointer
                0x10080b50       0x20 .\CortexM4\ARM_GCC_541\Debug\MAX30105.o
                0x10080b50                MAX30105_GetReadPointer
 .text.MAX30105_Check
                0x10080b70      0x310 .\CortexM4\ARM_GCC_541\Debug\MAX30105.o
                0x10080b70                MAX30105_Check
 .text.MAX30105_SafeCheck
                0x10080e80       0x44 .\CortexM4\ARM_GCC_541\Debug\MAX30105.o
                0x10080e80                MAX30105_SafeCheck
 .text.MAX30105_GetRed
                0x10080ec4       0x2c .\CortexM4\ARM_GCC_541\Debug\MAX30105.o
                0x10080ec4                MAX30105_GetRed
 .text.MAX30105_GetIR
                0x10080ef0       0x2c .\CortexM4\ARM_GCC_541\Debug\MAX30105.o
                0x10080ef0                MAX30105_GetIR
 .text.MAX30105_Available
                0x10080f1c       0x3c .\CortexM4\ARM_GCC_541\Debug\MAX30105.o
                0x10080f1c                MAX30105_Available
 .text.MAX30105_NextSample
                0x10080f58       0x38 .\CortexM4\ARM_GCC_541\Debug\MAX30105.o
                0x10080f58                MAX30105_NextSample
 .text.__NVIC_EnableIRQ
                0x10080f90       0x3c .\CortexM4\ARM_GCC_541\Debug\milliseconds.o
 .text.__NVIC_ClearPendingIRQ
                0x10080fcc       0x3c .\CortexM4\ARM_GCC_541\Debug\milliseconds.o
 .text.Cy_TCPWM_Enable_Multiple
                0x10081008       0x1c .\CortexM4\ARM_GCC_541\Debug\milliseconds.o
 .text.Cy_TCPWM_TriggerReloadOrIndex
                0x10081024       0x1c .\CortexM4\ARM_GCC_541\Debug\milliseconds.o
 .text.Cy_TCPWM_ClearInterrupt
                0x10081040       0x38 .\CortexM4\ARM_GCC_541\Debug\milliseconds.o
 .text.Cy_TCPWM_Counter_SetPeriod
                0x10081078       0x28 .\CortexM4\ARM_GCC_541\Debug\milliseconds.o
 .text.MILLIS_InterruptHandler
                0x100810a0       0x28 .\CortexM4\ARM_GCC_541\Debug\milliseconds.o
                0x100810a0                MILLIS_InterruptHandler
 .text.MILLIS_AssignISR
                0x100810c8       0x30 .\CortexM4\ARM_GCC_541\Debug\milliseconds.o
                0x100810c8                MILLIS_AssignISR
 .text.MILLIS_InitAndStartTimer
                0x100810f8       0x38 .\CortexM4\ARM_GCC_541\Debug\milliseconds.o
                0x100810f8                MILLIS_InitAndStartTimer
 .text.MILLIS_GetValue
                0x10081130       0x18 .\CortexM4\ARM_GCC_541\Debug\milliseconds.o
                0x10081130                MILLIS_GetValue
 .text.maxim_heart_rate_and_oxygen_saturation
                0x10081148      0x65c .\CortexM4\ARM_GCC_541\Debug\spo2_algorithm.o
                0x10081148                maxim_heart_rate_and_oxygen_saturation
 .text.maxim_find_peaks
                0x100817a4       0x44 .\CortexM4\ARM_GCC_541\Debug\spo2_algorithm.o
                0x100817a4                maxim_find_peaks
 .text.maxim_peaks_above_min_height
                0x100817e8       0xe8 .\CortexM4\ARM_GCC_541\Debug\spo2_algorithm.o
                0x100817e8                maxim_peaks_above_min_height
 .text.maxim_remove_close_peaks
                0x100818d0       0xc0 .\CortexM4\ARM_GCC_541\Debug\spo2_algorithm.o
                0x100818d0                maxim_remove_close_peaks
 .text.maxim_sort_ascend
                0x10081990       0x84 .\CortexM4\ARM_GCC_541\Debug\spo2_algorithm.o
                0x10081990                maxim_sort_ascend
 .text.maxim_sort_indices_descend
                0x10081a14       0x98 .\CortexM4\ARM_GCC_541\Debug\spo2_algorithm.o
                0x10081a14                maxim_sort_indices_descend
 .text.HandleError
                0x10081aac        0x8 .\CortexM4\ARM_GCC_541\Debug\utils.o
                0x10081aac                HandleError
 .text.Cy_SCB_UART_Enable
                0x10081ab4       0x20 .\CortexM4\ARM_GCC_541\Debug\main_cm4.o
 .text.Cy_SCB_UART_PutString
                0x10081ad4       0x30 .\CortexM4\ARM_GCC_541\Debug\main_cm4.o
 .text.Cy_BLE_GetConnectionState
                0x10081b04       0x2c .\CortexM4\ARM_GCC_541\Debug\main_cm4.o
 .text.BLE_callback
                0x10081b30       0xc8 .\CortexM4\ARM_GCC_541\Debug\main_cm4.o
                0x10081b30                BLE_callback
 .text.UART_PrintData
                0x10081bf8       0x3c .\CortexM4\ARM_GCC_541\Debug\main_cm4.o
                0x10081bf8                UART_PrintData
 .text.UpdateSpo2
                0x10081c34       0xb8 .\CortexM4\ARM_GCC_541\Debug\main_cm4.o
                0x10081c34                UpdateSpo2
 .text.UpdateHeartRateAndSpo2
                0x10081cec       0xc0 .\CortexM4\ARM_GCC_541\Debug\main_cm4.o
                0x10081cec                UpdateHeartRateAndSpo2
 .text.isFingerDetected
                0x10081dac       0x24 .\CortexM4\ARM_GCC_541\Debug\main_cm4.o
                0x10081dac                isFingerDetected
 .text.main     0x10081dd0      0x32c .\CortexM4\ARM_GCC_541\Debug\main_cm4.o
                0x10081dd0                main
 .text.SystemInit
                0x100820fc       0x4c .\CortexM4\ARM_GCC_541\Debug\system_psoc6_cm4.o
                0x100820fc                SystemInit
 .text.Cy_SystemInit
                0x10082148       0x10 .\CortexM4\ARM_GCC_541\Debug\system_psoc6_cm4.o
                0x10082148                Cy_SystemInit
 .text.SystemCoreClockUpdate
                0x10082158      0x300 .\CortexM4\ARM_GCC_541\Debug\system_psoc6_cm4.o
                0x10082158                SystemCoreClockUpdate
 .text.Cy_SystemInitFpuEnable
                0x10082458       0x38 .\CortexM4\ARM_GCC_541\Debug\system_psoc6_cm4.o
                0x10082458                Cy_SystemInitFpuEnable
 .text.Cy_SysIpcPipeIsrCm4
                0x10082490       0x10 .\CortexM4\ARM_GCC_541\Debug\system_psoc6_cm4.o
                0x10082490                Cy_SysIpcPipeIsrCm4
 .text.__NVIC_EnableIRQ
                0x100824a0       0x3c .\CortexM4\ARM_GCC_541\Debug\cy_flash.o
 .text.Cy_SysClk_ClkPeriGetDivider
                0x100824dc       0x2c .\CortexM4\ARM_GCC_541\Debug\cy_flash.o
 .text.Cy_SysClk_ClkSlowGetDivider
                0x10082508       0x2c .\CortexM4\ARM_GCC_541\Debug\cy_flash.o
 .text.Cy_IPC_Drv_GetIpcBaseAddress
                0x10082534       0x4c .\CortexM4\ARM_GCC_541\Debug\cy_flash.o
 .text.Cy_IPC_Drv_ReadDataValue
                0x10082580       0x18 .\CortexM4\ARM_GCC_541\Debug\cy_flash.o
 .text.Cy_IPC_Drv_IsLockAcquired
                0x10082598       0x30 .\CortexM4\ARM_GCC_541\Debug\cy_flash.o
 .text.Cy_IPC_Drv_SendMsgPtr
                0x100825c8       0x38 .\CortexM4\ARM_GCC_541\Debug\cy_flash.o
 .text.Cy_Flash_InitExt
                0x10082600       0x8c .\CortexM4\ARM_GCC_541\Debug\cy_flash.o
                0x10082600                Cy_Flash_InitExt
 .text.Cy_Flash_Init
                0x1008268c       0x14 .\CortexM4\ARM_GCC_541\Debug\cy_flash.o
                0x1008268c                Cy_Flash_Init
 .text.Cy_Flash_ProcessOpcode
                0x100826a0       0xf8 .\CortexM4\ARM_GCC_541\Debug\cy_flash.o
 .text.Cy_Flash_OperationStatus
                0x10082798       0x60 .\CortexM4\ARM_GCC_541\Debug\cy_flash.o
 .text.Cy_IPC_Drv_AcquireNotify
                0x100827f8       0x34 .\CortexM4\ARM_GCC_541\Debug\cy_ipc_drv.o
 .text.Cy_IPC_Drv_ReleaseNotify
                0x1008282c       0x34 .\CortexM4\ARM_GCC_541\Debug\cy_ipc_drv.o
 .text.Cy_IPC_Drv_WriteDataValue
                0x10082860       0x1c .\CortexM4\ARM_GCC_541\Debug\cy_ipc_drv.o
 .text.Cy_IPC_Drv_ReadDataValue
                0x1008287c       0x18 .\CortexM4\ARM_GCC_541\Debug\cy_ipc_drv.o
 .text.Cy_IPC_Drv_IsLockAcquired
                0x10082894       0x30 .\CortexM4\ARM_GCC_541\Debug\cy_ipc_drv.o
 .text.Cy_IPC_Drv_LockAcquire
                0x100828c4       0x2c .\CortexM4\ARM_GCC_541\Debug\cy_ipc_drv.o
 .text.Cy_IPC_Drv_LockRelease
                0x100828f0       0x38 .\CortexM4\ARM_GCC_541\Debug\cy_ipc_drv.o
                0x100828f0                Cy_IPC_Drv_LockRelease
 .text.Cy_IPC_Drv_SendMsgWord
                0x10082928       0x40 .\CortexM4\ARM_GCC_541\Debug\cy_ipc_drv.o
                0x10082928                Cy_IPC_Drv_SendMsgWord
 .text.Cy_IPC_Drv_ReadMsgWord
                0x10082968       0x4c .\CortexM4\ARM_GCC_541\Debug\cy_ipc_drv.o
                0x10082968                Cy_IPC_Drv_ReadMsgWord
 .text.Cy_IPC_Drv_GetIpcBaseAddress
                0x100829b4       0x4c .\CortexM4\ARM_GCC_541\Debug\cy_ipc_sema.o
 .text.Cy_IPC_Drv_ReadDataValue
                0x10082a00       0x18 .\CortexM4\ARM_GCC_541\Debug\cy_ipc_sema.o
 .text.Cy_IPC_Drv_SendMsgPtr
                0x10082a18       0x38 .\CortexM4\ARM_GCC_541\Debug\cy_ipc_sema.o
 .text.Cy_IPC_Drv_LockAcquire
                0x10082a50       0x2c .\CortexM4\ARM_GCC_541\Debug\cy_ipc_sema.o
 .text.Cy_IPC_Sema_Init
                0x10082a7c       0x6c .\CortexM4\ARM_GCC_541\Debug\cy_ipc_sema.o
                0x10082a7c                Cy_IPC_Sema_Init
 .text.Cy_IPC_Sema_InitExt
                0x10082ae8       0xbc .\CortexM4\ARM_GCC_541\Debug\cy_ipc_sema.o
                0x10082ae8                Cy_IPC_Sema_InitExt
 .text.Cy_IPC_Sema_Clear
                0x10082ba4       0xe0 .\CortexM4\ARM_GCC_541\Debug\cy_ipc_sema.o
                0x10082ba4                Cy_IPC_Sema_Clear
 .text.Cy_IPC_Sema_Status
                0x10082c84       0x74 .\CortexM4\ARM_GCC_541\Debug\cy_ipc_sema.o
                0x10082c84                Cy_IPC_Sema_Status
 .text.__NVIC_EnableIRQ
                0x10082cf8       0x3c .\CortexM4\ARM_GCC_541\Debug\cy_ipc_pipe.o
 .text.__NVIC_DisableIRQ
                0x10082d34       0x44 .\CortexM4\ARM_GCC_541\Debug\cy_ipc_pipe.o
 .text.Cy_IPC_Drv_GetIpcBaseAddress
                0x10082d78       0x4c .\CortexM4\ARM_GCC_541\Debug\cy_ipc_pipe.o
 .text.Cy_IPC_Drv_GetIntrBaseAddr
                0x10082dc4       0x44 .\CortexM4\ARM_GCC_541\Debug\cy_ipc_pipe.o
 .text.Cy_IPC_Drv_SetInterruptMask
                0x10082e08       0x50 .\CortexM4\ARM_GCC_541\Debug\cy_ipc_pipe.o
 .text.Cy_IPC_Drv_GetInterruptStatusMasked
                0x10082e58       0x18 .\CortexM4\ARM_GCC_541\Debug\cy_ipc_pipe.o
 .text.Cy_IPC_Drv_GetInterruptStatus
                0x10082e70       0x18 .\CortexM4\ARM_GCC_541\Debug\cy_ipc_pipe.o
 .text.Cy_IPC_Drv_ClearInterrupt
                0x10082e88       0x54 .\CortexM4\ARM_GCC_541\Debug\cy_ipc_pipe.o
 .text.Cy_IPC_Drv_AcquireNotify
                0x10082edc       0x34 .\CortexM4\ARM_GCC_541\Debug\cy_ipc_pipe.o
 .text.Cy_IPC_Drv_WriteDataValue
                0x10082f10       0x1c .\CortexM4\ARM_GCC_541\Debug\cy_ipc_pipe.o
 .text.Cy_IPC_Drv_IsLockAcquired
                0x10082f2c       0x30 .\CortexM4\ARM_GCC_541\Debug\cy_ipc_pipe.o
 .text.Cy_IPC_Drv_ExtractAcquireMask
                0x10082f5c       0x18 .\CortexM4\ARM_GCC_541\Debug\cy_ipc_pipe.o
 .text.Cy_IPC_Drv_ExtractReleaseMask
                0x10082f74       0x18 .\CortexM4\ARM_GCC_541\Debug\cy_ipc_pipe.o
 .text.Cy_IPC_Drv_ReadMsgPtr
                0x10082f8c       0x30 .\CortexM4\ARM_GCC_541\Debug\cy_ipc_pipe.o
 .text.Cy_IPC_Drv_LockAcquire
                0x10082fbc       0x2c .\CortexM4\ARM_GCC_541\Debug\cy_ipc_pipe.o
 .text.Cy_IPC_Pipe_Config
                0x10082fe8       0x28 .\CortexM4\ARM_GCC_541\Debug\cy_ipc_pipe.o
                0x10082fe8                Cy_IPC_Pipe_Config
 .text.Cy_IPC_Pipe_Init
                0x10083010       0xd8 .\CortexM4\ARM_GCC_541\Debug\cy_ipc_pipe.o
                0x10083010                Cy_IPC_Pipe_Init
 .text.Cy_IPC_Pipe_EndpointInit
                0x100830e8       0xac .\CortexM4\ARM_GCC_541\Debug\cy_ipc_pipe.o
                0x100830e8                Cy_IPC_Pipe_EndpointInit
 .text.Cy_IPC_Pipe_SendMessage
                0x10083194       0xf8 .\CortexM4\ARM_GCC_541\Debug\cy_ipc_pipe.o
                0x10083194                Cy_IPC_Pipe_SendMessage
 .text.Cy_IPC_Pipe_RegisterCallback
                0x1008328c       0x78 .\CortexM4\ARM_GCC_541\Debug\cy_ipc_pipe.o
                0x1008328c                Cy_IPC_Pipe_RegisterCallback
 .text.Cy_IPC_Pipe_RegisterCallbackRel
                0x10083304       0x44 .\CortexM4\ARM_GCC_541\Debug\cy_ipc_pipe.o
                0x10083304                Cy_IPC_Pipe_RegisterCallbackRel
 .text.Cy_IPC_Pipe_ExecuteCallback
                0x10083348       0x40 .\CortexM4\ARM_GCC_541\Debug\cy_ipc_pipe.o
                0x10083348                Cy_IPC_Pipe_ExecuteCallback
 .text.Cy_IPC_Pipe_ExecCallback
                0x10083388      0x150 .\CortexM4\ARM_GCC_541\Debug\cy_ipc_pipe.o
                0x10083388                Cy_IPC_Pipe_ExecCallback
 .text.Cy_IPC_Pipe_EndpointPause
                0x100834d8       0x48 .\CortexM4\ARM_GCC_541\Debug\cy_ipc_pipe.o
                0x100834d8                Cy_IPC_Pipe_EndpointPause
 .text.Cy_IPC_Pipe_EndpointResume
                0x10083520       0x48 .\CortexM4\ARM_GCC_541\Debug\cy_ipc_pipe.o
                0x10083520                Cy_IPC_Pipe_EndpointResume
 .text.__NVIC_SetPriority
                0x10083568       0x54 .\CortexM4\ARM_GCC_541\Debug\cy_sysint.o
 .text.Cy_SysInt_Init
                0x100835bc       0x70 .\CortexM4\ARM_GCC_541\Debug\cy_sysint.o
                0x100835bc                Cy_SysInt_Init
 .text.Cy_SysInt_SetVector
                0x1008362c       0x6c .\CortexM4\ARM_GCC_541\Debug\cy_sysint.o
                0x1008362c                Cy_SysInt_SetVector
 .text.Cy_SysLib_Delay
                0x10083698       0x44 .\CortexM4\ARM_GCC_541\Debug\cy_syslib.o
                0x10083698                Cy_SysLib_Delay
 .text.Cy_SysLib_DelayUs
                0x100836dc       0x28 .\CortexM4\ARM_GCC_541\Debug\cy_syslib.o
                0x100836dc                Cy_SysLib_DelayUs
 .text.Cy_SysLib_Halt
                0x10083704        0xc .\CortexM4\ARM_GCC_541\Debug\cy_syslib.o
                0x10083704                Cy_SysLib_Halt
 .text.Cy_SysLib_AssertFailed
                0x10083710       0x28 .\CortexM4\ARM_GCC_541\Debug\cy_syslib.o
                0x10083710                Cy_SysLib_AssertFailed
 .text.Cy_SysLib_FaultHandler
                0x10083738      0x11c .\CortexM4\ARM_GCC_541\Debug\cy_syslib.o
                0x10083738                Cy_SysLib_FaultHandler
 .text.Cy_SysLib_ProcessingFault
                0x10083854        0x8 .\CortexM4\ARM_GCC_541\Debug\cy_syslib.o
                0x10083854                Cy_SysLib_ProcessingFault
 *fill*         0x1008385c        0x4 
 .text          0x10083860       0x20 .\CortexM4\ARM_GCC_541\Debug\cy_syslib_gcc.o
                0x10083860                Cy_SysLib_DelayCycles
                0x10083872                Cy_SysLib_EnterCriticalSection
                0x1008387a                Cy_SysLib_ExitCriticalSection
 .text.Cy_SysLib_GetDeviceRevision
                0x10083880       0x28 .\CortexM4\ARM_GCC_541\Debug\cy_syspm.o
 .text.Cy_PDL_Init
                0x100838a8       0x20 .\CortexM4\ARM_GCC_541\Debug\cy_device.o
                0x100838a8                Cy_PDL_Init
 .text.Cy_SCB_WriteTxFifo
                0x100838c8       0x20 .\CortexM4\ARM_GCC_541\Debug\cy_scb_common.o
 .text.Cy_SCB_GetNumInTxFifo
                0x100838e8       0x20 .\CortexM4\ARM_GCC_541\Debug\cy_scb_common.o
 .text.Cy_SCB_GetFifoSize
                0x10083908       0x28 .\CortexM4\ARM_GCC_541\Debug\cy_scb_common.o
 .text.Cy_SCB_WriteString
                0x10083930       0x54 .\CortexM4\ARM_GCC_541\Debug\cy_scb_common.o
                0x10083930                Cy_SCB_WriteString
 .text.Cy_SCB_ReadRxFifo
                0x10083984       0x1c .\CortexM4\ARM_GCC_541\Debug\cy_scb_i2c.o
 .text.Cy_SCB_WriteTxFifo
                0x100839a0       0x20 .\CortexM4\ARM_GCC_541\Debug\cy_scb_i2c.o
 .text.Cy_SCB_ClearTxFifo
                0x100839c0       0x3c .\CortexM4\ARM_GCC_541\Debug\cy_scb_i2c.o
 .text.Cy_SCB_GetRxInterruptStatus
                0x100839fc       0x20 .\CortexM4\ARM_GCC_541\Debug\cy_scb_i2c.o
 .text.Cy_SCB_ClearRxInterrupt
                0x10083a1c       0x3c .\CortexM4\ARM_GCC_541\Debug\cy_scb_i2c.o
 .text.Cy_SCB_GetMasterInterruptStatus
                0x10083a58       0x20 .\CortexM4\ARM_GCC_541\Debug\cy_scb_i2c.o
 .text.Cy_SCB_ClearMasterInterrupt
                0x10083a78       0x3c .\CortexM4\ARM_GCC_541\Debug\cy_scb_i2c.o
 .text.Cy_SCB_GetSlaveInterruptStatus
                0x10083ab4       0x20 .\CortexM4\ARM_GCC_541\Debug\cy_scb_i2c.o
 .text.Cy_SCB_SetSlaveInterruptMask
                0x10083ad4       0x38 .\CortexM4\ARM_GCC_541\Debug\cy_scb_i2c.o
 .text.Cy_SCB_FwBlockReset
                0x10083b0c       0x3c .\CortexM4\ARM_GCC_541\Debug\cy_scb_i2c.o
 .text.Cy_SCB_I2C_MasterSetLowPhaseDutyCycle
                0x10083b48       0x44 .\CortexM4\ARM_GCC_541\Debug\cy_scb_i2c.o
 .text.Cy_SCB_I2C_MasterSetHighPhaseDutyCycle
                0x10083b8c       0x44 .\CortexM4\ARM_GCC_541\Debug\cy_scb_i2c.o
 .text.Cy_SCB_I2C_Init
                0x10083bd0      0x244 .\CortexM4\ARM_GCC_541\Debug\cy_scb_i2c.o
                0x10083bd0                Cy_SCB_I2C_Init
 .text.Cy_SCB_I2C_SetDataRate
                0x10083e14      0x270 .\CortexM4\ARM_GCC_541\Debug\cy_scb_i2c.o
                0x10083e14                Cy_SCB_I2C_SetDataRate
 .text.Cy_SCB_I2C_GetDataRate
                0x10084084       0xd0 .\CortexM4\ARM_GCC_541\Debug\cy_scb_i2c.o
                0x10084084                Cy_SCB_I2C_GetDataRate
 .text.Cy_SCB_I2C_MasterSendStart
                0x10084154      0x120 .\CortexM4\ARM_GCC_541\Debug\cy_scb_i2c.o
                0x10084154                Cy_SCB_I2C_MasterSendStart
 .text.Cy_SCB_I2C_MasterSendReStart
                0x10084274      0x12c .\CortexM4\ARM_GCC_541\Debug\cy_scb_i2c.o
                0x10084274                Cy_SCB_I2C_MasterSendReStart
 .text.Cy_SCB_I2C_MasterSendStop
                0x100843a0       0x8c .\CortexM4\ARM_GCC_541\Debug\cy_scb_i2c.o
                0x100843a0                Cy_SCB_I2C_MasterSendStop
 .text.Cy_SCB_I2C_MasterReadByte
                0x1008442c       0xfc .\CortexM4\ARM_GCC_541\Debug\cy_scb_i2c.o
                0x1008442c                Cy_SCB_I2C_MasterReadByte
 .text.Cy_SCB_I2C_MasterWriteByte
                0x10084528       0x90 .\CortexM4\ARM_GCC_541\Debug\cy_scb_i2c.o
                0x10084528                Cy_SCB_I2C_MasterWriteByte
 .text.WaitOneUnit
                0x100845b8       0x3c .\CortexM4\ARM_GCC_541\Debug\cy_scb_i2c.o
 .text.HandleStatus
                0x100845f4      0x128 .\CortexM4\ARM_GCC_541\Debug\cy_scb_i2c.o
 .text.Cy_SCB_GetFifoSize
                0x1008471c       0x28 .\CortexM4\ARM_GCC_541\Debug\cy_scb_uart.o
 .text.Cy_SCB_UART_Init
                0x10084744      0x4e0 .\CortexM4\ARM_GCC_541\Debug\cy_scb_uart.o
                0x10084744                Cy_SCB_UART_Init
 .text.Cy_TCPWM_Counter_Init
                0x10084c24      0x1a4 .\CortexM4\ARM_GCC_541\Debug\cy_tcpwm_counter.o
                0x10084c24                Cy_TCPWM_Counter_Init
 .text.Cy_BLE_SetAdvertisementState
                0x10084dc8       0x20 .\CortexM4\ARM_GCC_541\Debug\cy_ble.o
 .text.Cy_BLE_UnregisterHostPMCallbacks
                0x10084de8       0x10 .\CortexM4\ARM_GCC_541\Debug\cy_ble.o
                0x10084de8                Cy_BLE_UnregisterHostPMCallbacks
 .text.Cy_BLE_Init
                0x10084df8       0x8c .\CortexM4\ARM_GCC_541\Debug\cy_ble.o
                0x10084df8                Cy_BLE_Init
 .text.Cy_BLE_Enable
                0x10084e84      0x158 .\CortexM4\ARM_GCC_541\Debug\cy_ble.o
                0x10084e84                Cy_BLE_Enable
 .text.Cy_BLE_HAL_CalcCRC8
                0x10084fdc       0x20 .\CortexM4\ARM_GCC_541\Debug\cy_ble_hal_pvt.o
                0x10084fdc                Cy_BLE_HAL_CalcCRC8
 .text.Cy_BLE_HAL_BlockCalcCRC8
                0x10084ffc       0x88 .\CortexM4\ARM_GCC_541\Debug\cy_ble_hal_pvt.o
                0x10084ffc                Cy_BLE_HAL_BlockCalcCRC8
 .text.Cy_BLE_HAL_EnterCriticalSection
                0x10085084       0x10 .\CortexM4\ARM_GCC_541\Debug\cy_ble_hal_pvt.o
                0x10085084                Cy_BLE_HAL_EnterCriticalSection
 .text.Cy_BLE_HAL_ExitCriticalSection
                0x10085094       0x18 .\CortexM4\ARM_GCC_541\Debug\cy_ble_hal_pvt.o
                0x10085094                Cy_BLE_HAL_ExitCriticalSection
 .text.Cy_BLE_HAL_EnableHostIpcPipeInterrupt
                0x100850ac       0x10 .\CortexM4\ARM_GCC_541\Debug\cy_ble_hal_pvt.o
                0x100850ac                Cy_BLE_HAL_EnableHostIpcPipeInterrupt
 .text.Cy_BLE_HAL_DisableHostIpcPipeInterrupt
                0x100850bc       0x10 .\CortexM4\ARM_GCC_541\Debug\cy_ble_hal_pvt.o
                0x100850bc                Cy_BLE_HAL_DisableHostIpcPipeInterrupt
 .text.Cy_BLE_IPC_HostMsgFlushRecvCallBack
                0x100850cc       0x30 .\CortexM4\ARM_GCC_541\Debug\cy_ble_hal_pvt.o
 .text.Cy_BLE_IPC_HostMsgRecvCallBack
                0x100850fc       0x34 .\CortexM4\ARM_GCC_541\Debug\cy_ble_hal_pvt.o
 .text.Cy_BLE_IPC_HostRegisterClientCallbacks
                0x10085130       0x50 .\CortexM4\ARM_GCC_541\Debug\cy_ble_hal_pvt.o
                0x10085130                Cy_BLE_IPC_HostRegisterClientCallbacks
 .text.Cy_BLE_IPC_SendMessageToController
                0x10085180       0x34 .\CortexM4\ARM_GCC_541\Debug\cy_ble_hal_pvt.o
                0x10085180                Cy_BLE_IPC_SendMessageToController
 .text.Cy_BLE_HAL_EccHeapInit
                0x100851b4       0x18 .\CortexM4\ARM_GCC_541\Debug\cy_ble_hal_pvt.o
                0x100851b4                Cy_BLE_HAL_EccHeapInit
 .text.Cy_BLE_HAL_EccHeapDeInit
                0x100851cc       0x10 .\CortexM4\ARM_GCC_541\Debug\cy_ble_hal_pvt.o
                0x100851cc                Cy_BLE_HAL_EccHeapDeInit
 .text.Cy_BLE_HAL_EccGetFeatureHeapReq
                0x100851dc       0x18 .\CortexM4\ARM_GCC_541\Debug\cy_ble_hal_pvt.o
                0x100851dc                Cy_BLE_HAL_EccGetFeatureHeapReq
 .text.Cy_BLE_HAL_PairingLocalPublicKeyHandler
                0x100851f4       0x1c .\CortexM4\ARM_GCC_541\Debug\cy_ble_hal_pvt.o
                0x100851f4                Cy_BLE_HAL_PairingLocalPublicKeyHandler
 .text.Cy_BLE_HAL_PairingRemoteKeyHandler
                0x10085210       0x1c .\CortexM4\ARM_GCC_541\Debug\cy_ble_hal_pvt.o
                0x10085210                Cy_BLE_HAL_PairingRemoteKeyHandler
 .text.Cy_BLE_HAL_PairingDhkeyHandler
                0x1008522c       0x1c .\CortexM4\ARM_GCC_541\Debug\cy_ble_hal_pvt.o
                0x1008522c                Cy_BLE_HAL_PairingDhkeyHandler
 .text.Cy_BLE_HAL_PairingDhkeyCheckHandler
                0x10085248       0x1c .\CortexM4\ARM_GCC_541\Debug\cy_ble_hal_pvt.o
                0x10085248                Cy_BLE_HAL_PairingDhkeyCheckHandler
 .text.Cy_BLE_HAL_PairingKeypressNotificationHandler
                0x10085264       0x1c .\CortexM4\ARM_GCC_541\Debug\cy_ble_hal_pvt.o
                0x10085264                Cy_BLE_HAL_PairingKeypressNotificationHandler
 .text.Cy_BLE_HAL_PairingRandHandler
                0x10085280       0x1c .\CortexM4\ARM_GCC_541\Debug\cy_ble_hal_pvt.o
                0x10085280                Cy_BLE_HAL_PairingRandHandler
 .text.Cy_BLE_HAL_PairingConfirmHandler
                0x1008529c       0x1c .\CortexM4\ARM_GCC_541\Debug\cy_ble_hal_pvt.o
                0x1008529c                Cy_BLE_HAL_PairingConfirmHandler
 .text.Cy_BLE_HAL_PairingLrConfirmingHandler
                0x100852b8       0x1c .\CortexM4\ARM_GCC_541\Debug\cy_ble_hal_pvt.o
                0x100852b8                Cy_BLE_HAL_PairingLrConfirmingHandler
 .text.Cy_BLE_HAL_PairingScTbxLocalPubkeyGenerateComplete
                0x100852d4       0x1c .\CortexM4\ARM_GCC_541\Debug\cy_ble_hal_pvt.o
                0x100852d4                Cy_BLE_HAL_PairingScTbxLocalPubkeyGenerateComplete
 .text.Cy_BLE_HAL_PairingScTbxGenerateLocalP256PublicKey
                0x100852f0       0x1c .\CortexM4\ARM_GCC_541\Debug\cy_ble_hal_pvt.o
                0x100852f0                Cy_BLE_HAL_PairingScTbxGenerateLocalP256PublicKey
 .text.Cy_BLE_HAL_SeSmpScUserPasskeyHandler
                0x1008530c       0x1c .\CortexM4\ARM_GCC_541\Debug\cy_ble_hal_pvt.o
                0x1008530c                Cy_BLE_HAL_SeSmpScUserPasskeyHandler
 .text.Cy_BLE_HAL_EccPointMult
                0x10085328       0x18 .\CortexM4\ARM_GCC_541\Debug\cy_ble_hal_pvt.o
                0x10085328                Cy_BLE_HAL_EccPointMult
 .text.Cy_BLE_GetAdvertisementState
                0x10085340       0x18 .\CortexM4\ARM_GCC_541\Debug\cy_ble_gap.o
 .text.Cy_BLE_SetAdvertisementState
                0x10085358       0x20 .\CortexM4\ARM_GCC_541\Debug\cy_ble_gap.o
 .text.Cy_BLE_GetNumOfActiveConn
                0x10085378       0x40 .\CortexM4\ARM_GCC_541\Debug\cy_ble_gap.o
 .text.Cy_BLE_ServiceInit
                0x100853b8       0x30 .\CortexM4\ARM_GCC_541\Debug\cy_ble_gap.o
                0x100853b8                Cy_BLE_ServiceInit
 .text.Cy_BLE_GAPP_StartAdvertisement
                0x100853e8      0x1d8 .\CortexM4\ARM_GCC_541\Debug\cy_ble_gap.o
                0x100853e8                Cy_BLE_GAPP_StartAdvertisement
 .text.Cy_BLE_ChangeAdDeviceAddress
                0x100855c0      0x11c .\CortexM4\ARM_GCC_541\Debug\cy_ble_gap.o
                0x100855c0                Cy_BLE_ChangeAdDeviceAddress
 .text.Cy_BLE_Get16ByPtr
                0x100856dc       0x2c .\CortexM4\ARM_GCC_541\Debug\cy_ble_gatt.o
 .text.Cy_BLE_GATTS_WriteEventHandler
                0x10085708       0xa4 .\CortexM4\ARM_GCC_541\Debug\cy_ble_gatt.o
                0x10085708                Cy_BLE_GATTS_WriteEventHandler
 .text.Cy_BLE_GATTS_WriteAttributeValueCCCD
                0x100857ac       0xb8 .\CortexM4\ARM_GCC_541\Debug\cy_ble_gatt.o
                0x100857ac                Cy_BLE_GATTS_WriteAttributeValueCCCD
 .text.Cy_BLE_GATTS_ReadAttributeValueCCCDReqHandler
                0x10085864       0xbc .\CortexM4\ARM_GCC_541\Debug\cy_ble_gatt.o
                0x10085864                Cy_BLE_GATTS_ReadAttributeValueCCCDReqHandler
 .text.Cy_BLE_GetAdvertisementState
                0x10085920       0x18 .\CortexM4\ARM_GCC_541\Debug\cy_ble_event_handler.o
 .text.Cy_BLE_SetAdvertisementState
                0x10085938       0x20 .\CortexM4\ARM_GCC_541\Debug\cy_ble_event_handler.o
 .text.Cy_BLE_GetConnectionState
                0x10085958       0x2c .\CortexM4\ARM_GCC_541\Debug\cy_ble_event_handler.o
 .text.Cy_BLE_SetConnectionState
                0x10085984       0x40 .\CortexM4\ARM_GCC_541\Debug\cy_ble_event_handler.o
 .text.Cy_BLE_GetConnHandleByBdHandle
                0x100859c4       0xa8 .\CortexM4\ARM_GCC_541\Debug\cy_ble_event_handler.o
 .text.Cy_BLE_RegisterServiceEventHandler
                0x10085a6c       0x9c .\CortexM4\ARM_GCC_541\Debug\cy_ble_event_handler.o
                0x10085a6c                Cy_BLE_RegisterServiceEventHandler
 .text.Cy_BLE_InvokeServiceEventHandler
                0x10085b08       0x58 .\CortexM4\ARM_GCC_541\Debug\cy_ble_event_handler.o
                0x10085b08                Cy_BLE_InvokeServiceEventHandler
 .text.Cy_BLE_SendWriteResponse
                0x10085b60       0x60 .\CortexM4\ARM_GCC_541\Debug\cy_ble_event_handler.o
 .text.Cy_BLE_TimeOutEventHandler
                0x10085bc0       0x14 .\CortexM4\ARM_GCC_541\Debug\cy_ble_event_handler.o
 .text.Cy_BLE_IsDeviceAddressValid
                0x10085bd4       0x48 .\CortexM4\ARM_GCC_541\Debug\cy_ble_event_handler.o
                0x10085bd4                Cy_BLE_IsDeviceAddressValid
 .text.Cy_BLE_EventHandler
                0x10085c1c      0x78c .\CortexM4\ARM_GCC_541\Debug\cy_ble_event_handler.o
                0x10085c1c                Cy_BLE_EventHandler
 .text.Cy_BLE_Get16ByPtr
                0x100863a8       0x2c .\CortexM4\ARM_GCC_541\Debug\cy_ble_bas.o
 .text.Cy_BLE_BAS_Init
                0x100863d4       0x50 .\CortexM4\ARM_GCC_541\Debug\cy_ble_bas.o
                0x100863d4                Cy_BLE_BAS_Init
 .text.Cy_BLE_BASS_WriteEventHandler
                0x10086424      0x138 .\CortexM4\ARM_GCC_541\Debug\cy_ble_bas.o
 .text.Cy_BLE_BAS_EventHandler
                0x1008655c       0x40 .\CortexM4\ARM_GCC_541\Debug\cy_ble_bas.o
 .text.Cy_BLE_CUSTOM_Init
                0x1008659c       0x38 .\CortexM4\ARM_GCC_541\Debug\cy_ble_custom.o
                0x1008659c                Cy_BLE_CUSTOM_Init
 .text.Cy_BLE_CUSTOM_EventHandler
                0x100865d4       0x28 .\CortexM4\ARM_GCC_541\Debug\cy_ble_custom.o
 .text.Cy_BLE_DIS_Init
                0x100865fc       0x38 .\CortexM4\ARM_GCC_541\Debug\cy_ble_dis.o
                0x100865fc                Cy_BLE_DIS_Init
 .text.Cy_BLE_DIS_EventHandler
                0x10086634       0x28 .\CortexM4\ARM_GCC_541\Debug\cy_ble_dis.o
 .text.Cy_BLE_GetConnectionState
                0x1008665c       0x2c .\CortexM4\ARM_GCC_541\Debug\cy_ble_hrs.o
 .text.Cy_BLE_Get16ByPtr
                0x10086688       0x2c .\CortexM4\ARM_GCC_541\Debug\cy_ble_hrs.o
 .text.Cy_BLE_HRS_Init
                0x100866b4       0x50 .\CortexM4\ARM_GCC_541\Debug\cy_ble_hrs.o
                0x100866b4                Cy_BLE_HRS_Init
 .text.Cy_BLE_HRSS_SetCharacteristicValue
                0x10086704       0x8c .\CortexM4\ARM_GCC_541\Debug\cy_ble_hrs.o
                0x10086704                Cy_BLE_HRSS_SetCharacteristicValue
 .text.Cy_BLE_HRSS_SendNotification
                0x10086790       0xe8 .\CortexM4\ARM_GCC_541\Debug\cy_ble_hrs.o
                0x10086790                Cy_BLE_HRSS_SendNotification
 .text.Cy_BLE_HRSS_WriteEventHandler
                0x10086878      0x124 .\CortexM4\ARM_GCC_541\Debug\cy_ble_hrs.o
 .text.Cy_BLE_HRS_EventHandler
                0x1008699c       0x40 .\CortexM4\ARM_GCC_541\Debug\cy_ble_hrs.o
 .text.Cy_BLE_Start
                0x100869dc       0x5c .\CortexM4\ARM_GCC_541\Debug\BLE.o
                0x100869dc                Cy_BLE_Start
 .text.memcmp   0x10086a38       0x1e d:/psoc_jingyi/psoc creator/4.4/psoc creator/import/gnu/arm/5.4.1/bin/../lib/gcc/arm-none-eabi/5.4.1/../../../../arm-none-eabi/lib/armv7e-m/softfp\libg_nano.a(lib_a-memcmp.o)
                0x10086a38                memcmp
 .text.memcpy   0x10086a56       0x16 d:/psoc_jingyi/psoc creator/4.4/psoc creator/import/gnu/arm/5.4.1/bin/../lib/gcc/arm-none-eabi/5.4.1/../../../../arm-none-eabi/lib/armv7e-m/softfp\libg_nano.a(lib_a-memcpy-stub.o)
                0x10086a56                memcpy
 .text.memset   0x10086a6c       0x10 d:/psoc_jingyi/psoc creator/4.4/psoc creator/import/gnu/arm/5.4.1/bin/../lib/gcc/arm-none-eabi/5.4.1/../../../../arm-none-eabi/lib/armv7e-m/softfp\libg_nano.a(lib_a-memset.o)
                0x10086a6c                memset
 .text.printf   0x10086a7c       0x30 d:/psoc_jingyi/psoc creator/4.4/psoc creator/import/gnu/arm/5.4.1/bin/../lib/gcc/arm-none-eabi/5.4.1/../../../../arm-none-eabi/lib/armv7e-m/softfp\libg_nano.a(lib_a-printf.o)
                0x10086a7c                iprintf
                0x10086a7c                printf
 .text._puts_r  0x10086aac       0xb4 d:/psoc_jingyi/psoc creator/4.4/psoc creator/import/gnu/arm/5.4.1/bin/../lib/gcc/arm-none-eabi/5.4.1/../../../../arm-none-eabi/lib/armv7e-m/softfp\libg_nano.a(lib_a-puts.o)
                0x10086aac                _puts_r
 .text.puts     0x10086b60       0x10 d:/psoc_jingyi/psoc creator/4.4/psoc creator/import/gnu/arm/5.4.1/bin/../lib/gcc/arm-none-eabi/5.4.1/../../../../arm-none-eabi/lib/armv7e-m/softfp\libg_nano.a(lib_a-puts.o)
                0x10086b60                puts
 .text.sprintf  0x10086b70       0x48 d:/psoc_jingyi/psoc creator/4.4/psoc creator/import/gnu/arm/5.4.1/bin/../lib/gcc/arm-none-eabi/5.4.1/../../../../arm-none-eabi/lib/armv7e-m/softfp\libg_nano.a(lib_a-sprintf.o)
                0x10086b70                siprintf
                0x10086b70                sprintf
 .text.strncpy  0x10086bb8       0x26 d:/psoc_jingyi/psoc creator/4.4/psoc creator/import/gnu/arm/5.4.1/bin/../lib/gcc/arm-none-eabi/5.4.1/../../../../arm-none-eabi/lib/armv7e-m/softfp\libg_nano.a(lib_a-strncpy.o)
                0x10086bb8                strncpy
 *fill*         0x10086bde        0x2 
 .text.__swbuf_r
                0x10086be0       0xa8 d:/psoc_jingyi/psoc creator/4.4/psoc creator/import/gnu/arm/5.4.1/bin/../lib/gcc/arm-none-eabi/5.4.1/../../../../arm-none-eabi/lib/armv7e-m/softfp\libg_nano.a(lib_a-wbuf.o)
                0x10086be0                __swbuf_r
 .text.__swsetup_r
                0x10086c88       0xdc d:/psoc_jingyi/psoc creator/4.4/psoc creator/import/gnu/arm/5.4.1/bin/../lib/gcc/arm-none-eabi/5.4.1/../../../../arm-none-eabi/lib/armv7e-m/softfp\libg_nano.a(lib_a-wsetup.o)
                0x10086c88                __swsetup_r
 .text.__sflush_r
                0x10086d64      0x110 d:/psoc_jingyi/psoc creator/4.4/psoc creator/import/gnu/arm/5.4.1/bin/../lib/gcc/arm-none-eabi/5.4.1/../../../../arm-none-eabi/lib/armv7e-m/softfp\libg_nano.a(lib_a-fflush.o)
                0x10086d64                __sflush_r
 .text._fflush_r
                0x10086e74       0x54 d:/psoc_jingyi/psoc creator/4.4/psoc creator/import/gnu/arm/5.4.1/bin/../lib/gcc/arm-none-eabi/5.4.1/../../../../arm-none-eabi/lib/armv7e-m/softfp\libg_nano.a(lib_a-fflush.o)
                0x10086e74                _fflush_r
 .text._cleanup_r
                0x10086ec8        0xc d:/psoc_jingyi/psoc creator/4.4/psoc creator/import/gnu/arm/5.4.1/bin/../lib/gcc/arm-none-eabi/5.4.1/../../../../arm-none-eabi/lib/armv7e-m/softfp\libg_nano.a(lib_a-findfp.o)
                0x10086ec8                _cleanup_r
 .text.std.isra.0
                0x10086ed4       0x48 d:/psoc_jingyi/psoc creator/4.4/psoc creator/import/gnu/arm/5.4.1/bin/../lib/gcc/arm-none-eabi/5.4.1/../../../../arm-none-eabi/lib/armv7e-m/softfp\libg_nano.a(lib_a-findfp.o)
 .text.__sfmoreglue
                0x10086f1c       0x2c d:/psoc_jingyi/psoc creator/4.4/psoc creator/import/gnu/arm/5.4.1/bin/../lib/gcc/arm-none-eabi/5.4.1/../../../../arm-none-eabi/lib/armv7e-m/softfp\libg_nano.a(lib_a-findfp.o)
                0x10086f1c                __sfmoreglue
 .text.__sinit  0x10086f48       0x60 d:/psoc_jingyi/psoc creator/4.4/psoc creator/import/gnu/arm/5.4.1/bin/../lib/gcc/arm-none-eabi/5.4.1/../../../../arm-none-eabi/lib/armv7e-m/softfp\libg_nano.a(lib_a-findfp.o)
                0x10086f48                __sinit
 .text.__sfp    0x10086fa8       0x78 d:/psoc_jingyi/psoc creator/4.4/psoc creator/import/gnu/arm/5.4.1/bin/../lib/gcc/arm-none-eabi/5.4.1/../../../../arm-none-eabi/lib/armv7e-m/softfp\libg_nano.a(lib_a-findfp.o)
                0x10086fa8                __sfp
 .text._fwalk_reent
                0x10087020       0x3c d:/psoc_jingyi/psoc creator/4.4/psoc creator/import/gnu/arm/5.4.1/bin/../lib/gcc/arm-none-eabi/5.4.1/../../../../arm-none-eabi/lib/armv7e-m/softfp\libg_nano.a(lib_a-fwalk.o)
                0x10087020                _fwalk_reent
 .text.__swhatbuf_r
                0x1008705c       0x46 d:/psoc_jingyi/psoc creator/4.4/psoc creator/import/gnu/arm/5.4.1/bin/../lib/gcc/arm-none-eabi/5.4.1/../../../../arm-none-eabi/lib/armv7e-m/softfp\libg_nano.a(lib_a-makebuf.o)
                0x1008705c                __swhatbuf_r
 *fill*         0x100870a2        0x2 
 .text.__smakebuf_r
                0x100870a4       0x78 d:/psoc_jingyi/psoc creator/4.4/psoc creator/import/gnu/arm/5.4.1/bin/../lib/gcc/arm-none-eabi/5.4.1/../../../../arm-none-eabi/lib/armv7e-m/softfp\libg_nano.a(lib_a-makebuf.o)
                0x100870a4                __smakebuf_r
 .text._free_r  0x1008711c       0x9c d:/psoc_jingyi/psoc creator/4.4/psoc creator/import/gnu/arm/5.4.1/bin/../lib/gcc/arm-none-eabi/5.4.1/../../../../arm-none-eabi/lib/armv7e-m/softfp\libg_nano.a(lib_a-nano-freer.o)
                0x1008711c                _free_r
 .text._malloc_r
                0x100871b8       0xbc d:/psoc_jingyi/psoc creator/4.4/psoc creator/import/gnu/arm/5.4.1/bin/../lib/gcc/arm-none-eabi/5.4.1/../../../../arm-none-eabi/lib/armv7e-m/softfp\libg_nano.a(lib_a-nano-mallocr.o)
                0x100871b8                _malloc_r
 .text.__ssputs_r
                0x10087274       0xb2 d:/psoc_jingyi/psoc creator/4.4/psoc creator/import/gnu/arm/5.4.1/bin/../lib/gcc/arm-none-eabi/5.4.1/../../../../arm-none-eabi/lib/armv7e-m/softfp\libg_nano.a(lib_a-nano-svfprintf.o)
                0x10087274                __ssputs_r
 *fill*         0x10087326        0x2 
 .text._svfprintf_r
                0x10087328      0x1e8 d:/psoc_jingyi/psoc creator/4.4/psoc creator/import/gnu/arm/5.4.1/bin/../lib/gcc/arm-none-eabi/5.4.1/../../../../arm-none-eabi/lib/armv7e-m/softfp\libg_nano.a(lib_a-nano-svfprintf.o)
                0x10087328                _svfiprintf_r
                0x10087328                _svfprintf_r
 .text.__sfputc_r
                0x10087510       0x30 d:/psoc_jingyi/psoc creator/4.4/psoc creator/import/gnu/arm/5.4.1/bin/../lib/gcc/arm-none-eabi/5.4.1/../../../../arm-none-eabi/lib/armv7e-m/softfp\libg_nano.a(lib_a-nano-vfprintf.o)
 .text.__sfputs_r
                0x10087540       0x24 d:/psoc_jingyi/psoc creator/4.4/psoc creator/import/gnu/arm/5.4.1/bin/../lib/gcc/arm-none-eabi/5.4.1/../../../../arm-none-eabi/lib/armv7e-m/softfp\libg_nano.a(lib_a-nano-vfprintf.o)
                0x10087540                __sfputs_r
 .text._vfprintf_r
                0x10087564      0x238 d:/psoc_jingyi/psoc creator/4.4/psoc creator/import/gnu/arm/5.4.1/bin/../lib/gcc/arm-none-eabi/5.4.1/../../../../arm-none-eabi/lib/armv7e-m/softfp\libg_nano.a(lib_a-nano-vfprintf.o)
                0x10087564                _vfprintf_r
                0x10087564                _vfiprintf_r
 .text._printf_common
                0x1008779c       0xec d:/psoc_jingyi/psoc creator/4.4/psoc creator/import/gnu/arm/5.4.1/bin/../lib/gcc/arm-none-eabi/5.4.1/../../../../arm-none-eabi/lib/armv7e-m/softfp\libg_nano.a(lib_a-nano-vfprintf_i.o)
                0x1008779c                _printf_common
 .text._printf_i
                0x10087888      0x24c d:/psoc_jingyi/psoc creator/4.4/psoc creator/import/gnu/arm/5.4.1/bin/../lib/gcc/arm-none-eabi/5.4.1/../../../../arm-none-eabi/lib/armv7e-m/softfp\libg_nano.a(lib_a-nano-vfprintf_i.o)
                0x10087888                _printf_i
 .text._sbrk_r  0x10087ad4       0x20 d:/psoc_jingyi/psoc creator/4.4/psoc creator/import/gnu/arm/5.4.1/bin/../lib/gcc/arm-none-eabi/5.4.1/../../../../arm-none-eabi/lib/armv7e-m/softfp\libg_nano.a(lib_a-sbrkr.o)
                0x10087ad4                _sbrk_r
 .text.__sread  0x10087af4       0x22 d:/psoc_jingyi/psoc creator/4.4/psoc creator/import/gnu/arm/5.4.1/bin/../lib/gcc/arm-none-eabi/5.4.1/../../../../arm-none-eabi/lib/armv7e-m/softfp\libg_nano.a(lib_a-stdio.o)
                0x10087af4                __sread
 .text.__swrite
                0x10087b16       0x38 d:/psoc_jingyi/psoc creator/4.4/psoc creator/import/gnu/arm/5.4.1/bin/../lib/gcc/arm-none-eabi/5.4.1/../../../../arm-none-eabi/lib/armv7e-m/softfp\libg_nano.a(lib_a-stdio.o)
                0x10087b16                __swrite
 .text.__sseek  0x10087b4e       0x24 d:/psoc_jingyi/psoc creator/4.4/psoc creator/import/gnu/arm/5.4.1/bin/../lib/gcc/arm-none-eabi/5.4.1/../../../../arm-none-eabi/lib/armv7e-m/softfp\libg_nano.a(lib_a-stdio.o)
                0x10087b4e                __sseek
 .text.__sclose
                0x10087b72        0x8 d:/psoc_jingyi/psoc creator/4.4/psoc creator/import/gnu/arm/5.4.1/bin/../lib/gcc/arm-none-eabi/5.4.1/../../../../arm-none-eabi/lib/armv7e-m/softfp\libg_nano.a(lib_a-stdio.o)
                0x10087b72                __sclose
 *fill*         0x10087b7a        0x2 
 .text._write_r
                0x10087b7c       0x24 d:/psoc_jingyi/psoc creator/4.4/psoc creator/import/gnu/arm/5.4.1/bin/../lib/gcc/arm-none-eabi/5.4.1/../../../../arm-none-eabi/lib/armv7e-m/softfp\libg_nano.a(lib_a-writer.o)
                0x10087b7c                _write_r
 .text._close_r
                0x10087ba0       0x20 d:/psoc_jingyi/psoc creator/4.4/psoc creator/import/gnu/arm/5.4.1/bin/../lib/gcc/arm-none-eabi/5.4.1/../../../../arm-none-eabi/lib/armv7e-m/softfp\libg_nano.a(lib_a-closer.o)
                0x10087ba0                _close_r
 .text._fstat_r
                0x10087bc0       0x24 d:/psoc_jingyi/psoc creator/4.4/psoc creator/import/gnu/arm/5.4.1/bin/../lib/gcc/arm-none-eabi/5.4.1/../../../../arm-none-eabi/lib/armv7e-m/softfp\libg_nano.a(lib_a-fstatr.o)
                0x10087bc0                _fstat_r
 .text._isatty_r
                0x10087be4       0x20 d:/psoc_jingyi/psoc creator/4.4/psoc creator/import/gnu/arm/5.4.1/bin/../lib/gcc/arm-none-eabi/5.4.1/../../../../arm-none-eabi/lib/armv7e-m/softfp\libg_nano.a(lib_a-isattyr.o)
                0x10087be4                _isatty_r
 .text._lseek_r
                0x10087c04       0x24 d:/psoc_jingyi/psoc creator/4.4/psoc creator/import/gnu/arm/5.4.1/bin/../lib/gcc/arm-none-eabi/5.4.1/../../../../arm-none-eabi/lib/armv7e-m/softfp\libg_nano.a(lib_a-lseekr.o)
                0x10087c04                _lseek_r
 *fill*         0x10087c28        0x8 
 .text          0x10087c30       0xa0 d:/psoc_jingyi/psoc creator/4.4/psoc creator/import/gnu/arm/5.4.1/bin/../lib/gcc/arm-none-eabi/5.4.1/../../../../arm-none-eabi/lib/armv7e-m/softfp\libg_nano.a(lib_a-memchr.o)
                0x10087c30                memchr
 .text.memmove  0x10087cd0       0x36 d:/psoc_jingyi/psoc creator/4.4/psoc creator/import/gnu/arm/5.4.1/bin/../lib/gcc/arm-none-eabi/5.4.1/../../../../arm-none-eabi/lib/armv7e-m/softfp\libg_nano.a(lib_a-memmove.o)
                0x10087cd0                memmove
 .text.__malloc_lock
                0x10087d06        0x2 d:/psoc_jingyi/psoc creator/4.4/psoc creator/import/gnu/arm/5.4.1/bin/../lib/gcc/arm-none-eabi/5.4.1/../../../../arm-none-eabi/lib/armv7e-m/softfp\libg_nano.a(lib_a-mlock.o)
                0x10087d06                __malloc_lock
 .text.__malloc_unlock
                0x10087d08        0x2 d:/psoc_jingyi/psoc creator/4.4/psoc creator/import/gnu/arm/5.4.1/bin/../lib/gcc/arm-none-eabi/5.4.1/../../../../arm-none-eabi/lib/armv7e-m/softfp\libg_nano.a(lib_a-mlock.o)
                0x10087d08                __malloc_unlock
 .text._realloc_r
                0x10087d0a       0x4c d:/psoc_jingyi/psoc creator/4.4/psoc creator/import/gnu/arm/5.4.1/bin/../lib/gcc/arm-none-eabi/5.4.1/../../../../arm-none-eabi/lib/armv7e-m/softfp\libg_nano.a(lib_a-nano-reallocr.o)
                0x10087d0a                _realloc_r
 *fill*         0x10087d56        0x2 
 .text._read_r  0x10087d58       0x24 d:/psoc_jingyi/psoc creator/4.4/psoc creator/import/gnu/arm/5.4.1/bin/../lib/gcc/arm-none-eabi/5.4.1/../../../../arm-none-eabi/lib/armv7e-m/softfp\libg_nano.a(lib_a-readr.o)
                0x10087d58                _read_r
 .text._malloc_usable_size_r
                0x10087d7c       0x14 d:/psoc_jingyi/psoc creator/4.4/psoc creator/import/gnu/arm/5.4.1/bin/../lib/gcc/arm-none-eabi/5.4.1/../../../../arm-none-eabi/lib/armv7e-m/softfp\libg_nano.a(lib_a-nano-msizer.o)
                0x10087d7c                _malloc_usable_size_r
 .text._close   0x10087d90       0x10 d:/psoc_jingyi/psoc creator/4.4/psoc creator/import/gnu/arm/5.4.1/bin/../lib/gcc/arm-none-eabi/5.4.1/../../../../arm-none-eabi/lib/armv7e-m/softfp\libnosys.a(close.o)
                0x10087d90                _close
 .text._fstat   0x10087da0       0x10 d:/psoc_jingyi/psoc creator/4.4/psoc creator/import/gnu/arm/5.4.1/bin/../lib/gcc/arm-none-eabi/5.4.1/../../../../arm-none-eabi/lib/armv7e-m/softfp\libnosys.a(fstat.o)
                0x10087da0                _fstat
 .text._isatty  0x10087db0       0x10 d:/psoc_jingyi/psoc creator/4.4/psoc creator/import/gnu/arm/5.4.1/bin/../lib/gcc/arm-none-eabi/5.4.1/../../../../arm-none-eabi/lib/armv7e-m/softfp\libnosys.a(isatty.o)
                0x10087db0                _isatty
 .text._lseek   0x10087dc0       0x10 d:/psoc_jingyi/psoc creator/4.4/psoc creator/import/gnu/arm/5.4.1/bin/../lib/gcc/arm-none-eabi/5.4.1/../../../../arm-none-eabi/lib/armv7e-m/softfp\libnosys.a(lseek.o)
                0x10087dc0                _lseek
 .text._read    0x10087dd0       0x10 d:/psoc_jingyi/psoc creator/4.4/psoc creator/import/gnu/arm/5.4.1/bin/../lib/gcc/arm-none-eabi/5.4.1/../../../../arm-none-eabi/lib/armv7e-m/softfp\libnosys.a(read.o)
                0x10087dd0                _read
 .text._sbrk    0x10087de0       0x1c d:/psoc_jingyi/psoc creator/4.4/psoc creator/import/gnu/arm/5.4.1/bin/../lib/gcc/arm-none-eabi/5.4.1/../../../../arm-none-eabi/lib/armv7e-m/softfp\libnosys.a(sbrk.o)
                0x10087de0                _sbrk
 .text._write   0x10087dfc       0x10 d:/psoc_jingyi/psoc creator/4.4/psoc creator/import/gnu/arm/5.4.1/bin/../lib/gcc/arm-none-eabi/5.4.1/../../../../arm-none-eabi/lib/armv7e-m/softfp\libnosys.a(write.o)
                0x10087dfc                _write
 *(.init)
 .init          0x10087e0c        0x4 d:/psoc_jingyi/psoc creator/4.4/psoc creator/import/gnu/arm/5.4.1/bin/../lib/gcc/arm-none-eabi/5.4.1/armv7e-m/softfp/crti.o
                0x10087e0c                _init
 .init          0x10087e10        0x8 d:/psoc_jingyi/psoc creator/4.4/psoc creator/import/gnu/arm/5.4.1/bin/../lib/gcc/arm-none-eabi/5.4.1/armv7e-m/softfp/crtn.o
 *(.fini)
 .fini          0x10087e18        0x4 d:/psoc_jingyi/psoc creator/4.4/psoc creator/import/gnu/arm/5.4.1/bin/../lib/gcc/arm-none-eabi/5.4.1/armv7e-m/softfp/crti.o
                0x10087e18                _fini
 .fini          0x10087e1c        0x8 d:/psoc_jingyi/psoc creator/4.4/psoc creator/import/gnu/arm/5.4.1/bin/../lib/gcc/arm-none-eabi/5.4.1/armv7e-m/softfp/crtn.o
 *crtbegin.o(.ctors)
 *crtbegin?.o(.ctors)
 *(EXCLUDE_FILE(*crtend.o *crtend?.o) .ctors)
 *(SORT(.ctors.*))
 *(.ctors)
 *crtbegin.o(.dtors)
 *crtbegin?.o(.dtors)
 *(EXCLUDE_FILE(*crtend.o *crtend?.o) .dtors)
 *(SORT(.dtors.*))
 *(.dtors)
 *(.rodata .rodata.* .constdata .constdata.* .conststring .conststring.*)
 .rodata        0x10087e24       0xb8 .\CortexM4\ARM_GCC_541\Debug\spo2_algorithm.o
                0x10087e24                uch_spo2_table
 .rodata        0x10087edc      0x261 .\CortexM4\ARM_GCC_541\Debug\main_cm4.o
 *fill*         0x1008813d        0x3 
 .rodata        0x10088140       0x34 .\CortexM4\ARM_GCC_541\Debug\system_psoc6_cm4.o
 .rodata        0x10088174       0x18 .\CortexM4\ARM_GCC_541\Debug\cyfitter_sysint_cfg.o
                0x10088174                Uart_Printf_SCB_IRQ_cfg
                0x1008817c                I2C_BUS_SCB_IRQ_cfg
                0x10088184                isr_1ms_cfg
 .rodata        0x1008818c       0x3f .\CortexM4\ARM_GCC_541\Debug\cy_flash.o
 *fill*         0x100881cb        0x1 
 .rodata        0x100881cc       0x7f .\CortexM4\ARM_GCC_541\Debug\cy_ipc_drv.o
 *fill*         0x1008824b        0x1 
 .rodata        0x1008824c       0x3f .\CortexM4\ARM_GCC_541\Debug\cy_ipc_sema.o
 *fill*         0x1008828b        0x1 
 .rodata        0x1008828c       0x80 .\CortexM4\ARM_GCC_541\Debug\cy_ipc_pipe.o
 .rodata        0x1008830c       0x41 .\CortexM4\ARM_GCC_541\Debug\cy_sysint.o
 *fill*         0x1008834d        0x3 
 .rodata        0x10088350      0x170 .\CortexM4\ARM_GCC_541\Debug\cy_device.o
                0x10088350                cy_deviceIpBlockCfgPSoC6_01
                0x10088408                cy_deviceIpBlockCfgPSoC6_02
 .rodata        0x100884c0       0xc3 .\CortexM4\ARM_GCC_541\Debug\cy_scb_i2c.o
 *fill*         0x10088583        0x1 
 .rodata        0x10088584       0xc4 .\CortexM4\ARM_GCC_541\Debug\cy_scb_uart.o
 .rodata        0x10088648       0x14 .\CortexM4\ARM_GCC_541\Debug\cy_ble.o
 .rodata        0x1008865c      0x13c .\CortexM4\ARM_GCC_541\Debug\cy_ble_hal_pvt.o
 .rodata        0x10088798       0x44 .\CortexM4\ARM_GCC_541\Debug\cy_ble_event_handler.o
 .rodata        0x100887dc       0x4c .\CortexM4\ARM_GCC_541\Debug\Timer.o
                0x100887dc                Timer_config
 .rodata        0x10088828       0x40 .\CortexM4\ARM_GCC_541\Debug\Uart_Printf.o
                0x10088828                Uart_Printf_config
 .rodata        0x10088868       0x14 .\CortexM4\ARM_GCC_541\Debug\I2C_BUS.o
                0x10088868                I2C_BUS_config
 .rodata        0x1008887c      0x42c .\CortexM4\ARM_GCC_541\Debug\BLE_config.o
 .rodata        0x10088ca8        0x8 .\CortexM4\ARM_GCC_541\Debug\BLE_custom_config.o
 .rodata        0x10088cb0        0x8 .\CortexM4\ARM_GCC_541\Debug\BLE_bas_config.o
 .rodata        0x10088cb8       0x14 .\CortexM4\ARM_GCC_541\Debug\BLE_dis_config.o
 .rodata        0x10088ccc        0xa .\CortexM4\ARM_GCC_541\Debug\BLE_hrs_config.o
 .constdata     0x10088cd6       0x18 Generated_Source\PSoC6\pdl\middleware\ble\lib\cy_ble_stack_gcc_host_ipc_cm4.a(BT_os.o)
                0x10088cd6                cyBleStackMemoryConfig
 *fill*         0x10088cee        0x2 
 .constdata     0x10088cf0       0x58 Generated_Source\PSoC6\pdl\middleware\ble\lib\cy_ble_stack_gcc_host_ipc_cm4.a(l2cap_init.o)
                0x10088cf0                l2cap_le_sig_handler
 .constdata     0x10088d48       0x3c Generated_Source\PSoC6\pdl\middleware\ble\lib\cy_ble_stack_gcc_host_ipc_cm4.a(fsm_engine_pl.o)
                0x10088d48                fsm_module_table
 .constdata     0x10088d84      0x110 Generated_Source\PSoC6\pdl\middleware\ble\lib\cy_ble_stack_gcc_host_ipc_cm4.a(gap_hci_iface.o)
                0x10088d84                hciCommandCompleteEventHandlers
 .constdata     0x10088e94       0x20 Generated_Source\PSoC6\pdl\middleware\ble\lib\cy_ble_stack_gcc_host_ipc_cm4.a(gap_privacy.o)
 .constdata     0x10088eb4       0x32 Generated_Source\PSoC6\pdl\middleware\ble\lib\cy_ble_stack_gcc_host_ipc_cm4.a(smp_core.o)
                0x10088eb4                smp_iocap_assoc_map
                0x10088ecd                smp_sc_iocap_assoc_map
 *fill*         0x10088ee6        0x2 
 .constdata     0x10088ee8        0xc Generated_Source\PSoC6\pdl\middleware\ble\lib\cy_ble_stack_gcc_host_ipc_cm4.a(smp_interface.o)
                0x10088ee8                smp_event_fp
 .constdata     0x10088ef4       0x22 Generated_Source\PSoC6\pdl\middleware\ble\lib\cy_ble_stack_gcc_host_ipc_cm4.a(smp_utils.o)
                0x10088ef4                smp_event_map
 *fill*         0x10088f16        0x2 
 .constdata     0x10088f18       0xb4 Generated_Source\PSoC6\pdl\middleware\ble\lib\cy_ble_stack_gcc_host_ipc_cm4.a(smp_fsm_table.o)
                0x10088f18                smp_state_event_table
 .constdata     0x10088fcc      0x110 Generated_Source\PSoC6\pdl\middleware\ble\lib\cy_ble_stack_gcc_host_ipc_cm4.a(smp_fsm_table.o)
                0x10088fcc                smp_event_handler_table
 .constdata     0x100890dc       0x20 Generated_Source\PSoC6\pdl\middleware\ble\lib\cy_ble_stack_gcc_host_ipc_cm4.a(aes_cmac.o)
                0x100890dc                cmac_zero_data
                0x100890ec                cmac_rb_data
 .constdata     0x100890fc       0x60 Generated_Source\PSoC6\pdl\middleware\ble\lib\cy_ble_stack_gcc_host_ipc_cm4.a(att_fsm_table.o)
                0x100890fc                att_state_event_table
 .constdata     0x1008915c       0x58 Generated_Source\PSoC6\pdl\middleware\ble\lib\cy_ble_stack_gcc_host_ipc_cm4.a(att_fsm_table.o)
                0x1008915c                att_event_handler_table
 .rodata.str1.1
                0x100891b4        0x2 d:/psoc_jingyi/psoc creator/4.4/psoc creator/import/gnu/arm/5.4.1/bin/../lib/gcc/arm-none-eabi/5.4.1/../../../../arm-none-eabi/lib/armv7e-m/softfp\libg_nano.a(lib_a-impure.o)
 *fill*         0x100891b6        0x2 
 .rodata._global_impure_ptr
                0x100891b8        0x4 d:/psoc_jingyi/psoc creator/4.4/psoc creator/import/gnu/arm/5.4.1/bin/../lib/gcc/arm-none-eabi/5.4.1/../../../../arm-none-eabi/lib/armv7e-m/softfp\libg_nano.a(lib_a-impure.o)
                0x100891b8                _global_impure_ptr
 .rodata.__sf_fake_stdin
                0x100891bc       0x20 d:/psoc_jingyi/psoc creator/4.4/psoc creator/import/gnu/arm/5.4.1/bin/../lib/gcc/arm-none-eabi/5.4.1/../../../../arm-none-eabi/lib/armv7e-m/softfp\libg_nano.a(lib_a-findfp.o)
                0x100891bc                __sf_fake_stdin
 .rodata.__sf_fake_stdout
                0x100891dc       0x20 d:/psoc_jingyi/psoc creator/4.4/psoc creator/import/gnu/arm/5.4.1/bin/../lib/gcc/arm-none-eabi/5.4.1/../../../../arm-none-eabi/lib/armv7e-m/softfp\libg_nano.a(lib_a-findfp.o)
                0x100891dc                __sf_fake_stdout
 .rodata.__sf_fake_stderr
                0x100891fc       0x20 d:/psoc_jingyi/psoc creator/4.4/psoc creator/import/gnu/arm/5.4.1/bin/../lib/gcc/arm-none-eabi/5.4.1/../../../../arm-none-eabi/lib/armv7e-m/softfp\libg_nano.a(lib_a-findfp.o)
                0x100891fc                __sf_fake_stderr
 .rodata.str1.1
                0x1008921c       0x11 d:/psoc_jingyi/psoc creator/4.4/psoc creator/import/gnu/arm/5.4.1/bin/../lib/gcc/arm-none-eabi/5.4.1/../../../../arm-none-eabi/lib/armv7e-m/softfp\libg_nano.a(lib_a-nano-svfprintf.o)
 .rodata.str1.1
                0x1008922d       0x11 d:/psoc_jingyi/psoc creator/4.4/psoc creator/import/gnu/arm/5.4.1/bin/../lib/gcc/arm-none-eabi/5.4.1/../../../../arm-none-eabi/lib/armv7e-m/softfp\libg_nano.a(lib_a-nano-vfprintf.o)
 .rodata.str1.1
                0x1008922d       0x22 d:/psoc_jingyi/psoc creator/4.4/psoc creator/import/gnu/arm/5.4.1/bin/../lib/gcc/arm-none-eabi/5.4.1/../../../../arm-none-eabi/lib/armv7e-m/softfp\libg_nano.a(lib_a-nano-vfprintf_i.o)
 *(.eh_frame*)
 *fill*         0x1008924f        0x1 
 .eh_frame      0x10089250        0x0 d:/psoc_jingyi/psoc creator/4.4/psoc creator/import/gnu/arm/5.4.1/bin/../lib/gcc/arm-none-eabi/5.4.1/armv7e-m/softfp/crtbegin.o
 .eh_frame      0x10089250        0x4 d:/psoc_jingyi/psoc creator/4.4/psoc creator/import/gnu/arm/5.4.1/bin/../lib/gcc/arm-none-eabi/5.4.1/armv7e-m/softfp/crtend.o

.glue_7         0x10089254        0x0
 .glue_7        0x10089254        0x0 linker stubs

.glue_7t        0x10089254        0x0
 .glue_7t       0x10089254        0x0 linker stubs

.vfp11_veneer   0x10089254        0x0
 .vfp11_veneer  0x10089254        0x0 linker stubs

.v4_bx          0x10089254        0x0
 .v4_bx         0x10089254        0x0 linker stubs

.iplt           0x10089254        0x0
 .iplt          0x10089254        0x0 d:/psoc_jingyi/psoc creator/4.4/psoc creator/import/gnu/arm/5.4.1/bin/../lib/gcc/arm-none-eabi/5.4.1/armv7e-m/softfp/crtbegin.o

i.CyBleStackMgr_Init
                0x10089254       0xdc
 i.CyBleStackMgr_Init
                0x10089254       0xdc Generated_Source\PSoC6\pdl\middleware\ble\lib\cy_ble_stack_gcc_host_ipc_cm4.a(CyBleStackMgrIP_Interface.o)
                0x10089254                CyBleStackMgr_Init

i.CyBleStackMgr_ProcessBleEvents
                0x10089330       0x14
 i.CyBleStackMgr_ProcessBleEvents
                0x10089330       0x14 Generated_Source\PSoC6\pdl\middleware\ble\lib\cy_ble_stack_gcc_host_ipc_cm4.a(CyBleStackMgrIP_Interface.o)
                0x10089330                CyBleStackMgr_ProcessBleEvents

i.CyBleStackMgr_Shutdown
                0x10089344       0x20
 i.CyBleStackMgr_Shutdown
                0x10089344       0x20 Generated_Source\PSoC6\pdl\middleware\ble\lib\cy_ble_stack_gcc_host_ipc_cm4.a(CyBleStackMgrIP_Interface.o)
                0x10089344                CyBleStackMgr_Shutdown

i.CyBle_GetHeapMemory
                0x10089364       0x3c
 i.CyBle_GetHeapMemory
                0x10089364       0x3c Generated_Source\PSoC6\pdl\middleware\ble\lib\cy_ble_stack_gcc_host_ipc_cm4.a(CyBleStackMgrIP_Interface.o)
                0x10089364                CyBle_GetHeapMemory

i.CyBle_GetNumAppBufferPools
                0x100893a0        0xc
 i.CyBle_GetNumAppBufferPools
                0x100893a0        0xc Generated_Source\PSoC6\pdl\middleware\ble\lib\cy_ble_stack_gcc_host_ipc_cm4.a(CyBleStackMgrIP_Interface.o)
                0x100893a0                CyBle_GetNumAppBufferPools

i.CyBle_HostStackBufferPoolInit
                0x100893ac       0xc4
 i.CyBle_HostStackBufferPoolInit
                0x100893ac       0xc4 Generated_Source\PSoC6\pdl\middleware\ble\lib\cy_ble_stack_gcc_host_ipc_cm4.a(CyBleStackMgrIP_Interface.o)

i.CyBle_SortBufers
                0x10089470       0x40
 i.CyBle_SortBufers
                0x10089470       0x40 Generated_Source\PSoC6\pdl\middleware\ble\lib\cy_ble_stack_gcc_host_ipc_cm4.a(CyBleStackMgrIP_Interface.o)
                0x10089470                CyBle_SortBufers

i.CyBle_StackGetConfigPtr
                0x100894b0        0x8
 i.CyBle_StackGetConfigPtr
                0x100894b0        0x8 Generated_Source\PSoC6\pdl\middleware\ble\lib\cy_ble_stack_gcc_host_ipc_cm4.a(CyBleStackMgrIP_Interface.o)
                0x100894b0                CyBle_StackGetConfigPtr

i.Cy_BLE_EnableDleFeature
                0x100894b8        0x4
 i.Cy_BLE_EnableDleFeature
                0x100894b8        0x4 Generated_Source\PSoC6\pdl\middleware\ble\lib\cy_ble_stack_gcc_host_ipc_cm4.a(CyBleStackMgrIP_Interface.o)
                0x100894b8                Cy_BLE_EnableDleFeature

i.Cy_BLE_EnablePhyUpdateFeature
                0x100894bc        0x4
 i.Cy_BLE_EnablePhyUpdateFeature
                0x100894bc        0x4 Generated_Source\PSoC6\pdl\middleware\ble\lib\cy_ble_stack_gcc_host_ipc_cm4.a(CyBleStackMgrIP_Interface.o)
                0x100894bc                Cy_BLE_EnablePhyUpdateFeature

i.Cy_BLE_ProcessEvents
                0x100894c0        0x4
 i.Cy_BLE_ProcessEvents
                0x100894c0        0x4 Generated_Source\PSoC6\pdl\middleware\ble\lib\cy_ble_stack_gcc_host_ipc_cm4.a(CyBleStackMgrIP_Interface.o)
                0x100894c0                Cy_BLE_ProcessEvents

i.Cy_BLE_StackGetFeatureConfig
                0x100894c4       0x20
 i.Cy_BLE_StackGetFeatureConfig
                0x100894c4       0x20 Generated_Source\PSoC6\pdl\middleware\ble\lib\cy_ble_stack_gcc_host_ipc_cm4.a(CyBleStackMgrIP_Interface.o)
                0x100894c4                Cy_BLE_StackGetFeatureConfig

i.Cy_BLE_StackInit
                0x100894e4       0x70
 i.Cy_BLE_StackInit
                0x100894e4       0x70 Generated_Source\PSoC6\pdl\middleware\ble\lib\cy_ble_stack_gcc_host_ipc_cm4.a(CyBleStackMgrIP_Interface.o)
                0x100894e4                Cy_BLE_StackInit

i.Cy_BLE_StackSetFeatureConfig
                0x10089554       0x54
 i.Cy_BLE_StackSetFeatureConfig
                0x10089554       0x54 Generated_Source\PSoC6\pdl\middleware\ble\lib\cy_ble_stack_gcc_host_ipc_cm4.a(CyBleStackMgrIP_Interface.o)
                0x10089554                Cy_BLE_StackSetFeatureConfig

i.ble_stack_idle_task_callback
                0x100895a8        0x2
 i.ble_stack_idle_task_callback
                0x100895a8        0x2 Generated_Source\PSoC6\pdl\middleware\ble\lib\cy_ble_stack_gcc_host_ipc_cm4.a(CyBleStackMgrIP_Interface.o)
                0x100895a8                ble_stack_idle_task_callback

i.BT_OSFreeBuf  0x100895ac       0x20
 i.BT_OSFreeBuf
                0x100895ac       0x20 Generated_Source\PSoC6\pdl\middleware\ble\lib\cy_ble_stack_gcc_host_ipc_cm4.a(BT_os.o)
                0x100895ac                BT_OSFreeBuf

i.BT_OSGetBuF   0x100895cc       0x30
 i.BT_OSGetBuF  0x100895cc       0x30 Generated_Source\PSoC6\pdl\middleware\ble\lib\cy_ble_stack_gcc_host_ipc_cm4.a(BT_os.o)
                0x100895cc                BT_OSGetBuF

i.BT_OSMemCreate
                0x100895fc       0x3c
 i.BT_OSMemCreate
                0x100895fc       0x3c Generated_Source\PSoC6\pdl\middleware\ble\lib\cy_ble_stack_gcc_host_ipc_cm4.a(BT_os.o)
                0x100895fc                BT_OSMemCreate

i.BT_alloc_mem_ext
                0x10089638       0x40
 i.BT_alloc_mem_ext
                0x10089638       0x40 Generated_Source\PSoC6\pdl\middleware\ble\lib\cy_ble_stack_gcc_host_ipc_cm4.a(BT_os.o)
                0x10089638                BT_alloc_mem_ext

i.BT_free_mem   0x10089678        0xa
 i.BT_free_mem  0x10089678        0xa Generated_Source\PSoC6\pdl\middleware\ble\lib\cy_ble_stack_gcc_host_ipc_cm4.a(BT_os.o)
                0x10089678                BT_free_mem

i.bt_stack_create_buffer_pool
                0x10089684       0x2c
 i.bt_stack_create_buffer_pool
                0x10089684       0x2c Generated_Source\PSoC6\pdl\middleware\ble\lib\cy_ble_stack_gcc_host_ipc_cm4.a(BT_os.o)
                0x10089684                bt_stack_create_buffer_pool

i.CyBle_CreateBleStackTask
                0x100896b0       0x30
 i.CyBle_CreateBleStackTask
                0x100896b0       0x30 Generated_Source\PSoC6\pdl\middleware\ble\lib\cy_ble_stack_gcc_host_ipc_cm4.a(CyBleStackMgr_StackTaskHandler.o)
                0x100896b0                CyBle_CreateBleStackTask

i.CyBle_SignalBleStackTask
                0x100896e0       0x38
 i.CyBle_SignalBleStackTask
                0x100896e0       0x38 Generated_Source\PSoC6\pdl\middleware\ble\lib\cy_ble_stack_gcc_host_ipc_cm4.a(CyBleStackMgr_StackTaskHandler.o)
                0x100896e0                CyBle_SignalBleStackTask

i.CyBle_StackTaskHandler
                0x10089718       0x74
 i.CyBle_StackTaskHandler
                0x10089718       0x74 Generated_Source\PSoC6\pdl\middleware\ble\lib\cy_ble_stack_gcc_host_ipc_cm4.a(CyBleStackMgr_StackTaskHandler.o)
                0x10089718                CyBle_StackTaskHandler

i.storage_bt_init_pl
                0x1008978c       0x8c
 i.storage_bt_init_pl
                0x1008978c       0x8c Generated_Source\PSoC6\pdl\middleware\ble\lib\cy_ble_stack_gcc_host_ipc_cm4.a(storage_pl.o)
                0x1008978c                storage_bt_init_pl

i.storage_bt_reset_offset
                0x10089818       0x3c
 i.storage_bt_reset_offset
                0x10089818       0x3c Generated_Source\PSoC6\pdl\middleware\ble\lib\cy_ble_stack_gcc_host_ipc_cm4.a(storage_pl.o)
                0x10089818                storage_bt_reset_offset

i.storage_manager_init
                0x10089854       0x58
 i.storage_manager_init
                0x10089854       0x58 Generated_Source\PSoC6\pdl\middleware\ble\lib\cy_ble_stack_gcc_host_ipc_cm4.a(storage_pl.o)
                0x10089854                storage_manager_init

i.storage_manager_register_module
                0x100898ac       0x68
 i.storage_manager_register_module
                0x100898ac       0x68 Generated_Source\PSoC6\pdl\middleware\ble\lib\cy_ble_stack_gcc_host_ipc_cm4.a(storage_pl.o)
                0x100898ac                storage_manager_register_module

i.storage_validate_init_params
                0x10089914       0x98
 i.storage_validate_init_params
                0x10089914       0x98 Generated_Source\PSoC6\pdl\middleware\ble\lib\cy_ble_stack_gcc_host_ipc_cm4.a(storage_pl.o)
                0x10089914                storage_validate_init_params

i.OS_init       0x100899ac       0x64
 i.OS_init      0x100899ac       0x64 Generated_Source\PSoC6\pdl\middleware\ble\lib\cy_ble_stack_gcc_host_ipc_cm4.a(mint_os.o)
                0x100899ac                OS_init

i.OS_shutdown   0x10089a10        0x4
 i.OS_shutdown  0x10089a10        0x4 Generated_Source\PSoC6\pdl\middleware\ble\lib\cy_ble_stack_gcc_host_ipc_cm4.a(mint_os.o)
                0x10089a10                OS_shutdown

i.mintos_malloc
                0x10089a14       0x34
 i.mintos_malloc
                0x10089a14       0x34 Generated_Source\PSoC6\pdl\middleware\ble\lib\cy_ble_stack_gcc_host_ipc_cm4.a(mint_os.o)
                0x10089a14                mintos_malloc

i.OS_create_queue
                0x10089a48       0x74
 i.OS_create_queue
                0x10089a48       0x74 Generated_Source\PSoC6\pdl\middleware\ble\lib\cy_ble_stack_gcc_host_ipc_cm4.a(mint_os_queue.o)
                0x10089a48                OS_create_queue

i.OS_enqueue_item
                0x10089abc       0x9c
 i.OS_enqueue_item
                0x10089abc       0x9c Generated_Source\PSoC6\pdl\middleware\ble\lib\cy_ble_stack_gcc_host_ipc_cm4.a(mint_os_queue.o)
                0x10089abc                OS_enqueue_item

i.OS_queue_get_num_of_items
                0x10089b58       0x2c
 i.OS_queue_get_num_of_items
                0x10089b58       0x2c Generated_Source\PSoC6\pdl\middleware\ble\lib\cy_ble_stack_gcc_host_ipc_cm4.a(mint_os_queue.o)
                0x10089b58                OS_queue_get_num_of_items

i.OS_queue_mgmt_init
                0x10089b84       0x58
 i.OS_queue_mgmt_init
                0x10089b84       0x58 Generated_Source\PSoC6\pdl\middleware\ble\lib\cy_ble_stack_gcc_host_ipc_cm4.a(mint_os_queue.o)
                0x10089b84                OS_queue_mgmt_init

i.OS_remove_item
                0x10089bdc       0xb8
 i.OS_remove_item
                0x10089bdc       0xb8 Generated_Source\PSoC6\pdl\middleware\ble\lib\cy_ble_stack_gcc_host_ipc_cm4.a(mint_os_queue.o)
                0x10089bdc                OS_remove_item

i.OS_create_task
                0x10089c94       0x88
 i.OS_create_task
                0x10089c94       0x88 Generated_Source\PSoC6\pdl\middleware\ble\lib\cy_ble_stack_gcc_host_ipc_cm4.a(mint_os_task.o)
                0x10089c94                OS_create_task

i.OS_scheduler  0x10089d1c       0x64
 i.OS_scheduler
                0x10089d1c       0x64 Generated_Source\PSoC6\pdl\middleware\ble\lib\cy_ble_stack_gcc_host_ipc_cm4.a(mint_os_task.o)
                0x10089d1c                OS_scheduler

i.OS_send_signal_to_task
                0x10089d80        0xc
 i.OS_send_signal_to_task
                0x10089d80        0xc Generated_Source\PSoC6\pdl\middleware\ble\lib\cy_ble_stack_gcc_host_ipc_cm4.a(mint_os_task.o)
                0x10089d80                OS_send_signal_to_task

i.OS_send_signal_to_task_context
                0x10089d8c       0x3c
 i.OS_send_signal_to_task_context
                0x10089d8c       0x3c Generated_Source\PSoC6\pdl\middleware\ble\lib\cy_ble_stack_gcc_host_ipc_cm4.a(mint_os_task.o)

i.OS_task_mgmt_init
                0x10089dc8       0x60
 i.OS_task_mgmt_init
                0x10089dc8       0x60 Generated_Source\PSoC6\pdl\middleware\ble\lib\cy_ble_stack_gcc_host_ipc_cm4.a(mint_os_task.o)
                0x10089dc8                OS_task_mgmt_init

i.mint_buf_mgmt_allocate_buffer
                0x10089e28       0x54
 i.mint_buf_mgmt_allocate_buffer
                0x10089e28       0x54 Generated_Source\PSoC6\pdl\middleware\ble\lib\cy_ble_stack_gcc_host_ipc_cm4.a(mint_buf_mgmt.o)
                0x10089e28                mint_buf_mgmt_allocate_buffer

i.mint_buf_mgmt_create_pool
                0x10089e7c       0xd4
 i.mint_buf_mgmt_create_pool
                0x10089e7c       0xd4 Generated_Source\PSoC6\pdl\middleware\ble\lib\cy_ble_stack_gcc_host_ipc_cm4.a(mint_buf_mgmt.o)
                0x10089e7c                mint_buf_mgmt_create_pool

i.mint_buf_mgmt_free_buffer
                0x10089f50       0xac
 i.mint_buf_mgmt_free_buffer
                0x10089f50       0xac Generated_Source\PSoC6\pdl\middleware\ble\lib\cy_ble_stack_gcc_host_ipc_cm4.a(mint_buf_mgmt.o)
                0x10089f50                mint_buf_mgmt_free_buffer

i.mint_buf_mgmt_init
                0x10089ffc       0x5c
 i.mint_buf_mgmt_init
                0x10089ffc       0x5c Generated_Source\PSoC6\pdl\middleware\ble\lib\cy_ble_stack_gcc_host_ipc_cm4.a(mint_buf_mgmt.o)
                0x10089ffc                mint_buf_mgmt_init

i.mint_buf_mgmt_malloc
                0x1008a058       0x28
 i.mint_buf_mgmt_malloc
                0x1008a058       0x28 Generated_Source\PSoC6\pdl\middleware\ble\lib\cy_ble_stack_gcc_host_ipc_cm4.a(mint_buf_mgmt.o)
                0x1008a058                mint_buf_mgmt_malloc

i.mint_buf_mgmt_pl_init
                0x1008a080       0x44
 i.mint_buf_mgmt_pl_init
                0x1008a080       0x44 Generated_Source\PSoC6\pdl\middleware\ble\lib\cy_ble_stack_gcc_host_ipc_cm4.a(mint_buf_mgmt.o)
                0x1008a080                mint_buf_mgmt_pl_init

i.mint_buf_mgmt_stack_init
                0x1008a0c4       0x22
 i.mint_buf_mgmt_stack_init
                0x1008a0c4       0x22 Generated_Source\PSoC6\pdl\middleware\ble\lib\cy_ble_stack_gcc_host_ipc_cm4.a(mint_buf_mgmt.o)
                0x1008a0c4                mint_buf_mgmt_stack_init

i.mint_buf_mgmt_stack_pop
                0x1008a0e6       0x34
 i.mint_buf_mgmt_stack_pop
                0x1008a0e6       0x34 Generated_Source\PSoC6\pdl\middleware\ble\lib\cy_ble_stack_gcc_host_ipc_cm4.a(mint_buf_mgmt.o)
                0x1008a0e6                mint_buf_mgmt_stack_pop

i.mint_buf_mgmt_stack_push
                0x1008a11a       0x34
 i.mint_buf_mgmt_stack_push
                0x1008a11a       0x34 Generated_Source\PSoC6\pdl\middleware\ble\lib\cy_ble_stack_gcc_host_ipc_cm4.a(mint_buf_mgmt.o)
                0x1008a11a                mint_buf_mgmt_stack_push

i.mint_buf_mgmt_stack_search_item
                0x1008a14e       0x2e
 i.mint_buf_mgmt_stack_search_item
                0x1008a14e       0x2e Generated_Source\PSoC6\pdl\middleware\ble\lib\cy_ble_stack_gcc_host_ipc_cm4.a(mint_buf_mgmt.o)
                0x1008a14e                mint_buf_mgmt_stack_search_item

i.CyBleHost_HciIpcFreePktBuffer
                0x1008a17c       0x2e
 i.CyBleHost_HciIpcFreePktBuffer
                0x1008a17c       0x2e Generated_Source\PSoC6\pdl\middleware\ble\lib\cy_ble_stack_gcc_host_ipc_cm4.a(transport_ipc.o)
                0x1008a17c                CyBleHost_HciIpcFreePktBuffer
